 DBCSR| CPU Multiplication driver                                           XSMM
 DBCSR| Multrec recursion limit                                              512
 DBCSR| Multiplication stack size                                           1000
 DBCSR| Maximum elements for images                                    UNLIMITED
 DBCSR| Multiplicative factor virtual images                                   1
 DBCSR| Use multiplication densification                                       T
 DBCSR| Multiplication size stacks                                             3
 DBCSR| Number of 3D layers                                               SINGLE
 DBCSR| Use MPI memory allocation                                              T
 DBCSR| Use RMA algorithm                                                      F
 DBCSR| Use Communication thread                                               T
 DBCSR| Communication thread load                                             87


  **** **** ******  **  PROGRAM STARTED AT               2021-05-04 20:32:48.373
 ***** ** ***  *** **   PROGRAM STARTED ON           nano04.int-nano.int.kit.edu
 **    ****   ******    PROGRAM STARTED BY                                bh5670
 ***** **    ** ** **   PROGRAM PROCESS ID                                 28914
  **** **  *******  **  PROGRAM STARTED IN            /scratch/bh5670/sim/104557

 CP2K| version string:                                          CP2K version 7.1
 CP2K| source code revision number:                                  git:e635599
 CP2K| cp2kflags: libint fftw3 libxc elpa parallel mpi3 scalapack xsmm spglib   
 CP2K| is freely available from                            https://www.cp2k.org/
 CP2K| Program compiled at                          Fr 26. Feb 13:01:05 CET 2021
 CP2K| Program compiled on                                              int-nano
 CP2K| Program compiled for                                                local
 CP2K| Data directory path                    /home/ws/bh5670/cp2k/cp2k-7.1/data
 CP2K| Input file name                                                diag_3.inp

 GLOBAL| Force Environment number                                              1
 GLOBAL| Basis set file name                                 BASIS_CC_AUG_RI_NEW
 GLOBAL| Potential file name                                           POTENTIAL
 GLOBAL| MM Potential file name                                     MM_POTENTIAL
 GLOBAL| Coordinate file name                               dsgdb9nsd_104557.xyz
 GLOBAL| Method name                                                        CP2K
 GLOBAL| Project name                                                          3
 GLOBAL| Preferred FFT library                                             FFTW3
 GLOBAL| Preferred diagonalization lib.                                     ELPA
 GLOBAL| Run type                                                         ENERGY
 GLOBAL| All-to-all communication in single precision                          F
 GLOBAL| FFTs using library dependent lengths                                  T
 GLOBAL| Global print level                                                  LOW
 GLOBAL| MPI I/O enabled                                                       T
 GLOBAL| Total number of message passing processes                            16
 GLOBAL| Number of threads for this process                                    1
 GLOBAL| This output is from process                                           0
 GLOBAL| CPU model name                          AMD EPYC 7702 64-Core Processor
 GLOBAL| CPUID                                                              1002

 MEMORY| system memory details [Kb]
 MEMORY|                        rank 0           min           max       average
 MEMORY| MemTotal            264028732     264028732     264028732     264028732
 MEMORY| MemFree             252920708     252920708     252920708     252920708
 MEMORY| Buffers                296464        296464        296464        296464
 MEMORY| Cached                1990708       1990708       1990708       1990708
 MEMORY| Slab                  2791324       2791324       2791324       2791324
 MEMORY| SReclaimable           350924        350924        350924        350924
 MEMORY| MemLikelyFree       255558804     255558804     255558804     255558804


 GENERATE|  Preliminary Number of Bonds generated:                             0
 GENERATE|  Achieved consistency in connectivity generation.

 *******************************************************************************
 *******************************************************************************
 **                                                                           **
 **     #####                         ##              ##                      **
 **    ##   ##            ##          ##              ##                      **
 **   ##     ##                       ##            ######                    **
 **   ##     ##  ##   ##  ##   #####  ##  ##   ####   ##    #####    #####    **
 **   ##     ##  ##   ##  ##  ##      ## ##   ##      ##   ##   ##  ##   ##   **
 **   ##  ## ##  ##   ##  ##  ##      ####     ###    ##   ######   ######    **
 **    ##  ###   ##   ##  ##  ##      ## ##      ##   ##   ##       ##        **
 **     #######   #####   ##   #####  ##  ##  ####    ##    #####   ##        **
 **           ##                                                    ##        **
 **                                                                           **
 **                                                ... make the atoms dance   **
 **                                                                           **
 **            Copyright (C) by CP2K developers group (2000 - 2019)           **
 **                                                                           **
 *******************************************************************************

 *** WARNING in qs_environment.F:1310 :: More added MOs requested than ***
 *** available. The full set of unoccupied MOs will be used.           ***



 TOTAL NUMBERS AND MAXIMUM NUMBERS

  Total number of            - Atomic kinds:                                   4
                             - Atoms:                                         15
                             - Shell sets:                                   108
                             - Shells:                                       180
                             - Primitive Cartesian functions:                264
                             - Cartesian basis functions:                    645
                             - Spherical basis functions:                    552

  Maximum angular momentum of the orbital basis functions:                     3


 SCF PARAMETERS         Density guess:                                   RESTART
                        --------------------------------------------------------
                        max_scf:                                             200
                        max_scf_history:                                       0
                        max_diis:                                              4
                        --------------------------------------------------------
                        eps_scf:                                        1.00E-06
                        eps_scf_history:                                0.00E+00
                        eps_diis:                                       1.00E-01
                        eps_eigval:                                     1.00E-05
                        --------------------------------------------------------
                        level_shift [a.u.]:                                 0.00
                        added MOs                                       519    0
                        --------------------------------------------------------
                        Mixing method:                            BROYDEN_MIXING
                                                charge density mixing in g-space
                        --------------------------------------------------------
                        No outer SCF
 
 RI-RPA| using GPW style
 

 Number of electrons:                                                         66
 Number of occupied orbitals:                                                 33
 Number of molecular orbitals:                                               552

 Number of orbital functions:                                                552
 Number of independent orbital functions:                                    552

 Extrapolation method: initial_guess


 SCF WAVEFUNCTION OPTIMIZATION

  Step     Update method      Time    Convergence         Total energy    Change
  ------------------------------------------------------------------------------
     1 NoMix/Diag. 0.20E+00    3.8  1045.72715640      -425.4846206512 -4.25E+02
     2 Broy./Diag. 0.20E+00    3.8   578.46017570      -426.5104883581 -1.03E+00
     3 Broy./Diag. 0.20E+00    3.9   526.62868170      -425.6191632836  8.91E-01
     4 Broy./Diag. 0.20E+00    3.9   128.64332187      -425.1305151403  4.89E-01
     5 Broy./Diag. 0.20E+00    3.9   456.82722829      -425.4791600773 -3.49E-01
     6 Broy./Diag. 0.20E+00    4.0   573.52643119      -426.0188159126 -5.40E-01
     7 Broy./Diag. 0.20E+00    4.1    28.15280491      -425.3584590350  6.60E-01
     8 Broy./Diag. 0.20E+00    4.1   173.98820277      -425.4344024752 -7.59E-02
     9 Broy./Diag. 0.20E+00    4.2   116.12322469      -425.6613196463 -2.27E-01
    10 Broy./Diag. 0.20E+00    4.3    56.42968151      -425.5228169234  1.39E-01
    11 Broy./Diag. 0.20E+00    4.3    26.45338311      -425.4654000477  5.74E-02
    12 Broy./Diag. 0.20E+00    4.3    37.42451897      -425.4490962928  1.63E-02
    13 Broy./Diag. 0.20E+00    4.3    21.31721040      -425.4136263617  3.55E-02
    14 Broy./Diag. 0.20E+00    4.3    55.04083380      -425.4416174331 -2.80E-02
    15 Broy./Diag. 0.20E+00    4.3     5.31226986      -425.5068716195 -6.53E-02
    16 Broy./Diag. 0.20E+00    4.3     5.64095360      -425.5005489064  6.32E-03
    17 Broy./Diag. 0.20E+00    4.3    23.53157968      -425.4899568748  1.06E-02
    18 Broy./Diag. 0.20E+00    4.3     5.71612780      -425.5074985517 -1.75E-02
    19 Broy./Diag. 0.20E+00    4.3    12.63474788      -425.4998395069  7.66E-03
    20 Broy./Diag. 0.20E+00    4.3     4.27417495      -425.4829873332  1.69E-02
    21 Broy./Diag. 0.20E+00    4.3    20.34222088      -425.4944444984 -1.15E-02
    22 Broy./Diag. 0.20E+00    4.3     2.92664414      -425.5160324858 -2.16E-02
    23 Broy./Diag. 0.20E+00    4.3     5.49291064      -425.5122390227  3.79E-03
    24 Broy./Diag. 0.20E+00    4.3     1.70885313      -425.5045326611  7.71E-03
    25 Broy./Diag. 0.20E+00    4.3     3.69376947      -425.5063045921 -1.77E-03
    26 Broy./Diag. 0.20E+00    4.3     9.24150194      -425.5079986782 -1.69E-03
    27 Broy./Diag. 0.20E+00    4.3     1.22320856      -425.5009090961  7.09E-03
    28 Broy./Diag. 0.20E+00    4.3     1.44294838      -425.4977686683  3.14E-03
    29 Broy./Diag. 0.20E+00    4.3     0.92915297      -425.5004585330 -2.69E-03
    30 Broy./Diag. 0.20E+00    4.3     5.77863498      -425.5004830162 -2.45E-05
    31 Broy./Diag. 0.20E+00    4.3     1.15813012      -425.4958543223  4.63E-03
    32 Broy./Diag. 0.20E+00    4.4     3.41728699      -425.4959320605 -7.77E-05
    33 Broy./Diag. 0.20E+00    4.4     0.34780236      -425.4943871064  1.54E-03
    34 Broy./Diag. 0.20E+00    4.4     3.77733490      -425.4957585146 -1.37E-03
    35 Broy./Diag. 0.20E+00    4.4     0.67214731      -425.4985454753 -2.79E-03
    36 Broy./Diag. 0.20E+00    4.4     1.96359351      -425.4981020391  4.43E-04
    37 Broy./Diag. 0.20E+00    4.4     4.36320019      -425.4989323371 -8.30E-04
    38 Broy./Diag. 0.20E+00    4.4     7.55383670      -425.4977627997  1.17E-03
    39 Broy./Diag. 0.20E+00    4.4     4.73545497      -425.5023309269 -4.57E-03
    40 Broy./Diag. 0.20E+00    4.4     1.45711667      -425.5007797251  1.55E-03
    41 Broy./Diag. 0.20E+00    4.4     2.62141791      -425.4982031170  2.58E-03
    42 Broy./Diag. 0.20E+00    4.4     2.76026718      -425.4994267158 -1.22E-03
    43 Broy./Diag. 0.20E+00    4.4     3.29530935      -425.4994327708 -6.06E-06
    44 Broy./Diag. 0.20E+00    4.4     1.80397502      -425.4982583345  1.17E-03
    45 Broy./Diag. 0.20E+00    4.4     0.46188639      -425.4983416738 -8.33E-05
    46 Broy./Diag. 0.20E+00    4.4     2.34276217      -425.4985446257 -2.03E-04
    47 Broy./Diag. 0.20E+00    4.4     0.32370588      -425.4978216808  7.23E-04
    48 Broy./Diag. 0.20E+00    4.4     0.80262599      -425.4974291264  3.93E-04
    49 Broy./Diag. 0.20E+00    4.4     2.09679448      -425.4984180883 -9.89E-04
    50 Broy./Diag. 0.20E+00    4.4     2.18918365      -425.4987458875 -3.28E-04
    51 Broy./Diag. 0.20E+00    4.4     1.40501126      -425.4980553197  6.91E-04
    52 Broy./Diag. 0.20E+00    4.4     0.95226605      -425.4978530956  2.02E-04
    53 Broy./Diag. 0.20E+00    4.4     2.29204790      -425.4991000015 -1.25E-03
    54 Broy./Diag. 0.20E+00    4.4     0.53237800      -425.4982973009  8.03E-04
    55 Broy./Diag. 0.20E+00    4.4     1.75937060      -425.4993185529 -1.02E-03
    56 Broy./Diag. 0.20E+00    4.4     1.27746968      -425.4987795233  5.39E-04
    57 Broy./Diag. 0.20E+00    4.4     3.50703055      -425.4997009190 -9.21E-04
    58 Broy./Diag. 0.20E+00    4.4     3.70536238      -425.4981135225  1.59E-03
    59 Broy./Diag. 0.20E+00    4.4     1.24034095      -425.4991337596 -1.02E-03
    60 Broy./Diag. 0.20E+00    4.4     2.57285932      -425.4994615138 -3.28E-04
    61 Broy./Diag. 0.20E+00    4.4     4.84479290      -425.4987966312  6.65E-04
    62 Broy./Diag. 0.20E+00    4.4     1.81663392      -425.4997418894 -9.45E-04
    63 Broy./Diag. 0.20E+00    4.4     1.45592789      -425.5001078028 -3.66E-04
    64 Broy./Diag. 0.20E+00    4.4     3.77092699      -425.4979490863  2.16E-03
    65 Broy./Diag. 0.20E+00    4.4     3.44651554      -425.5002347851 -2.29E-03
    66 Broy./Diag. 0.20E+00    4.4     0.36900816      -425.4990967559  1.14E-03
    67 Broy./Diag. 0.20E+00    4.4     0.38126386      -425.4981097393  9.87E-04
    68 Broy./Diag. 0.20E+00    4.4     1.69709907      -425.4996722072 -1.56E-03
    69 Broy./Diag. 0.20E+00    4.4     1.88792513      -425.5001401694 -4.68E-04
    70 Broy./Diag. 0.20E+00    4.4     0.77763930      -425.4982628512  1.88E-03
    71 Broy./Diag. 0.20E+00    4.4     0.46147165      -425.4988541855 -5.91E-04
    72 Broy./Diag. 0.20E+00    4.4     0.72502707      -425.4996059429 -7.52E-04
    73 Broy./Diag. 0.20E+00    4.4     0.23298617      -425.4982669959  1.34E-03
    74 Broy./Diag. 0.20E+00    4.4     0.61671859      -425.4982375766  2.94E-05
    75 Broy./Diag. 0.20E+00    4.4     1.77637960      -425.4989557976 -7.18E-04
    76 Broy./Diag. 0.20E+00    4.4     1.04928264      -425.4979524142  1.00E-03
    77 Broy./Diag. 0.20E+00    4.4     1.25728099      -425.4988020006 -8.50E-04
    78 Broy./Diag. 0.20E+00    4.4     1.58368551      -425.4975026572  1.30E-03
    79 Broy./Diag. 0.20E+00    4.4     0.54522743      -425.4979710370 -4.68E-04
    80 Broy./Diag. 0.20E+00    4.4     0.25760214      -425.4976086889  3.62E-04
    81 Broy./Diag. 0.20E+00    4.4     0.38925234      -425.4980149710 -4.06E-04
    82 Broy./Diag. 0.20E+00    4.4     3.13840852      -425.4976237887  3.91E-04
    83 Broy./Diag. 0.20E+00    4.4     0.50231650      -425.4988003798 -1.18E-03
    84 Broy./Diag. 0.20E+00    4.4     0.32462397      -425.5000220484 -1.22E-03
    85 Broy./Diag. 0.20E+00    4.4     2.70974764      -425.4992234083  7.99E-04
    86 Broy./Diag. 0.20E+00    4.4     0.79564000      -425.5001225282 -8.99E-04
    87 Broy./Diag. 0.20E+00    4.4     0.72602211      -425.4992312594  8.91E-04
    88 Broy./Diag. 0.20E+00    4.4     1.29445734      -425.4990535493  1.78E-04
    89 Broy./Diag. 0.20E+00    4.4     5.76087207      -425.4992814063 -2.28E-04
    90 Broy./Diag. 0.20E+00    4.4     5.86879700      -425.5018742752 -2.59E-03
    91 Broy./Diag. 0.20E+00    4.4     0.98761143      -425.4996133737  2.26E-03
    92 Broy./Diag. 0.20E+00    4.4     2.80495433      -425.4988657182  7.48E-04
    93 Broy./Diag. 0.20E+00    4.4     2.36177317      -425.4987839710  8.17E-05
    94 Broy./Diag. 0.20E+00    4.4     0.71754433      -425.4990716563 -2.88E-04
    95 Broy./Diag. 0.20E+00    4.4     2.30711954      -425.4992851810 -2.14E-04
    96 Broy./Diag. 0.20E+00    4.4     2.67142036      -425.4987463997  5.39E-04
    97 Broy./Diag. 0.20E+00    4.4     4.37943593      -425.4977162637  1.03E-03
    98 Broy./Diag. 0.20E+00    4.4     5.60853877      -425.4996168034 -1.90E-03
    99 Broy./Diag. 0.20E+00    4.4     1.78488899      -425.4978852314  1.73E-03
   100 Broy./Diag. 0.20E+00    4.4     0.55590920      -425.4975042185  3.81E-04
   101 Broy./Diag. 0.20E+00    4.4     1.73148688      -425.4987900261 -1.29E-03
   102 Broy./Diag. 0.20E+00    4.4     4.76165648      -425.4989818825 -1.92E-04
   103 Broy./Diag. 0.20E+00    4.4     1.18119940      -425.4979795814  1.00E-03
   104 Broy./Diag. 0.20E+00    4.4     1.89448006      -425.4985244284 -5.45E-04
   105 Broy./Diag. 0.20E+00    4.4     1.36106725      -425.4986919204 -1.67E-04
   106 Broy./Diag. 0.20E+00    4.4     0.67144150      -425.4989155449 -2.24E-04
   107 Broy./Diag. 0.20E+00    4.4     0.37507730      -425.4983355401  5.80E-04
   108 Broy./Diag. 0.20E+00    4.4     2.02854552      -425.4986258203 -2.90E-04
   109 Broy./Diag. 0.20E+00    4.4     2.70789783      -425.4995834911 -9.58E-04
   110 Broy./Diag. 0.20E+00    4.4     2.53070289      -425.4981222576  1.46E-03
   111 Broy./Diag. 0.20E+00    4.4     3.19783038      -425.4997230198 -1.60E-03
   112 Broy./Diag. 0.20E+00    4.4     1.72769355      -425.5009572329 -1.23E-03
   113 Broy./Diag. 0.20E+00    4.4     1.40255886      -425.4998220635  1.14E-03
   114 Broy./Diag. 0.20E+00    4.4     1.24922595      -425.4987505591  1.07E-03
   115 Broy./Diag. 0.20E+00    4.4     0.30562828      -425.4986707102  7.98E-05
   116 Broy./Diag. 0.20E+00    4.4     3.77388040      -425.4992597598 -5.89E-04
   117 Broy./Diag. 0.20E+00    4.4     3.61849386      -425.4996227530 -3.63E-04
   118 Broy./Diag. 0.20E+00    4.4     0.81588528      -425.4980326239  1.59E-03
   119 Broy./Diag. 0.20E+00    4.4     0.65073688      -425.4991072830 -1.07E-03
   120 Broy./Diag. 0.20E+00    4.4     2.31592596      -425.4996418343 -5.35E-04
   121 Broy./Diag. 0.20E+00    4.4     5.19120176      -425.4987447140  8.97E-04
   122 Broy./Diag. 0.20E+00    4.4     5.73696569      -425.5002851138 -1.54E-03
   123 Broy./Diag. 0.20E+00    4.4     3.41776359      -425.4984874708  1.80E-03
   124 Broy./Diag. 0.20E+00    4.4     1.77314461      -425.4991949086 -7.07E-04
   125 Broy./Diag. 0.20E+00    4.4     1.85530409      -425.5000614813 -8.67E-04
   126 Broy./Diag. 0.20E+00    4.4     1.28811740      -425.4999550800  1.06E-04
   127 Broy./Diag. 0.20E+00    4.4     1.21545460      -425.4989608187  9.94E-04
   128 Broy./Diag. 0.20E+00    4.4     0.10807776      -425.4977770610  1.18E-03
   129 Broy./Diag. 0.20E+00    4.4     1.87986799      -425.4983139604 -5.37E-04
   130 Broy./Diag. 0.20E+00    4.4     0.33204498      -425.4981383060  1.76E-04
   131 Broy./Diag. 0.20E+00    4.4     0.58243730      -425.4973935475  7.45E-04
   132 Broy./Diag. 0.20E+00    4.4     1.11081466      -425.4976132359 -2.20E-04
   133 Broy./Diag. 0.20E+00    4.4     0.61308437      -425.4977881321 -1.75E-04
   134 Broy./Diag. 0.20E+00    4.4     4.08165400      -425.4978205472 -3.24E-05
   135 Broy./Diag. 0.20E+00    4.4     1.63054720      -425.4996770695 -1.86E-03
   136 Broy./Diag. 0.20E+00    4.4     0.53097130      -425.4984901527  1.19E-03
   137 Broy./Diag. 0.20E+00    4.4     0.43800047      -425.4985725412 -8.24E-05
   138 Broy./Diag. 0.20E+00    4.4     1.58345691      -425.4990457831 -4.73E-04
   139 Broy./Diag. 0.20E+00    4.4     2.47810667      -425.5002421219 -1.20E-03
   140 Broy./Diag. 0.20E+00    4.4     0.83517337      -425.4989390136  1.30E-03
   141 Broy./Diag. 0.20E+00    4.4     3.04293646      -425.4997657645 -8.27E-04
   142 Broy./Diag. 0.20E+00    4.4     1.27071810      -425.5009641952 -1.20E-03
   143 Broy./Diag. 0.20E+00    4.4     2.98200307      -425.5001795905  7.85E-04
   144 Broy./Diag. 0.20E+00    4.4     1.30769308      -425.4992746243  9.05E-04
   145 Broy./Diag. 0.20E+00    4.4     1.13717170      -425.4980555578  1.22E-03
   146 Broy./Diag. 0.20E+00    4.4     1.25440194      -425.4985967168 -5.41E-04
   147 Broy./Diag. 0.20E+00    4.4     1.35725840      -425.4980144037  5.82E-04
   148 Broy./Diag. 0.20E+00    4.4     2.19703784      -425.4995482601 -1.53E-03
   149 Broy./Diag. 0.20E+00    4.4     0.93902895      -425.4980674667  1.48E-03
   150 Broy./Diag. 0.20E+00    4.4     0.97555157      -425.4977015981  3.66E-04
   151 Broy./Diag. 0.20E+00    4.4     2.12890977      -425.4983862360 -6.85E-04
   152 Broy./Diag. 0.20E+00    4.4     5.04262443      -425.4992266736 -8.40E-04
   153 Broy./Diag. 0.20E+00    4.4     1.56436369      -425.4974467006  1.78E-03
   154 Broy./Diag. 0.20E+00    4.4     2.26435757      -425.4984406980 -9.94E-04
   155 Broy./Diag. 0.20E+00    4.4     0.68675939      -425.4988485613 -4.08E-04
   156 Broy./Diag. 0.20E+00    4.4     1.83877894      -425.5004746868 -1.63E-03
   157 Broy./Diag. 0.20E+00    4.4     1.24835824      -425.4992698004  1.20E-03
   158 Broy./Diag. 0.20E+00    4.4     2.67797513      -425.4995012353 -2.31E-04
   159 Broy./Diag. 0.20E+00    4.4     1.65546105      -425.4980078103  1.49E-03
   160 Broy./Diag. 0.20E+00    4.4     0.47915051      -425.4983635014 -3.56E-04
   161 Broy./Diag. 0.20E+00    4.4     0.35477767      -425.4989229653 -5.59E-04
   162 Broy./Diag. 0.20E+00    4.4     1.77531414      -425.4989736649 -5.07E-05
   163 Broy./Diag. 0.20E+00    4.4     0.24209175      -425.4988901449  8.35E-05
   164 Broy./Diag. 0.20E+00    4.4     1.19572297      -425.4985918299  2.98E-04
   165 Broy./Diag. 0.20E+00    4.4     3.09199719      -425.5001850269 -1.59E-03
   166 Broy./Diag. 0.20E+00    4.4     0.29660842      -425.4980952462  2.09E-03
   167 Broy./Diag. 0.20E+00    4.4     1.77245525      -425.4974924552  6.03E-04
   168 Broy./Diag. 0.20E+00    4.4     1.92731790      -425.5001890360 -2.70E-03
   169 Broy./Diag. 0.20E+00    4.4     0.59695259      -425.4980029471  2.19E-03
   170 Broy./Diag. 0.20E+00    4.4     0.39945758      -425.4972562684  7.47E-04
   171 Broy./Diag. 0.20E+00    4.4     0.37633363      -425.4984821800 -1.23E-03
   172 Broy./Diag. 0.20E+00    4.4     0.60186796      -425.4980962718  3.86E-04
   173 Broy./Diag. 0.20E+00    4.4     0.55199753      -425.4982936172 -1.97E-04
   174 Broy./Diag. 0.20E+00    4.5     1.58486789      -425.4987916946 -4.98E-04
   175 Broy./Diag. 0.20E+00    4.5     1.44938400      -425.4985788697  2.13E-04
   176 Broy./Diag. 0.20E+00    4.5     2.92858219      -425.4989020195 -3.23E-04
   177 Broy./Diag. 0.20E+00    4.4     2.49175890      -425.5002012180 -1.30E-03
   178 Broy./Diag. 0.20E+00    4.5     2.30815987      -425.5003242658 -1.23E-04
   179 Broy./Diag. 0.20E+00    4.4     4.24695412      -425.4993184123  1.01E-03
   180 Broy./Diag. 0.20E+00    4.4     2.91381274      -425.4991343911  1.84E-04
   181 Broy./Diag. 0.20E+00    4.4     1.75008432      -425.4997091507 -5.75E-04
   182 Broy./Diag. 0.20E+00    4.4     1.95076477      -425.4990583373  6.51E-04
   183 Broy./Diag. 0.20E+00    4.4     1.98344644      -425.4992293341 -1.71E-04
   184 Broy./Diag. 0.20E+00    4.4     0.25375016      -425.4983405530  8.89E-04
   185 Broy./Diag. 0.20E+00    4.4     1.79207306      -425.4979787694  3.62E-04
   186 Broy./Diag. 0.20E+00    4.4     1.48649421      -425.4997819901 -1.80E-03
   187 Broy./Diag. 0.20E+00    4.4     5.76211551      -425.4995722756  2.10E-04
   188 Broy./Diag. 0.20E+00    4.4     4.57528148      -425.5003531502 -7.81E-04
   189 Broy./Diag. 0.20E+00    4.4     0.49554750      -425.5004426817 -8.95E-05
   190 Broy./Diag. 0.20E+00    4.4     1.68529353      -425.4989376701  1.51E-03
   191 Broy./Diag. 0.20E+00    4.4     0.25108689      -425.4986248645  3.13E-04
   192 Broy./Diag. 0.20E+00    4.4     0.28170874      -425.4987522839 -1.27E-04
   193 Broy./Diag. 0.20E+00    4.4     2.28051594      -425.4985105970  2.42E-04
   194 Broy./Diag. 0.20E+00    4.4     1.21547184      -425.4990689545 -5.58E-04
   195 Broy./Diag. 0.20E+00    4.4     0.88946733      -425.4992144219 -1.45E-04
   196 Broy./Diag. 0.20E+00    4.4     1.05204457      -425.4997972721 -5.83E-04
   197 Broy./Diag. 0.20E+00    4.4     2.37076042      -425.5003036009 -5.06E-04
   198 Broy./Diag. 0.20E+00    4.4     4.51811205      -425.5002631346  4.05E-05
   199 Broy./Diag. 0.20E+00    4.4     3.11638872      -425.4983314701  1.93E-03
   200 Broy./Diag. 0.20E+00    4.4     2.98169204      -425.4995511376 -1.22E-03

  Leaving inner SCF loop after reaching   200 steps.


  Electronic density on regular grids:        -48.6834052716       17.3165947284
  Core density on regular grids:               66.0000000000       -0.0000000000
  Hard and soft densities (Lebedev):     -1823652.9052890853 -1823635.1730417304
  Total Rho_soft + Rho1_hard - Rho1_soft      -66.4156526267
  Total charge density (r-space):              -0.4156526267
  Total Rho_soft + Rho0_soft (g-space):        -0.4156528369

  Overlap energy of the core charge distribution:              19.51207990828932
  Self energy of the core charge distribution:               -395.44597079057866
  Core Hamiltonian energy:                                    -55.51147125625860
  Hartree energy:                                             134.33936234415205
  Exchange-correlation energy:                                -24.13296041026818

  GAPW| Exc from hard and soft atomic rho1:                   -38.04308015477717
  GAPW| local Eh = 1 center integrals:                        -66.21751077815183

  Total energy:                                              -425.49955113759307

 *** WARNING in qs_scf.F:542 :: SCF run NOT converged ***

  
  Eigenvalues of the occupied subspace spin            1
 ---------------------------------------------
     -18.79513306     -18.75818316     -18.73534657     -13.94285586
     -11.21529394      -9.99295173      -9.91600532      -9.90101191
      -9.89006921      -1.57169374      -1.52962627      -1.33893581
      -1.00937383      -0.93929909      -0.79078341      -0.68965608
      -0.61153682      -0.52739103      -0.47510473      -0.44631797
      -0.41320353      -0.40503330      -0.35338280      -0.34252035
      -0.31696674      -0.29880807      -0.27907450      -0.26907506
      -0.26418714      -0.25583629      -0.22406324      -0.15585375
      -0.11595227
 Fermi Energy [eV] :   -3.155222
  
  Lowest eigenvalues of the unoccupied subspace spin            1
 ---------------------------------------------
      -0.10928892      -0.02052126      -0.01725178      -0.00145473
       0.02334575       0.02984378       0.04097989       0.04499084
       0.05459797       0.06080331

 *******************************************************************************
 *   ___                                                                       *
 *  /   \                                                                      *
 * [ABORT]                                                                     *
 *  \___/               SCF not converged: not possible to run MP2             *
 *    |                                                                        *
 *  O/|                                                                        *
 * /| |                                                                        *
 * / \                                                               mp2.F:203 *
 *******************************************************************************


 ===== Routine Calling Stack ===== 

            2 qs_energies
            1 CP2K
