 DBCSR| CPU Multiplication driver                                           XSMM
 DBCSR| Multrec recursion limit                                              512
 DBCSR| Multiplication stack size                                           1000
 DBCSR| Maximum elements for images                                    UNLIMITED
 DBCSR| Multiplicative factor virtual images                                   1
 DBCSR| Use multiplication densification                                       T
 DBCSR| Multiplication size stacks                                             3
 DBCSR| Number of 3D layers                                               SINGLE
 DBCSR| Use MPI memory allocation                                              T
 DBCSR| Use RMA algorithm                                                      F
 DBCSR| Use Communication thread                                               T
 DBCSR| Communication thread load                                             87


  **** **** ******  **  PROGRAM STARTED AT               2021-07-19 08:51:54.439
 ***** ** ***  *** **   PROGRAM STARTED ON                                 n1136
 **    ****   ******    PROGRAM STARTED BY                             ka_bh5670
 ***** **    ** ** **   PROGRAM PROCESS ID                               2291524
  **** **  *******  **  PROGRAM STARTED IN /tmp/ka_bh5670.3062158/bh5670/sim/000
                                           005

 CP2K| version string:                                          CP2K version 7.1
 CP2K| source code revision number:                                  git:e635599
 CP2K| cp2kflags: libint fftw3 libxc parallel mpi3 scalapack xsmm spglib        
 CP2K| is freely available from                            https://www.cp2k.org/
 CP2K| Program compiled at                          Do 6. Mai 20:02:55 CEST 2021
 CP2K| Program compiled on                                                 n1731
 CP2K| Program compiled for                                                local
 CP2K| Data directory path    /lustre/home/ka/ka_int/ka_bh5670/cp2k/cp2k-7.1/dat
 CP2K| Input file name                                                  ot_3.inp

 GLOBAL| Force Environment number                                              1
 GLOBAL| Basis set file name                                 BASIS_CC_AUG_RI_NEW
 GLOBAL| Potential file name                                           POTENTIAL
 GLOBAL| MM Potential file name                                     MM_POTENTIAL
 GLOBAL| Coordinate file name                               dsgdb9nsd_000005.xyz
 GLOBAL| Method name                                                        CP2K
 GLOBAL| Project name                                                          3
 GLOBAL| Preferred FFT library                                             FFTW3
 GLOBAL| Preferred diagonalization lib.                                       SL
 GLOBAL| Run type                                                         ENERGY
 GLOBAL| All-to-all communication in single precision                          F
 GLOBAL| FFTs using library dependent lengths                                  T
 GLOBAL| Global print level                                                  LOW
 GLOBAL| MPI I/O enabled                                                       T
 GLOBAL| Total number of message passing processes                            16
 GLOBAL| Number of threads for this process                                    1
 GLOBAL| This output is from process                                           0
 GLOBAL| CPU model name                 Intel(R) Xeon(R) Gold 6252 CPU @ 2.10GHz
 GLOBAL| CPUID                                                              1003

 MEMORY| system memory details [Kb]
 MEMORY|                        rank 0           min           max       average
 MEMORY| MemTotal            196673224     196673224     196673224     196673224
 MEMORY| MemFree             166383860     166383860     166383860     166383860
 MEMORY| Buffers                     0             0             0             0
 MEMORY| Cached                5168860       5168860       5168860       5168860
 MEMORY| Slab                  2030452       2030452       2030452       2030452
 MEMORY| SReclaimable           519832        519832        519832        519832
 MEMORY| MemLikelyFree       172072552     172072552     172072552     172072552


 GENERATE|  Preliminary Number of Bonds generated:                             0
 GENERATE|  Achieved consistency in connectivity generation.

 *******************************************************************************
 *******************************************************************************
 **                                                                           **
 **     #####                         ##              ##                      **
 **    ##   ##            ##          ##              ##                      **
 **   ##     ##                       ##            ######                    **
 **   ##     ##  ##   ##  ##   #####  ##  ##   ####   ##    #####    #####    **
 **   ##     ##  ##   ##  ##  ##      ## ##   ##      ##   ##   ##  ##   ##   **
 **   ##  ## ##  ##   ##  ##  ##      ####     ###    ##   ######   ######    **
 **    ##  ###   ##   ##  ##  ##      ## ##      ##   ##   ##       ##        **
 **     #######   #####   ##   #####  ##  ##  ####    ##    #####   ##        **
 **           ##                                                    ##        **
 **                                                                           **
 **                                                ... make the atoms dance   **
 **                                                                           **
 **            Copyright (C) by CP2K developers group (2000 - 2019)           **
 **                                                                           **
 *******************************************************************************


 TOTAL NUMBERS AND MAXIMUM NUMBERS

  Total number of            - Atomic kinds:                                   3
                             - Atoms:                                          3
                             - Shell sets:                                    22
                             - Shells:                                        37
                             - Primitive Cartesian functions:                 55
                             - Cartesian basis functions:                    135
                             - Spherical basis functions:                    115

  Maximum angular momentum of the orbital basis functions:                     3


 SCF PARAMETERS         Density guess:                                   RESTART
                        --------------------------------------------------------
                        max_scf:                                            1000
                        max_scf_history:                                       0
                        max_diis:                                              4
                        --------------------------------------------------------
                        eps_scf:                                        1.00E-10
                        eps_scf_history:                                0.00E+00
                        eps_diis:                                       1.00E-01
                        eps_eigval:                                     1.00E-05
                        --------------------------------------------------------
                        level_shift [a.u.]:                                 0.00
                        --------------------------------------------------------
                        No outer SCF

 Number of electrons:                                                         14
 Number of occupied orbitals:                                                  7
 Number of molecular orbitals:                                                 7

 Number of orbital functions:                                                115
 Number of independent orbital functions:                                    115

 Extrapolation method: initial_guess
  READ RESTART : WARNING : DIFFERENT # AOs          115          55

 *** WARNING in qs_mo_io.F:798 :: The number of MOs on the restart unit is ***
 *** greater than the number of the allocated MOs. The read MO set will be ***
 *** truncated!                                                            ***



 SCF WAVEFUNCTION OPTIMIZATION

  ----------------------------------- OT ---------------------------------------
  Minimizer      : DIIS                : direct inversion
                                         in the iterative subspace
                                         using   7 DIIS vectors
                                         safer DIIS on
  Preconditioner : FULL_ALL            : diagonalization, state selective
  Precond_solver : DEFAULT
  stepsize       :    0.04000000                  energy_gap     :    0.00100000
  eps_taylor     :   0.10000E-15                  max_taylor     :             4
  ----------------------------------- OT ---------------------------------------

  Step     Update method      Time    Convergence         Total energy    Change
  ------------------------------------------------------------------------------
     1 OT DIIS     0.40E-01    0.6     0.12288079       -92.5289313388 -9.25E+01
     2 OT DIIS     0.40E-01    0.6     0.08044706       -92.9288246407 -4.00E-01
     3 OT DIIS     0.40E-01    0.5     0.03689354       -93.2288923895 -3.00E-01
     4 OT DIIS     0.40E-01    0.5     0.02483243       -93.2886744096 -5.98E-02
     5 OT DIIS     0.40E-01    0.6     0.00828464       -93.3398979931 -5.12E-02
     6 OT DIIS     0.40E-01    0.5     0.00457701       -93.3436946094 -3.80E-03
     7 OT DIIS     0.40E-01    0.5     0.00129127       -93.3453065804 -1.61E-03
     8 OT DIIS     0.40E-01    0.5     0.00088826       -93.3453889433 -8.24E-05
     9 OT DIIS     0.40E-01    0.5     0.00025734       -93.3454413333 -5.24E-05
    10 OT DIIS     0.40E-01    0.5     0.00019561       -93.3454438903 -2.56E-06
    11 OT DIIS     0.40E-01    0.5     0.00005248       -93.3454484573 -4.57E-06
    12 OT DIIS     0.40E-01    0.5     0.00004184       -93.3454485475 -9.02E-08
    13 OT DIIS     0.40E-01    0.6     0.00002640       -93.3454486806 -1.33E-07
    14 OT DIIS     0.40E-01    0.6     0.00001985       -93.3454487196 -3.90E-08
    15 OT DIIS     0.40E-01    0.6     0.00000871       -93.3454487532 -3.36E-08
    16 OT DIIS     0.40E-01    0.6     0.00000574       -93.3454487573 -4.07E-09
    17 OT DIIS     0.40E-01    0.6     0.00000189       -93.3454487601 -2.87E-09
    18 OT DIIS     0.40E-01    0.5     0.00000130       -93.3454487603 -2.04E-10
    19 OT DIIS     0.40E-01    0.5     0.00000078       -93.3454487605 -1.27E-10
    20 OT DIIS     0.40E-01    0.5     0.00000040       -93.3454487605 -5.90E-11
    21 OT DIIS     0.40E-01    0.5     0.00000020       -93.3454487606 -1.58E-11
    22 OT DIIS     0.40E-01    0.5     0.00000009       -93.3454487606 -5.57E-12
    23 OT DIIS     0.40E-01    0.5     0.00000007       -93.3454487606 -7.67E-13
    24 OT DIIS     0.40E-01    0.5     0.00000004       -93.3454487606 -2.44E-12
    25 OT DIIS     0.40E-01    0.5     0.00000002       -93.3454487606 -1.99E-13
    26 OT DIIS     0.40E-01    0.5     0.00000001       -93.3454487606 -1.05E-12
    27 OT DIIS     0.40E-01    0.5     9.0799E-09       -93.3454487606 -3.13E-13
    28 OT DIIS     0.40E-01    0.5     5.0522E-09       -93.3454487606 -6.68E-13
    29 OT DIIS     0.40E-01    0.5     1.9298E-09       -93.3454487606 -8.38E-13
    30 OT DIIS     0.40E-01    0.5     1.4483E-09       -93.3454487606 -2.84E-13
    31 OT DIIS     0.40E-01    0.5     5.5917E-10       -93.3454487606  2.84E-14
    32 OT DIIS     0.40E-01    0.5     4.0535E-10       -93.3454487606 -2.56E-13
    33 OT DIIS     0.40E-01    0.5     2.5250E-10       -93.3454487606  7.39E-13
    34 OT DIIS     0.40E-01    0.5     1.4842E-10       -93.3454487606  4.83E-13
    35 OT DIIS     0.40E-01    0.5     1.1030E-10       -93.3454487606 -8.53E-14
    36 OT DIIS     0.40E-01    0.5     8.1871E-11       -93.3454487606 -6.11E-13

  *** SCF run converged in    36 steps ***


  Electronic density on regular grids:        -10.2609635831        3.7390364169
  Core density on regular grids:               14.0000000000       -0.0000000000
  Hard and soft densities (Lebedev):          -65.2411519561      -61.5021167668
  Total Rho_soft + Rho1_hard - Rho1_soft      -13.9999987723
  Total charge density (r-space):               0.0000012277
  Total Rho_soft + Rho0_soft (g-space):         0.0000012036

  Overlap energy of the core charge distribution:               0.00003169109046
  Self energy of the core charge distribution:                -78.32279732110520
  Core Hamiltonian energy:                                    -14.36327028825237
  Hartree energy:                                              28.71151369204269
  Exchange-correlation energy:                                 -4.68722056573782

  GAPW| Exc from hard and soft atomic rho1:                    -7.79552161631735
  GAPW| local Eh = 1 center integrals:                        -16.88818435228302

  Total energy:                                               -93.34544876056260

 ENERGY| Total FORCE_EVAL ( QS ) energy (a.u.):              -93.345448760562604


 -------------------------------------------------------------------------------
 -                                                                             -
 -                                DBCSR STATISTICS                             -
 -                                                                             -
 -------------------------------------------------------------------------------
 COUNTER                                    TOTAL       BLAS       SMM       ACC
 flops     7 x     7 x     7               218148       0.0%    100.0%      0.0%
 flops    23 x    23 x     7               274022       0.0%    100.0%      0.0%
 flops     7 x     7 x    23               326830       0.0%    100.0%      0.0%
 flops    23 x     7 x     7               407974       0.0%    100.0%      0.0%
 flops    23 x    46 x     7               548044       0.0%    100.0%      0.0%
 flops    46 x    23 x     7               548044       0.0%    100.0%      0.0%
 flops    23 x     7 x    23              1125712       0.0%    100.0%      0.0%
 flops     7 x     7 x    46              1307320       0.0%    100.0%      0.0%
 flops    46 x     7 x     7              1631896       0.0%    100.0%      0.0%
 flops    46 x    46 x     7              3288264       0.0%    100.0%      0.0%
 flops    46 x     7 x    23              4502848       0.0%    100.0%      0.0%
 flops    23 x     7 x    46              4502848       0.0%    100.0%      0.0%
 flops    46 x     7 x    46             18011392       0.0%    100.0%      0.0%
 flops inhomo. stacks                           0       0.0%      0.0%      0.0%
 flops total                        36.693342E+06       0.0%    100.0%      0.0%
 flops max/rank                     15.021454E+06       0.0%    100.0%      0.0%
 matmuls inhomo. stacks                         0       0.0%      0.0%      0.0%
 matmuls total                               2886       0.0%    100.0%      0.0%
 number of processed stacks                  2886       0.0%    100.0%      0.0%
 average stack size                                     0.0       1.0       0.0
 marketing flops                    38.897016E+06
 -------------------------------------------------------------------------------
 # multiplications                            834
 max memory usage/rank             265.891840E+06
 # max total images/rank                        1
 # max 3D layers                                1
 # MPI messages exchanged                   80064
 MPI messages size (bytes):
  total size                        62.671632E+06
  min size                           0.000000E+00
  max size                          16.928000E+03
  average size                     782.769165E+00
 MPI breakdown and total messages size (bytes):
             size <=      128               67236                        0
       128 < size <=     8192                9180                 16356624
      8192 < size <=    32768                3648                 46315008
     32768 < size <=   131072                   0                        0
    131072 < size <=  4194304                   0                        0
   4194304 < size <= 16777216                   0                        0
  16777216 < size                               0                        0
 -------------------------------------------------------------------------------
 -                                                                             -
 -                      DBCSR MESSAGE PASSING PERFORMANCE                      -
 -                                                                             -
 -------------------------------------------------------------------------------
 ROUTINE             CALLS      AVE VOLUME [Bytes]
 MP_Group               51
 MP_Bcast               14                     12.
 MP_Allreduce         4505                      8.
 MP_Alltoall          2849                    603.
 MP_Wait             40032
 MP_ISend            13340                    682.
 MP_IRecv            13340                    468.
 MP_Memory           26376
 -------------------------------------------------------------------------------

 MEMORY| Estimated peak process memory [MiB]                                 254

 -------------------------------------------------------------------------------
 -                                                                             -
 -                         MESSAGE PASSING PERFORMANCE                         -
 -                                                                             -
 -------------------------------------------------------------------------------

 ROUTINE             CALLS      AVE VOLUME [Bytes]
 MP_Group                6
 MP_Bcast             1575                5381091.
 MP_Allreduce         2040                  10264.
 MP_Sync                44
 MP_Alltoall           889                7793288.
 MP_ISendRecv         4380                  92570.
 MP_Wait              7715
 MP_comm_split          39
 MP_ISend             2900                 356036.
 MP_IRecv             2900                 356008.
 MP_Recv                 6                   1840.
 -------------------------------------------------------------------------------


 -------------------------------------------------------------------------------
 -                                                                             -
 -                           R E F E R E N C E S                               -
 -                                                                             -
 -------------------------------------------------------------------------------
 
 CP2K version 7.1, the CP2K developers group (2019).
 CP2K is freely available from https://www.cp2k.org/ .

 Schuett, Ole; Messmer, Peter; Hutter, Juerg; VandeVondele, Joost. 
 Electronic Structure Calculations on Graphics Processing Units, John
 Wiley & Sons, Ltd, 173-190 (2016). 
 GPU-Accelerated Sparse Matrix-Matrix Multiplication for
 Linear Scaling Density Functional Theory.
 https://dx.doi.org/10.1002/9781118670712.ch8

 Borstnik, U; VandeVondele, J; Weber, V; Hutter, J. 
 PARALLEL COMPUTING, 40 (5-6), 47-58 (2014). 
 Sparse matrix multiplication: The distributed block-compressed sparse
 row library.
 https://dx.doi.org/10.1016/j.parco.2014.03.012

 Hutter, J; Iannuzzi, M; Schiffmann, F; VandeVondele, J. 
 WIREs Comput Mol Sci., 4 (1), 15-25 (2014). 
 CP2K: atomistic simulations of condensed matter systems.
 https://dx.doi.org/10.1002/wcms.1159

 Frigo, M; Johnson, SG. 
 PROCEEDINGS OF THE IEEE, 93 (2), 216-231 (2005). 
 The design and implementation of FFTW3.
 https://dx.doi.org/10.1109/JPROC.2004.840301

 VandeVondele, J; Hutter, J. 
 JOURNAL OF CHEMICAL PHYSICS, 118 (10), 4365-4369 (2003). 
 An efficient orbital transformation method for electronic structure
 calculations.
 https://dx.doi.org/10.1063/1.1543154

 Lippert, G; Hutter, J; Parrinello, M. 
 THEORETICAL CHEMISTRY ACCOUNTS, 103 (2), 124-140 (1999). 
 The Gaussian and augmented-plane-wave density functional method for ab
 initio molecular dynamics simulations.
 https://dx.doi.org/10.1007/s002140050523

 Krack, M; Parrinello, M. 
 PHYSICAL CHEMISTRY CHEMICAL PHYSICS, 2 (10), 2105-2112 (2000). 
 All-electron ab-initio molecular dynamics.
 https://dx.doi.org/10.1039/b001167n

 Martyna, GJ; Tuckerman, ME. 
 JOURNAL OF CHEMICAL PHYSICS, 110 (6), 2810-2821 (1999). 
 A reciprocal space based method for treating long range interactions in
 ab initio and force-field-based calculations in clusters.
 https://dx.doi.org/10.1063/1.477923

 Perdew, JP; Burke, K; Ernzerhof, M. 
 PHYSICAL REVIEW LETTERS, 77 (18), 3865-3868 (1996). 
 Generalized gradient approximation made simple.
 https://dx.doi.org/10.1103/PhysRevLett.77.3865


 -------------------------------------------------------------------------------
 -                                                                             -
 -                                T I M I N G                                  -
 -                                                                             -
 -------------------------------------------------------------------------------
 SUBROUTINE                       CALLS  ASD         SELF TIME        TOTAL TIME
                                MAXIMUM       AVERAGE  MAXIMUM  AVERAGE  MAXIMUM
 CP2K                                 1  1.0    0.012    0.015   20.928   20.929
 qs_energies                          1  2.0    0.000    0.000   19.953   19.954
 scf_env_do_scf                       1  3.0    0.000    0.000   19.855   19.856
 scf_env_do_scf_inner_loop           36  4.0    0.001    0.002   19.275   19.276
 qs_ks_update_qs_env                 37  5.0    0.000    0.000   16.686   16.688
 rebuild_ks_matrix                   36  6.0    0.000    0.000   16.685   16.687
 qs_ks_build_kohn_sham_matrix        36  7.0    0.004    0.005   16.685   16.687
 pw_transfer                        835  9.6    0.037    0.039    9.681   10.102
 fft_wrap_pw1pw2                    727 10.7    0.005    0.006    9.537    9.960
 fft_wrap_pw1pw2_250                434 11.8    0.665    0.711    9.201    9.683
 qs_vxc_create                       36  8.0    0.000    0.001    8.339    8.340
 xc_vxc_pw_create                    36  9.0    0.080    0.087    8.339    8.339
 fft3d_ps                           727 12.7    4.800    5.354    7.230    7.686
 xc_rho_set_and_dset_create          36 10.0    0.037    0.042    4.620    4.960
 qs_rho_update_rho                   37  5.0    0.000    0.000    2.824    2.824
 calculate_rho_elec                  37  6.0    0.143    0.203    2.804    2.804
 rs_pw_transfer                     437  9.5    0.004    0.004    2.608    2.705
 prepare_gapw_den                    36  8.0    0.001    0.001    2.647    2.677
 xc_functional_eval                 252 10.7    0.000    0.001    2.088    2.553
 pbe_lda_eval                       252 11.7    2.087    2.552    2.087    2.552
 density_rs2pw                       37  7.0    0.002    0.002    2.486    2.521
 mp_alltoall_z22v                   727 14.7    1.533    2.463    1.533    2.463
 yz_to_x                            329 13.2    0.311    0.329    1.432    2.269
 mp_sum_d                          1476  7.6    1.846    2.042    1.846    2.042
 sum_up_and_integrate                36  8.0    0.023    0.024    1.879    1.904
 integrate_v_rspace                  36  9.0    0.078    0.112    1.856    1.881
 potential_pw2rs                     36 10.0    0.003    0.003    1.763    1.765
 calculate_vxc_atom                  36  8.0    0.023    0.194    1.705    1.705
 put_rho0_on_grid                    36  9.0    0.039    0.045    1.511    1.541
 gaVxcgb_GC                         108  9.0    0.082    1.318    0.082    1.318
 rs_pw_transfer_PW2RS_250            72 11.0    0.630    0.641    1.117    1.189
 calculate_rho_atom                 108  9.0    0.331    1.095    0.331    1.095
 rs_pw_transfer_RS2PW_250            73 10.0    0.630    0.651    1.047    1.078
 x_to_yz                            325 14.2    0.573    0.626    0.985    1.055
 pw_gather_p                        366 12.1    0.947    0.990    0.947    0.990
 mp_waitany                        2900 11.5    0.694    0.835    0.694    0.835
 mp_sum_dv                          843 12.9    0.766    0.820    0.766    0.820
 integrate_vhg0_rspace               36  8.0    0.030    0.036    0.740    0.775
 pw_scatter_p                       361 13.3    0.664    0.702    0.664    0.702
 init_scf_loop                        1  4.0    0.000    0.000    0.579    0.580
 create_qs_kind_set                   1  2.0    0.000    0.000    0.559    0.560
 read_qs_kind                         3  3.0    0.309    0.355    0.559    0.559
 pw_derive                          216 10.5    0.481    0.533    0.481    0.533
 rs_grid_zero                       329  8.6    0.441    0.451    0.441    0.451
 -------------------------------------------------------------------------------

 The number of warnings for this run is : 1
 
 -------------------------------------------------------------------------------
  **** **** ******  **  PROGRAM ENDED AT                 2021-07-19 08:52:15.827
 ***** ** ***  *** **   PROGRAM RAN ON                                     n1136
 **    ****   ******    PROGRAM RAN BY                                 ka_bh5670
 ***** **    ** ** **   PROGRAM PROCESS ID                               2291524
  **** **  *******  **  PROGRAM STOPPED IN /tmp/ka_bh5670.3062158/bh5670/sim/000
                                           005
