 DBCSR| CPU Multiplication driver                                           XSMM
 DBCSR| Multrec recursion limit                                              512
 DBCSR| Multiplication stack size                                           1000
 DBCSR| Maximum elements for images                                    UNLIMITED
 DBCSR| Multiplicative factor virtual images                                   1
 DBCSR| Use multiplication densification                                       T
 DBCSR| Multiplication size stacks                                             3
 DBCSR| Number of 3D layers                                               SINGLE
 DBCSR| Use MPI memory allocation                                              T
 DBCSR| Use RMA algorithm                                                      F
 DBCSR| Use Communication thread                                               T
 DBCSR| Communication thread load                                             87


  **** **** ******  **  PROGRAM STARTED AT               2021-07-19 08:51:05.730
 ***** ** ***  *** **   PROGRAM STARTED ON                                 n1136
 **    ****   ******    PROGRAM STARTED BY                             ka_bh5670
 ***** **    ** ** **   PROGRAM PROCESS ID                               2291321
  **** **  *******  **  PROGRAM STARTED IN /tmp/ka_bh5670.3062158/bh5670/sim/000
                                           005

 CP2K| version string:                                          CP2K version 7.1
 CP2K| source code revision number:                                  git:e635599
 CP2K| cp2kflags: libint fftw3 libxc parallel mpi3 scalapack xsmm spglib        
 CP2K| is freely available from                            https://www.cp2k.org/
 CP2K| Program compiled at                          Do 6. Mai 20:02:55 CEST 2021
 CP2K| Program compiled on                                                 n1731
 CP2K| Program compiled for                                                local
 CP2K| Data directory path    /lustre/home/ka/ka_int/ka_bh5670/cp2k/cp2k-7.1/dat
 CP2K| Input file name                                                  ot_2.inp

 GLOBAL| Force Environment number                                              1
 GLOBAL| Basis set file name                                 BASIS_CC_AUG_RI_NEW
 GLOBAL| Potential file name                                           POTENTIAL
 GLOBAL| MM Potential file name                                     MM_POTENTIAL
 GLOBAL| Coordinate file name                               dsgdb9nsd_000005.xyz
 GLOBAL| Method name                                                        CP2K
 GLOBAL| Project name                                                          2
 GLOBAL| Preferred FFT library                                             FFTW3
 GLOBAL| Preferred diagonalization lib.                                       SL
 GLOBAL| Run type                                                         ENERGY
 GLOBAL| All-to-all communication in single precision                          F
 GLOBAL| FFTs using library dependent lengths                                  T
 GLOBAL| Global print level                                                  LOW
 GLOBAL| MPI I/O enabled                                                       T
 GLOBAL| Total number of message passing processes                            16
 GLOBAL| Number of threads for this process                                    1
 GLOBAL| This output is from process                                           0
 GLOBAL| CPU model name                 Intel(R) Xeon(R) Gold 6252 CPU @ 2.10GHz
 GLOBAL| CPUID                                                              1003

 MEMORY| system memory details [Kb]
 MEMORY|                        rank 0           min           max       average
 MEMORY| MemTotal            196673224     196673224     196673224     196673224
 MEMORY| MemFree             168726064     168726064     168726064     168726064
 MEMORY| Buffers                     0             0             0             0
 MEMORY| Cached                5153432       5153432       5153432       5153432
 MEMORY| Slab                  2030240       2030240       2030240       2030240
 MEMORY| SReclaimable           519512        519512        519512        519512
 MEMORY| MemLikelyFree       174399008     174399008     174399008     174399008


 GENERATE|  Preliminary Number of Bonds generated:                             0
 GENERATE|  Achieved consistency in connectivity generation.

 *******************************************************************************
 *******************************************************************************
 **                                                                           **
 **     #####                         ##              ##                      **
 **    ##   ##            ##          ##              ##                      **
 **   ##     ##                       ##            ######                    **
 **   ##     ##  ##   ##  ##   #####  ##  ##   ####   ##    #####    #####    **
 **   ##     ##  ##   ##  ##  ##      ## ##   ##      ##   ##   ##  ##   ##   **
 **   ##  ## ##  ##   ##  ##  ##      ####     ###    ##   ######   ######    **
 **    ##  ###   ##   ##  ##  ##      ## ##      ##   ##   ##       ##        **
 **     #######   #####   ##   #####  ##  ##  ####    ##    #####   ##        **
 **           ##                                                    ##        **
 **                                                                           **
 **                                                ... make the atoms dance   **
 **                                                                           **
 **            Copyright (C) by CP2K developers group (2000 - 2019)           **
 **                                                                           **
 *******************************************************************************


 TOTAL NUMBERS AND MAXIMUM NUMBERS

  Total number of            - Atomic kinds:                                   3
                             - Atoms:                                          3
                             - Shell sets:                                    16
                             - Shells:                                        23
                             - Primitive Cartesian functions:                 41
                             - Cartesian basis functions:                     59
                             - Spherical basis functions:                     55

  Maximum angular momentum of the orbital basis functions:                     2


 SCF PARAMETERS         Density guess:                                   RESTART
                        --------------------------------------------------------
                        max_scf:                                            1000
                        max_scf_history:                                       0
                        max_diis:                                              4
                        --------------------------------------------------------
                        eps_scf:                                        1.00E-10
                        eps_scf_history:                                0.00E+00
                        eps_diis:                                       1.00E-01
                        eps_eigval:                                     1.00E-05
                        --------------------------------------------------------
                        level_shift [a.u.]:                                 0.00
                        --------------------------------------------------------
                        No outer SCF

 Number of electrons:                                                         14
 Number of occupied orbitals:                                                  7
 Number of molecular orbitals:                                                 7

 Number of orbital functions:                                                 55
 Number of independent orbital functions:                                     55

 Extrapolation method: initial_guess

 *** WARNING in qs_initial_guess.F:280 :: User requested to restart the   ***
 *** wavefunction from the file named: 2-RESTART.wfn. This file does not  ***
 *** exist. Please check the existence of the file or change properly the ***
 *** value of the keyword WFN_RESTART_FILE_NAME. Calculation continues    ***
 *** using ATOMIC GUESS.                                                  ***



 SCF WAVEFUNCTION OPTIMIZATION

  ----------------------------------- OT ---------------------------------------
  Minimizer      : DIIS                : direct inversion
                                         in the iterative subspace
                                         using   7 DIIS vectors
                                         safer DIIS on
  Preconditioner : FULL_ALL            : diagonalization, state selective
  Precond_solver : DEFAULT
  stepsize       :    0.04000000                  energy_gap     :    0.00100000
  eps_taylor     :   0.10000E-15                  max_taylor     :             4
  ----------------------------------- OT ---------------------------------------

  Step     Update method      Time    Convergence         Total energy    Change
  ------------------------------------------------------------------------------
     1 OT DIIS     0.40E-01    0.6     0.60226557       -82.0098966342 -8.20E+01
     2 OT DIIS     0.40E-01    0.5     0.46210392       -86.9698608331 -4.96E+00
     3 OT DIIS     0.40E-01    0.5     0.15715833       -92.4852523076 -5.52E+00
     4 OT DIIS     0.40E-01    0.5     0.08720575       -92.8331063769 -3.48E-01
     5 OT DIIS     0.40E-01    0.5     0.07370208       -93.0756566366 -2.43E-01
     6 OT DIIS     0.40E-01    0.5     0.03097250       -93.1685599729 -9.29E-02
     7 OT DIIS     0.40E-01    0.5     0.02200781       -93.2448057301 -7.62E-02
     8 OT DIIS     0.40E-01    0.5     0.02188000       -93.2578170413 -1.30E-02
     9 OT DIIS     0.40E-01    0.5     0.01053635       -93.2987084026 -4.09E-02
    10 OT DIIS     0.40E-01    0.5     0.00911208       -93.3041347629 -5.43E-03
    11 OT DIIS     0.40E-01    0.5     0.00681382       -93.3150816955 -1.09E-02
    12 OT DIIS     0.40E-01    0.5     0.00470874       -93.3173805371 -2.30E-03
    13 OT DIIS     0.40E-01    0.5     0.00259741       -93.3204771662 -3.10E-03
    14 OT DIIS     0.40E-01    0.5     0.00228956       -93.3207252024 -2.48E-04
    15 OT DIIS     0.40E-01    0.5     0.00154085       -93.3212715862 -5.46E-04
    16 OT DIIS     0.40E-01    0.5     0.00134973       -93.3213644597 -9.29E-05
    17 OT DIIS     0.40E-01    0.5     0.00101021       -93.3215583686 -1.94E-04
    18 OT DIIS     0.40E-01    0.5     0.00069036       -93.3215869265 -2.86E-05
    19 OT DIIS     0.40E-01    0.5     0.00054029       -93.3216125058 -2.56E-05
    20 OT DIIS     0.40E-01    0.5     0.00047124       -93.3216260338 -1.35E-05
    21 OT DIIS     0.40E-01    0.5     0.00037474       -93.3216405626 -1.45E-05
    22 OT DIIS     0.40E-01    0.5     0.00032318       -93.3216448159 -4.25E-06
    23 OT DIIS     0.40E-01    0.5     0.00015779       -93.3216576924 -1.29E-05
    24 OT DIIS     0.40E-01    0.5     0.00014312       -93.3216585454 -8.53E-07
    25 OT DIIS     0.40E-01    0.5     0.00008081       -93.3216612846 -2.74E-06
    26 OT DIIS     0.40E-01    0.5     0.00007414       -93.3216614881 -2.04E-07
    27 OT DIIS     0.40E-01    0.5     0.00004130       -93.3216622264 -7.38E-07
    28 OT DIIS     0.40E-01    0.5     0.00002632       -93.3216624271 -2.01E-07
    29 OT DIIS     0.40E-01    0.5     0.00002399       -93.3216624472 -2.01E-08
    30 OT DIIS     0.40E-01    0.5     0.00001413       -93.3216625247 -7.75E-08
    31 OT DIIS     0.40E-01    0.5     0.00001260       -93.3216625327 -8.04E-09
    32 OT DIIS     0.40E-01    0.5     0.00000918       -93.3216625452 -1.25E-08
    33 OT DIIS     0.40E-01    0.5     0.00000747       -93.3216625505 -5.24E-09
    34 OT DIIS     0.40E-01    0.5     0.00000663       -93.3216625521 -1.64E-09
    35 OT DIIS     0.40E-01    0.5     0.00000609       -93.3216625533 -1.23E-09
    36 OT DIIS     0.40E-01    0.5     0.00000301       -93.3216625601 -6.77E-09
    37 OT DIIS     0.40E-01    0.5     0.00000235       -93.3216625607 -5.86E-10
    38 OT DIIS     0.40E-01    0.5     0.00000203       -93.3216625609 -2.05E-10
    39 OT DIIS     0.40E-01    0.5     0.00000147       -93.3216625612 -3.28E-10
    40 OT DIIS     0.40E-01    0.5     0.00000134       -93.3216625613 -7.89E-11
    41 OT DIIS     0.40E-01    0.5     0.00000089       -93.3216625615 -2.06E-10
    42 OT DIIS     0.40E-01    0.5     0.00000074       -93.3216625616 -5.72E-11
    43 OT DIIS     0.40E-01    0.5     0.00000066       -93.3216625616 -2.22E-11
    44 OT DIIS     0.40E-01    0.5     0.00000051       -93.3216625616 -3.06E-11
    45 OT DIIS     0.40E-01    0.5     0.00000041       -93.3216625617 -2.48E-11
    46 OT DIIS     0.40E-01    0.5     0.00000037       -93.3216625617 -6.98E-12
    47 OT DIIS     0.40E-01    0.5     0.00000028       -93.3216625617 -1.43E-11
    48 OT DIIS     0.40E-01    0.5     0.00000024       -93.3216625617 -3.78E-12
    49 OT DIIS     0.40E-01    0.5     0.00000021       -93.3216625617 -2.06E-12
    50 OT DIIS     0.40E-01    0.5     0.00000016       -93.3216625617 -3.33E-12
    51 OT DIIS     0.40E-01    0.5     0.00000015       -93.3216625617 -5.54E-13
    52 OT DIIS     0.40E-01    0.5     0.00000011       -93.3216625617 -2.77E-12
    53 OT DIIS     0.40E-01    0.5     0.00000006       -93.3216625617 -1.21E-12
    54 OT DIIS     0.40E-01    0.5     0.00000006       -93.3216625617 -7.11E-14
    55 OT DIIS     0.40E-01    0.5     0.00000005       -93.3216625617  9.95E-14
    56 OT DIIS     0.40E-01    0.5     0.00000004       -93.3216625617  1.42E-14
    57 OT DIIS     0.40E-01    0.5     0.00000004       -93.3216625617 -9.95E-14
    58 OT DIIS     0.40E-01    0.5     0.00000003       -93.3216625617  2.56E-13
    59 OT DIIS     0.40E-01    0.5     0.00000002       -93.3216625617 -1.85E-13
    60 OT DIIS     0.40E-01    0.5     0.00000002       -93.3216625617  2.70E-13
    61 OT DIIS     0.40E-01    0.5     0.00000002       -93.3216625617  2.70E-13
    62 OT DIIS     0.40E-01    0.5     0.00000001       -93.3216625617  8.53E-14
    63 OT DIIS     0.40E-01    0.5     0.00000001       -93.3216625617  1.28E-13
    64 OT DIIS     0.40E-01    0.5     9.1645E-09       -93.3216625617  4.26E-13
    65 OT DIIS     0.40E-01    0.5     8.0708E-09       -93.3216625617  4.26E-14
    66 OT DIIS     0.40E-01    0.5     5.9005E-09       -93.3216625617  3.27E-13
    67 OT DIIS     0.40E-01    0.5     5.4975E-09       -93.3216625617  8.53E-14
    68 OT DIIS     0.40E-01    0.5     4.8994E-09       -93.3216625617  2.27E-13
    69 OT DIIS     0.40E-01    0.5     3.1647E-09       -93.3216625617  2.27E-13
    70 OT DIIS     0.40E-01    0.5     2.6275E-09       -93.3216625617  2.13E-13
    71 OT DIIS     0.40E-01    0.5     2.3942E-09       -93.3216625617  2.84E-13
    72 OT DIIS     0.40E-01    0.5     1.8637E-09       -93.3216625617  5.68E-14
    73 OT DIIS     0.40E-01    0.5     1.7113E-09       -93.3216625617  1.56E-13
    74 OT DIIS     0.40E-01    0.5     1.4498E-09       -93.3216625617  1.28E-13
    75 OT DIIS     0.40E-01    0.5     1.2989E-09       -93.3216625617  1.99E-13
    76 OT DIIS     0.40E-01    0.5     1.2140E-09       -93.3216625617  1.71E-13
    77 OT DIIS     0.40E-01    0.5     7.8036E-10       -93.3216625617  7.11E-13
    78 OT DIIS     0.40E-01    0.5     6.9030E-10       -93.3216625617  2.84E-14
    79 OT DIIS     0.40E-01    0.5     6.2405E-10       -93.3216625617  9.95E-14
    80 OT DIIS     0.40E-01    0.5     5.2016E-10       -93.3216625617  2.13E-13
    81 OT DIIS     0.40E-01    0.5     4.2299E-10       -93.3216625617  1.14E-13
    82 OT DIIS     0.40E-01    0.5     3.8749E-10       -93.3216625617  1.99E-13
    83 OT DIIS     0.40E-01    0.5     3.1382E-10       -93.3216625617  2.84E-13
    84 OT DIIS     0.40E-01    0.5     2.9061E-10       -93.3216625617 -4.26E-14
    85 OT DIIS     0.40E-01    0.5     1.9148E-10       -93.3216625617  2.56E-13
    86 OT DIIS     0.40E-01    0.5     1.5559E-10       -93.3216625617  2.13E-13
    87 OT DIIS     0.40E-01    0.5     1.4268E-10       -93.3216625617  1.85E-13
    88 OT DIIS     0.40E-01    0.5     1.1323E-10       -93.3216625617  3.13E-13
    89 OT DIIS     0.40E-01    0.5     9.8547E-11       -93.3216625617  0.00E+00

  *** SCF run converged in    89 steps ***


  Electronic density on regular grids:        -10.2769584732        3.7230415268
  Core density on regular grids:               14.0000000000       -0.0000000000
  Hard and soft densities (Lebedev):          -56.7408803409      -53.0178387007
  Total Rho_soft + Rho1_hard - Rho1_soft      -14.0000001134
  Total charge density (r-space):              -0.0000001134
  Total Rho_soft + Rho0_soft (g-space):        -0.0000001317

  Overlap energy of the core charge distribution:               0.00003169109046
  Self energy of the core charge distribution:                -78.32279732110520
  Core Hamiltonian energy:                                    -14.44886668377346
  Hartree energy:                                              29.02943511563838
  Exchange-correlation energy:                                 -4.70502052777079

  GAPW| Exc from hard and soft atomic rho1:                    -7.77522595729607
  GAPW| local Eh = 1 center integrals:                        -17.09921887846797

  Total energy:                                               -93.32166256168466

 ENERGY| Total FORCE_EVAL ( QS ) energy (a.u.):              -93.321662561684661


 -------------------------------------------------------------------------------
 -                                                                             -
 -                                DBCSR STATISTICS                             -
 -                                                                             -
 -------------------------------------------------------------------------------
 COUNTER                                    TOTAL       BLAS       SMM       ACC
 flops     9 x     9 x     7               102060       0.0%    100.0%      0.0%
 flops     9 x    23 x     7               260820       0.0%    100.0%      0.0%
 flops    23 x     9 x     7               260820       0.0%    100.0%      0.0%
 flops     7 x     7 x     9               314874       0.0%    100.0%      0.0%
 flops     9 x     7 x     7               393372       0.0%    100.0%      0.0%
 flops     9 x     7 x     9               415044       0.0%    100.0%      0.0%
 flops     7 x     7 x     7               545370       0.0%    100.0%      0.0%
 flops     7 x     7 x    23              1609356       0.0%    100.0%      0.0%
 flops    23 x    23 x     7              1999620       0.0%    100.0%      0.0%
 flops    23 x     7 x     7              2010568       0.0%    100.0%      0.0%
 flops    23 x     7 x     9              2121336       0.0%    100.0%      0.0%
 flops     9 x     7 x    23              2121336       0.0%    100.0%      0.0%
 flops    23 x     7 x    23             10842384       0.0%    100.0%      0.0%
 flops inhomo. stacks                           0       0.0%      0.0%      0.0%
 flops total                        22.996960E+06       0.0%    100.0%      0.0%
 flops max/rank                     10.623284E+06       0.0%    100.0%      0.0%
 matmuls inhomo. stacks                         0       0.0%      0.0%      0.0%
 matmuls total                               7038       0.0%    100.0%      0.0%
 number of processed stacks                  7038       0.0%    100.0%      0.0%
 average stack size                                     0.0       1.0       0.0
 marketing flops                    24.190530E+06
 -------------------------------------------------------------------------------
 # multiplications                           2055
 max memory usage/rank             258.859008E+06
 # max total images/rank                        1
 # max 3D layers                                1
 # MPI messages exchanged                  197280
 MPI messages size (bytes):
  total size                        44.729376E+06
  min size                           0.000000E+00
  max size                           4.232000E+03
  average size                     226.730408E+00
 MPI breakdown and total messages size (bytes):
             size <=      128              165936                        0
       128 < size <=     8192               31344                 44729376
      8192 < size <=    32768                   0                        0
     32768 < size <=   131072                   0                        0
    131072 < size <=  4194304                   0                        0
   4194304 < size <= 16777216                   0                        0
  16777216 < size                               0                        0
 -------------------------------------------------------------------------------
 -                                                                             -
 -                      DBCSR MESSAGE PASSING PERFORMANCE                      -
 -                                                                             -
 -------------------------------------------------------------------------------
 ROUTINE             CALLS      AVE VOLUME [Bytes]
 MP_Group              109
 MP_Bcast               14                     12.
 MP_Allreduce        11084                      8.
 MP_Alltoall          6743                    498.
 MP_Wait             98640
 MP_ISend            32876                    280.
 MP_IRecv            32876                    175.
 MP_Memory           65016
 -------------------------------------------------------------------------------

 MEMORY| Estimated peak process memory [MiB]                                 247

 -------------------------------------------------------------------------------
 -                                                                             -
 -                         MESSAGE PASSING PERFORMANCE                         -
 -                                                                             -
 -------------------------------------------------------------------------------

 ROUTINE             CALLS      AVE VOLUME [Bytes]
 MP_Group                6
 MP_Bcast             2808                2900320.
 MP_Allreduce         5362                   3374.
 MP_Sync                97
 MP_Alltoall          2161                6069218.
 MP_ISendRecv        10740                  92570.
 MP_Wait             18951
 MP_comm_split          92
 MP_ISend             7140                 356028.
 MP_IRecv             7140                 356016.
 MP_Recv                15                    880.
 -------------------------------------------------------------------------------


 -------------------------------------------------------------------------------
 -                                                                             -
 -                           R E F E R E N C E S                               -
 -                                                                             -
 -------------------------------------------------------------------------------
 
 CP2K version 7.1, the CP2K developers group (2019).
 CP2K is freely available from https://www.cp2k.org/ .

 Schuett, Ole; Messmer, Peter; Hutter, Juerg; VandeVondele, Joost. 
 Electronic Structure Calculations on Graphics Processing Units, John
 Wiley & Sons, Ltd, 173-190 (2016). 
 GPU-Accelerated Sparse Matrix-Matrix Multiplication for
 Linear Scaling Density Functional Theory.
 https://dx.doi.org/10.1002/9781118670712.ch8

 Borstnik, U; VandeVondele, J; Weber, V; Hutter, J. 
 PARALLEL COMPUTING, 40 (5-6), 47-58 (2014). 
 Sparse matrix multiplication: The distributed block-compressed sparse
 row library.
 https://dx.doi.org/10.1016/j.parco.2014.03.012

 Hutter, J; Iannuzzi, M; Schiffmann, F; VandeVondele, J. 
 WIREs Comput Mol Sci., 4 (1), 15-25 (2014). 
 CP2K: atomistic simulations of condensed matter systems.
 https://dx.doi.org/10.1002/wcms.1159

 Frigo, M; Johnson, SG. 
 PROCEEDINGS OF THE IEEE, 93 (2), 216-231 (2005). 
 The design and implementation of FFTW3.
 https://dx.doi.org/10.1109/JPROC.2004.840301

 VandeVondele, J; Hutter, J. 
 JOURNAL OF CHEMICAL PHYSICS, 118 (10), 4365-4369 (2003). 
 An efficient orbital transformation method for electronic structure
 calculations.
 https://dx.doi.org/10.1063/1.1543154

 Lippert, G; Hutter, J; Parrinello, M. 
 THEORETICAL CHEMISTRY ACCOUNTS, 103 (2), 124-140 (1999). 
 The Gaussian and augmented-plane-wave density functional method for ab
 initio molecular dynamics simulations.
 https://dx.doi.org/10.1007/s002140050523

 Krack, M; Parrinello, M. 
 PHYSICAL CHEMISTRY CHEMICAL PHYSICS, 2 (10), 2105-2112 (2000). 
 All-electron ab-initio molecular dynamics.
 https://dx.doi.org/10.1039/b001167n

 Martyna, GJ; Tuckerman, ME. 
 JOURNAL OF CHEMICAL PHYSICS, 110 (6), 2810-2821 (1999). 
 A reciprocal space based method for treating long range interactions in
 ab initio and force-field-based calculations in clusters.
 https://dx.doi.org/10.1063/1.477923

 Perdew, JP; Burke, K; Ernzerhof, M. 
 PHYSICAL REVIEW LETTERS, 77 (18), 3865-3868 (1996). 
 Generalized gradient approximation made simple.
 https://dx.doi.org/10.1103/PhysRevLett.77.3865


 -------------------------------------------------------------------------------
 -                                                                             -
 -                                T I M I N G                                  -
 -                                                                             -
 -------------------------------------------------------------------------------
 SUBROUTINE                       CALLS  ASD         SELF TIME        TOTAL TIME
                                MAXIMUM       AVERAGE  MAXIMUM  AVERAGE  MAXIMUM
 CP2K                                 1  1.0    0.015    0.018   44.814   44.816
 qs_energies                          1  2.0    0.000    0.000   43.985   43.988
 scf_env_do_scf                       1  3.0    0.000    0.000   43.886   43.888
 scf_env_do_scf_inner_loop           89  4.0    0.002    0.006   43.343   43.346
 qs_ks_update_qs_env                 90  5.0    0.000    0.000   36.272   36.275
 rebuild_ks_matrix                   89  6.0    0.000    0.000   36.270   36.272
 qs_ks_build_kohn_sham_matrix        89  7.0    0.010    0.011   36.269   36.272
 pw_transfer                       2054  9.6    0.090    0.097   23.564   24.321
 fft_wrap_pw1pw2                   1787 10.7    0.013    0.014   23.209   23.963
 fft_wrap_pw1pw2_250               1070 11.8    1.640    1.739   22.494   23.356
 qs_vxc_create                       89  8.0    0.001    0.001   20.534   20.535
 xc_vxc_pw_create                    89  9.0    0.196    0.221   20.533   20.534
 fft3d_ps                          1787 12.7   11.793   13.005   17.599   18.395
 xc_rho_set_and_dset_create          89 10.0    0.092    0.107   11.492   12.234
 qs_rho_update_rho                   90  5.0    0.000    0.001    6.660    6.660
 calculate_rho_elec                  90  6.0    0.181    0.284    6.638    6.638
 rs_pw_transfer                    1073  9.5    0.010    0.011    6.391    6.483
 xc_functional_eval                 623 10.7    0.001    0.001    5.252    6.254
 pbe_lda_eval                       623 11.7    5.251    6.253    5.251    6.253
 density_rs2pw                       90  7.0    0.004    0.004    6.038    6.100
 mp_alltoall_z22v                  1787 14.7    3.613    5.600    3.613    5.600
 yz_to_x                            806 13.2    0.752    0.796    3.374    5.131
 sum_up_and_integrate                89  8.0    0.055    0.058    4.452    4.505
 prepare_gapw_den                    89  8.0    0.001    0.001    4.393    4.461
 integrate_v_rspace                  89  9.0    0.068    0.131    4.397    4.450
 potential_pw2rs                     89 10.0    0.007    0.007    4.307    4.309
 put_rho0_on_grid                    89  9.0    0.097    0.112    3.707    3.776
 rs_pw_transfer_PW2RS_250           178 11.0    1.553    1.578    2.750    2.807
 mp_sum_d                          3106  9.2    2.374    2.707    2.374    2.707
 rs_pw_transfer_RS2PW_250           179 10.0    1.581    1.624    2.577    2.621
 x_to_yz                            802 14.2    1.413    1.572    2.402    2.557
 pw_gather_p                        896 12.1    2.279    2.359    2.279    2.359
 calculate_vxc_atom                  89  8.0    0.043    0.255    2.155    2.155
 integrate_vhg0_rspace               89  8.0    0.025    0.031    1.761    1.798
 mp_waitany                        7140 11.5    1.667    1.781    1.667    1.781
 pw_scatter_p                       891 13.3    1.626    1.705    1.626    1.705
 gaVxcgb_GC                         267  9.0    0.090    1.440    0.090    1.440
 pw_derive                          534 10.5    1.181    1.308    1.181    1.308
 rs_grid_zero                       806  8.7    1.095    1.120    1.095    1.120
 qs_scf_new_mos                      89  5.0    0.000    0.000    1.015    1.018
 qs_scf_loop_do_ot                   89  6.0    0.000    0.000    1.014    1.017
 ot_scf_mini                         89  7.0    0.001    0.001    0.969    0.972
 dbcsr_multiply_generic            2055 10.2    0.042    0.053    0.910    0.923
 -------------------------------------------------------------------------------

 The number of warnings for this run is : 1
 
 -------------------------------------------------------------------------------
  **** **** ******  **  PROGRAM ENDED AT                 2021-07-19 08:51:51.011
 ***** ** ***  *** **   PROGRAM RAN ON                                     n1136
 **    ****   ******    PROGRAM RAN BY                                 ka_bh5670
 ***** **    ** ** **   PROGRAM PROCESS ID                               2291321
  **** **  *******  **  PROGRAM STOPPED IN /tmp/ka_bh5670.3062158/bh5670/sim/000
                                           005
