 DBCSR| CPU Multiplication driver                                           XSMM
 DBCSR| Multrec recursion limit                                              512
 DBCSR| Multiplication stack size                                           1000
 DBCSR| Maximum elements for images                                    UNLIMITED
 DBCSR| Multiplicative factor virtual images                                   1
 DBCSR| Use multiplication densification                                       T
 DBCSR| Multiplication size stacks                                             3
 DBCSR| Number of 3D layers                                               SINGLE
 DBCSR| Use MPI memory allocation                                              T
 DBCSR| Use RMA algorithm                                                      F
 DBCSR| Use Communication thread                                               T
 DBCSR| Communication thread load                                             87


  **** **** ******  **  PROGRAM STARTED AT               2021-07-19 08:51:06.334
 ***** ** ***  *** **   PROGRAM STARTED ON                                 n0314
 **    ****   ******    PROGRAM STARTED BY                             ka_bh5670
 ***** **    ** ** **   PROGRAM PROCESS ID                               2977283
  **** **  *******  **  PROGRAM STARTED IN /tmp/ka_bh5670.3062160/bh5670/sim/000
                                           007

 CP2K| version string:                                          CP2K version 7.1
 CP2K| source code revision number:                                  git:e635599
 CP2K| cp2kflags: libint fftw3 libxc parallel mpi3 scalapack xsmm spglib        
 CP2K| is freely available from                            https://www.cp2k.org/
 CP2K| Program compiled at                          Do 6. Mai 20:02:55 CEST 2021
 CP2K| Program compiled on                                                 n1731
 CP2K| Program compiled for                                                local
 CP2K| Data directory path    /lustre/home/ka/ka_int/ka_bh5670/cp2k/cp2k-7.1/dat
 CP2K| Input file name                                                  ot_2.inp

 GLOBAL| Force Environment number                                              1
 GLOBAL| Basis set file name                                 BASIS_CC_AUG_RI_NEW
 GLOBAL| Potential file name                                           POTENTIAL
 GLOBAL| MM Potential file name                                     MM_POTENTIAL
 GLOBAL| Coordinate file name                               dsgdb9nsd_000007.xyz
 GLOBAL| Method name                                                        CP2K
 GLOBAL| Project name                                                          2
 GLOBAL| Preferred FFT library                                             FFTW3
 GLOBAL| Preferred diagonalization lib.                                       SL
 GLOBAL| Run type                                                         ENERGY
 GLOBAL| All-to-all communication in single precision                          F
 GLOBAL| FFTs using library dependent lengths                                  T
 GLOBAL| Global print level                                                  LOW
 GLOBAL| MPI I/O enabled                                                       T
 GLOBAL| Total number of message passing processes                            16
 GLOBAL| Number of threads for this process                                    1
 GLOBAL| This output is from process                                           0
 GLOBAL| CPU model name                 Intel(R) Xeon(R) Gold 6252 CPU @ 2.10GHz
 GLOBAL| CPUID                                                              1003

 MEMORY| system memory details [Kb]
 MEMORY|                        rank 0           min           max       average
 MEMORY| MemTotal            196673224     196673224     196673224     196673224
 MEMORY| MemFree             170952764     170952764     170952764     170952764
 MEMORY| Buffers                     0             0             0             0
 MEMORY| Cached                4902788       4902788       4902788       4902788
 MEMORY| Slab                  1927904       1927904       1927904       1927904
 MEMORY| SReclaimable           512024        512024        512024        512024
 MEMORY| MemLikelyFree       176367576     176367576     176367576     176367576


 GENERATE|  Preliminary Number of Bonds generated:                             0
 GENERATE|  Achieved consistency in connectivity generation.

 *******************************************************************************
 *******************************************************************************
 **                                                                           **
 **     #####                         ##              ##                      **
 **    ##   ##            ##          ##              ##                      **
 **   ##     ##                       ##            ######                    **
 **   ##     ##  ##   ##  ##   #####  ##  ##   ####   ##    #####    #####    **
 **   ##     ##  ##   ##  ##  ##      ## ##   ##      ##   ##   ##  ##   ##   **
 **   ##  ## ##  ##   ##  ##  ##      ####     ###    ##   ######   ######    **
 **    ##  ###   ##   ##  ##  ##      ## ##      ##   ##   ##       ##        **
 **     #######   #####   ##   #####  ##  ##  ####    ##    #####   ##        **
 **           ##                                                    ##        **
 **                                                                           **
 **                                                ... make the atoms dance   **
 **                                                                           **
 **            Copyright (C) by CP2K developers group (2000 - 2019)           **
 **                                                                           **
 *******************************************************************************


 TOTAL NUMBERS AND MAXIMUM NUMBERS

  Total number of            - Atomic kinds:                                   2
                             - Atoms:                                          8
                             - Shell sets:                                    36
                             - Shells:                                        48
                             - Primitive Cartesian functions:                 76
                             - Cartesian basis functions:                    104
                             - Spherical basis functions:                    100

  Maximum angular momentum of the orbital basis functions:                     2


 SCF PARAMETERS         Density guess:                                   RESTART
                        --------------------------------------------------------
                        max_scf:                                            1000
                        max_scf_history:                                       0
                        max_diis:                                              4
                        --------------------------------------------------------
                        eps_scf:                                        1.00E-10
                        eps_scf_history:                                0.00E+00
                        eps_diis:                                       1.00E-01
                        eps_eigval:                                     1.00E-05
                        --------------------------------------------------------
                        level_shift [a.u.]:                                 0.00
                        --------------------------------------------------------
                        No outer SCF

 Number of electrons:                                                         18
 Number of occupied orbitals:                                                  9
 Number of molecular orbitals:                                                 9

 Number of orbital functions:                                                100
 Number of independent orbital functions:                                    100

 Extrapolation method: initial_guess

 *** WARNING in qs_initial_guess.F:280 :: User requested to restart the   ***
 *** wavefunction from the file named: 2-RESTART.wfn. This file does not  ***
 *** exist. Please check the existence of the file or change properly the ***
 *** value of the keyword WFN_RESTART_FILE_NAME. Calculation continues    ***
 *** using ATOMIC GUESS.                                                  ***



 SCF WAVEFUNCTION OPTIMIZATION

  ----------------------------------- OT ---------------------------------------
  Minimizer      : DIIS                : direct inversion
                                         in the iterative subspace
                                         using   7 DIIS vectors
                                         safer DIIS on
  Preconditioner : FULL_ALL            : diagonalization, state selective
  Precond_solver : DEFAULT
  stepsize       :    0.04000000                  energy_gap     :    0.00100000
  eps_taylor     :   0.10000E-15                  max_taylor     :             4
  ----------------------------------- OT ---------------------------------------

  Step     Update method      Time    Convergence         Total energy    Change
  ------------------------------------------------------------------------------
     1 OT DIIS     0.40E-01    0.7     0.69622682       -63.5439407361 -6.35E+01
     2 OT DIIS     0.40E-01    0.7     0.25493875       -76.6304811842 -1.31E+01
     3 OT DIIS     0.40E-01    0.7     0.13576567       -77.8671717622 -1.24E+00
     4 OT DIIS     0.40E-01    0.7     0.07465408       -78.2091023491 -3.42E-01
     5 OT DIIS     0.40E-01    0.7     0.04491358       -78.8758517155 -6.67E-01
     6 OT DIIS     0.40E-01    0.7     0.03620630       -79.0387282382 -1.63E-01
     7 OT SD       0.40E-01    0.7     0.06023346       -79.2401938631 -2.01E-01
     8 OT DIIS     0.40E-01    0.7     0.02447757       -79.3189700065 -7.88E-02
     9 OT DIIS     0.40E-01    0.7     0.02262173       -79.3637431379 -4.48E-02
    10 OT DIIS     0.40E-01    0.7     0.02337373       -79.4733656954 -1.10E-01
    11 OT DIIS     0.40E-01    0.7     0.02532809       -79.5157388296 -4.24E-02
    12 OT DIIS     0.40E-01    0.7     0.02568454       -79.5365192455 -2.08E-02
    13 OT DIIS     0.40E-01    0.7     0.00999744       -79.6520597021 -1.16E-01
    14 OT DIIS     0.40E-01    0.7     0.01262273       -79.6613080777 -9.25E-03
    15 OT SD       0.40E-01    0.7     0.01064788       -79.6616271160 -3.19E-04
    16 OT DIIS     0.40E-01    0.7     0.00741869       -79.6647837860 -3.16E-03
    17 OT DIIS     0.40E-01    0.7     0.00554150       -79.6833103411 -1.85E-02
    18 OT DIIS     0.40E-01    0.7     0.00762010       -79.6913425870 -8.03E-03
    19 OT DIIS     0.40E-01    0.7     0.00989220       -79.6893065063  2.04E-03
    20 OT DIIS     0.40E-01    0.7     0.00351191       -79.6966651126 -7.36E-03
    21 OT DIIS     0.40E-01    0.7     0.00445008       -79.6967012034 -3.61E-05
    22 OT DIIS     0.40E-01    0.7     0.00378448       -79.7000822623 -3.38E-03
    23 OT DIIS     0.40E-01    0.7     0.00519645       -79.7006261729 -5.44E-04
    24 OT DIIS     0.40E-01    0.7     0.00218325       -79.7033074581 -2.68E-03
    25 OT DIIS     0.40E-01    0.7     0.00180824       -79.7036397122 -3.32E-04
    26 OT DIIS     0.40E-01    0.7     0.00173054       -79.7040078197 -3.68E-04
    27 OT DIIS     0.40E-01    0.7     0.00149161       -79.7044829905 -4.75E-04
    28 OT DIIS     0.40E-01    0.7     0.00129241       -79.7047020870 -2.19E-04
    29 OT DIIS     0.40E-01    0.7     0.00093477       -79.7050963429 -3.94E-04
    30 OT DIIS     0.40E-01    0.7     0.00076958       -79.7052146441 -1.18E-04
    31 OT DIIS     0.40E-01    0.7     0.00066064       -79.7053290035 -1.14E-04
    32 OT DIIS     0.40E-01    0.7     0.00061017       -79.7053484813 -1.95E-05
    33 OT DIIS     0.40E-01    0.7     0.00049836       -79.7054540160 -1.06E-04
    34 OT DIIS     0.40E-01    0.7     0.00040672       -79.7055405224 -8.65E-05
    35 OT DIIS     0.40E-01    0.7     0.00036877       -79.7055669005 -2.64E-05
    36 OT DIIS     0.40E-01    0.7     0.00031467       -79.7055998675 -3.30E-05
    37 OT DIIS     0.40E-01    0.7     0.00021072       -79.7056538022 -5.39E-05
    38 OT DIIS     0.40E-01    0.7     0.00019180       -79.7056592751 -5.47E-06
    39 OT DIIS     0.40E-01    0.7     0.00015716       -79.7056660650 -6.79E-06
    40 OT DIIS     0.40E-01    0.7     0.00008456       -79.7056733718 -7.31E-06
    41 OT DIIS     0.40E-01    0.7     0.00007239       -79.7056740751 -7.03E-07
    42 OT DIIS     0.40E-01    0.7     0.00004956       -79.7056751710 -1.10E-06
    43 OT DIIS     0.40E-01    0.7     0.00003813       -79.7056755857 -4.15E-07
    44 OT DIIS     0.40E-01    0.7     0.00003532       -79.7056756450 -5.92E-08
    45 OT DIIS     0.40E-01    0.7     0.00003235       -79.7056757080 -6.31E-08
    46 OT DIIS     0.40E-01    0.7     0.00002110       -79.7056762591 -5.51E-07
    47 OT DIIS     0.40E-01    0.7     0.00001822       -79.7056763774 -1.18E-07
    48 OT DIIS     0.40E-01    0.7     0.00001479       -79.7056764633 -8.59E-08
    49 OT DIIS     0.40E-01    0.7     0.00001217       -79.7056765106 -4.73E-08
    50 OT DIIS     0.40E-01    0.7     0.00001086       -79.7056765365 -2.58E-08
    51 OT DIIS     0.40E-01    0.7     0.00000663       -79.7056765958 -5.94E-08
    52 OT DIIS     0.40E-01    0.7     0.00000550       -79.7056766048 -8.96E-09
    53 OT DIIS     0.40E-01    0.7     0.00000516       -79.7056766067 -1.90E-09
    54 OT DIIS     0.40E-01    0.7     0.00000441       -79.7056766120 -5.25E-09
    55 OT DIIS     0.40E-01    0.7     0.00000342       -79.7056766193 -7.30E-09
    56 OT DIIS     0.40E-01    0.7     0.00000295       -79.7056766229 -3.62E-09
    57 OT DIIS     0.40E-01    0.7     0.00000239       -79.7056766257 -2.82E-09
    58 OT DIIS     0.40E-01    0.7     0.00000210       -79.7056766270 -1.25E-09
    59 OT DIIS     0.40E-01    0.7     0.00000168       -79.7056766282 -1.25E-09
    60 OT DIIS     0.40E-01    0.7     0.00000128       -79.7056766290 -7.67E-10
    61 OT DIIS     0.40E-01    0.7     0.00000116       -79.7056766291 -1.60E-10
    62 OT DIIS     0.40E-01    0.7     0.00000097       -79.7056766294 -2.25E-10
    63 OT DIIS     0.40E-01    0.7     0.00000074       -79.7056766296 -2.94E-10
    64 OT DIIS     0.40E-01    0.7     0.00000066       -79.7056766298 -1.18E-10
    65 OT DIIS     0.40E-01    0.7     0.00000058       -79.7056766299 -1.11E-10
    66 OT DIIS     0.40E-01    0.7     0.00000053       -79.7056766300 -7.77E-11
    67 OT DIIS     0.40E-01    0.7     0.00000045       -79.7056766300 -8.83E-11
    68 OT DIIS     0.40E-01    0.7     0.00000036       -79.7056766301 -8.11E-11
    69 OT DIIS     0.40E-01    0.7     0.00000032       -79.7056766301 -2.21E-11
    70 OT DIIS     0.40E-01    0.7     0.00000028       -79.7056766302 -2.03E-11
    71 OT DIIS     0.40E-01    0.7     0.00000022       -79.7056766302 -2.70E-11
    72 OT DIIS     0.40E-01    0.7     0.00000019       -79.7056766302 -1.18E-11
    73 OT DIIS     0.40E-01    0.7     0.00000016       -79.7056766302 -1.04E-11
    74 OT DIIS     0.40E-01    0.7     0.00000014       -79.7056766302 -5.78E-12
    75 OT DIIS     0.40E-01    0.7     0.00000011       -79.7056766302 -6.10E-12
    76 OT DIIS     0.40E-01    0.7     0.00000010       -79.7056766302 -3.78E-12
    77 OT DIIS     0.40E-01    0.7     0.00000009       -79.7056766302 -2.63E-12
    78 OT DIIS     0.40E-01    0.7     0.00000008       -79.7056766302 -1.96E-12
    79 OT DIIS     0.40E-01    0.7     0.00000006       -79.7056766302 -3.51E-12
    80 OT DIIS     0.40E-01    0.7     0.00000005       -79.7056766302 -1.93E-12
    81 OT DIIS     0.40E-01    0.7     0.00000005       -79.7056766302 -2.13E-12
    82 OT DIIS     0.40E-01    0.7     0.00000004       -79.7056766302 -1.19E-12
    83 OT DIIS     0.40E-01    0.7     0.00000003       -79.7056766302 -1.75E-12
    84 OT DIIS     0.40E-01    0.7     0.00000003       -79.7056766302 -1.08E-12
    85 OT DIIS     0.40E-01    0.7     0.00000002       -79.7056766302 -1.88E-12
    86 OT DIIS     0.40E-01    0.7     0.00000002       -79.7056766302 -8.95E-13
    87 OT DIIS     0.40E-01    0.7     0.00000002       -79.7056766302 -1.53E-12
    88 OT DIIS     0.40E-01    0.7     0.00000001       -79.7056766302 -1.22E-12
    89 OT DIIS     0.40E-01    0.7     0.00000001       -79.7056766303 -1.22E-12
    90 OT DIIS     0.40E-01    0.7     9.9053E-09       -79.7056766303 -1.07E-12
    91 OT DIIS     0.40E-01    0.7     8.5202E-09       -79.7056766303 -1.07E-12
    92 OT DIIS     0.40E-01    0.7     6.9904E-09       -79.7056766303 -1.25E-12
    93 OT DIIS     0.40E-01    0.7     5.9758E-09       -79.7056766303 -9.81E-13
    94 OT DIIS     0.40E-01    0.7     5.4950E-09       -79.7056766303 -8.67E-13
    95 OT DIIS     0.40E-01    0.7     4.8605E-09       -79.7056766303 -9.52E-13
    96 OT DIIS     0.40E-01    0.7     3.8412E-09       -79.7056766303 -1.53E-12
    97 OT DIIS     0.40E-01    0.7     3.2832E-09       -79.7056766303 -1.24E-12
    98 OT DIIS     0.40E-01    0.7     2.7420E-09       -79.7056766303 -9.95E-13
    99 OT DIIS     0.40E-01    0.7     2.3655E-09       -79.7056766303 -1.08E-12
   100 OT DIIS     0.40E-01    0.7     1.9031E-09       -79.7056766303 -1.48E-12
   101 OT DIIS     0.40E-01    0.7     1.6370E-09       -79.7056766303 -1.12E-12
   102 OT DIIS     0.40E-01    0.7     1.4767E-09       -79.7056766303 -6.54E-13
   103 OT DIIS     0.40E-01    0.7     1.2943E-09       -79.7056766303 -8.95E-13
   104 OT DIIS     0.40E-01    0.7     9.7086E-10       -79.7056766303 -1.68E-12
   105 OT DIIS     0.40E-01    0.7     8.4577E-10       -79.7056766303 -9.81E-13
   106 OT DIIS     0.40E-01    0.7     6.9141E-10       -79.7056766303 -1.26E-12
   107 OT DIIS     0.40E-01    0.7     6.0754E-10       -79.7056766303 -8.81E-13
   108 OT DIIS     0.40E-01    0.7     4.7973E-10       -79.7056766303 -1.42E-12
   109 OT DIIS     0.40E-01    0.7     4.0409E-10       -79.7056766303 -1.14E-12
   110 OT DIIS     0.40E-01    0.7     3.5245E-10       -79.7056766303 -9.52E-13
   111 OT DIIS     0.40E-01    0.7     3.1109E-10       -79.7056766303 -8.81E-13
   112 OT DIIS     0.40E-01    0.7     2.4107E-10       -79.7056766303 -1.46E-12
   113 OT DIIS     0.40E-01    0.7     2.1498E-10       -79.7056766303 -1.02E-12
   114 OT DIIS     0.40E-01    0.7     1.7942E-10       -79.7056766303 -1.02E-12
   115 OT DIIS     0.40E-01    0.7     1.5951E-10       -79.7056766303 -9.09E-13
   116 OT DIIS     0.40E-01    0.7     1.2553E-10       -79.7056766303 -1.53E-12
   117 OT DIIS     0.40E-01    0.7     1.0663E-10       -79.7056766303 -1.19E-12
   118 OT DIIS     0.40E-01    0.7     9.3075E-11       -79.7056766303 -8.95E-13

  *** SCF run converged in   118 steps ***


  Electronic density on regular grids:        -14.2193779113        3.7806220887
  Core density on regular grids:               18.0000000000       -0.0000000000
  Hard and soft densities (Lebedev):         -102.0749008380      -98.2942786344
  Total Rho_soft + Rho1_hard - Rho1_soft      -18.0000001149
  Total charge density (r-space):              -0.0000001149
  Total Rho_soft + Rho0_soft (g-space):        -0.0000001496

  Overlap energy of the core charge distribution:               0.00000468880597
  Self energy of the core charge distribution:                -66.68833699131878
  Core Hamiltonian energy:                                    -11.59650834068692
  Hartree energy:                                              26.99471313694053
  Exchange-correlation energy:                                 -5.80107097227809

  GAPW| Exc from hard and soft atomic rho1:                    -7.14689615927841
  GAPW| local Eh = 1 center integrals:                        -15.46758199246714

  Total energy:                                               -79.70567663028284

 ENERGY| Total FORCE_EVAL ( QS ) energy (a.u.):              -79.705676630282838


 -------------------------------------------------------------------------------
 -                                                                             -
 -                                DBCSR STATISTICS                             -
 -                                                                             -
 -------------------------------------------------------------------------------
 COUNTER                                    TOTAL       BLAS       SMM       ACC
 flops     9 x    23 x     9              2660364       0.0%    100.0%      0.0%
 flops    23 x    23 x     9              3399354       0.0%    100.0%      0.0%
 flops     9 x     9 x    27              4137804       0.0%    100.0%      0.0%
 flops    27 x     9 x     9              5170068       0.0%    100.0%      0.0%
 flops    23 x     9 x    27             10641456       0.0%    100.0%      0.0%
 flops    27 x     9 x    23             10641456       0.0%    100.0%      0.0%
 flops    27 x     9 x    27             12492144       0.0%    100.0%      0.0%
 flops     9 x     9 x    23             14434524       0.0%    100.0%      0.0%
 flops    23 x     9 x     9             17974224       0.0%    100.0%      0.0%
 flops     9 x     9 x     9             17990262       0.0%    100.0%      0.0%
 flops    23 x     9 x    23             18358416       0.0%    100.0%      0.0%
 flops inhomo. stacks                           0       0.0%      0.0%      0.0%
 flops total                       117.900072E+06       0.0%    100.0%      0.0%
 flops max/rank                     32.492232E+06       0.0%    100.0%      0.0%
 matmuls inhomo. stacks                         0       0.0%      0.0%      0.0%
 matmuls total                              29020       0.0%    100.0%      0.0%
 number of processed stacks                 14809       0.0%    100.0%      0.0%
 average stack size                                     0.0       2.0       0.0
 marketing flops                   126.971064E+06
 -------------------------------------------------------------------------------
 # multiplications                           2722
 max memory usage/rank             318.124032E+06
 # max total images/rank                        1
 # max 3D layers                                1
 # MPI messages exchanged                  261312
 MPI messages size (bytes):
  total size                       169.685824E+06
  min size                           0.000000E+00
  max size                           5.832000E+03
  average size                     649.361023E+00
 MPI breakdown and total messages size (bytes):
             size <=      128              202983                        0
       128 < size <=     8192               58329                169685832
      8192 < size <=    32768                   0                        0
     32768 < size <=   131072                   0                        0
    131072 < size <=  4194304                   0                        0
   4194304 < size <= 16777216                   0                        0
  16777216 < size                               0                        0
 -------------------------------------------------------------------------------
 -                                                                             -
 -                      DBCSR MESSAGE PASSING PERFORMANCE                      -
 -                                                                             -
 -------------------------------------------------------------------------------
 ROUTINE             CALLS      AVE VOLUME [Bytes]
 MP_Group              139
 MP_Bcast               12                     12.
 MP_Allreduce        14676                      8.
 MP_Alltoall          8843                    529.
 MP_Wait            130656
 MP_ISend            43548                    446.
 MP_IRecv            43548                    391.
 MP_Memory           92582
 -------------------------------------------------------------------------------

 MEMORY| Estimated peak process memory [MiB]                                 304

 -------------------------------------------------------------------------------
 -                                                                             -
 -                         MESSAGE PASSING PERFORMANCE                         -
 -                                                                             -
 -------------------------------------------------------------------------------

 ROUTINE             CALLS      AVE VOLUME [Bytes]
 MP_Group                6
 MP_Bcast             4861                1116245.
 MP_Allreduce         9997                   2630.
 MP_Sync               126
 MP_Alltoall          2619                9872806.
 MP_ISendRecv        14220                 139888.
 MP_Wait             19423
 MP_comm_split         121
 MP_ISend             3784                1166247.
 MP_IRecv             3784                1166233.
 MP_Recv                12                   2400.
 -------------------------------------------------------------------------------


 -------------------------------------------------------------------------------
 -                                                                             -
 -                           R E F E R E N C E S                               -
 -                                                                             -
 -------------------------------------------------------------------------------
 
 CP2K version 7.1, the CP2K developers group (2019).
 CP2K is freely available from https://www.cp2k.org/ .

 Schuett, Ole; Messmer, Peter; Hutter, Juerg; VandeVondele, Joost. 
 Electronic Structure Calculations on Graphics Processing Units, John
 Wiley & Sons, Ltd, 173-190 (2016). 
 GPU-Accelerated Sparse Matrix-Matrix Multiplication for
 Linear Scaling Density Functional Theory.
 https://dx.doi.org/10.1002/9781118670712.ch8

 Borstnik, U; VandeVondele, J; Weber, V; Hutter, J. 
 PARALLEL COMPUTING, 40 (5-6), 47-58 (2014). 
 Sparse matrix multiplication: The distributed block-compressed sparse
 row library.
 https://dx.doi.org/10.1016/j.parco.2014.03.012

 Hutter, J; Iannuzzi, M; Schiffmann, F; VandeVondele, J. 
 WIREs Comput Mol Sci., 4 (1), 15-25 (2014). 
 CP2K: atomistic simulations of condensed matter systems.
 https://dx.doi.org/10.1002/wcms.1159

 Frigo, M; Johnson, SG. 
 PROCEEDINGS OF THE IEEE, 93 (2), 216-231 (2005). 
 The design and implementation of FFTW3.
 https://dx.doi.org/10.1109/JPROC.2004.840301

 VandeVondele, J; Hutter, J. 
 JOURNAL OF CHEMICAL PHYSICS, 118 (10), 4365-4369 (2003). 
 An efficient orbital transformation method for electronic structure
 calculations.
 https://dx.doi.org/10.1063/1.1543154

 Lippert, G; Hutter, J; Parrinello, M. 
 THEORETICAL CHEMISTRY ACCOUNTS, 103 (2), 124-140 (1999). 
 The Gaussian and augmented-plane-wave density functional method for ab
 initio molecular dynamics simulations.
 https://dx.doi.org/10.1007/s002140050523

 Krack, M; Parrinello, M. 
 PHYSICAL CHEMISTRY CHEMICAL PHYSICS, 2 (10), 2105-2112 (2000). 
 All-electron ab-initio molecular dynamics.
 https://dx.doi.org/10.1039/b001167n

 Martyna, GJ; Tuckerman, ME. 
 JOURNAL OF CHEMICAL PHYSICS, 110 (6), 2810-2821 (1999). 
 A reciprocal space based method for treating long range interactions in
 ab initio and force-field-based calculations in clusters.
 https://dx.doi.org/10.1063/1.477923

 Perdew, JP; Burke, K; Ernzerhof, M. 
 PHYSICAL REVIEW LETTERS, 77 (18), 3865-3868 (1996). 
 Generalized gradient approximation made simple.
 https://dx.doi.org/10.1103/PhysRevLett.77.3865


 -------------------------------------------------------------------------------
 -                                                                             -
 -                                T I M I N G                                  -
 -                                                                             -
 -------------------------------------------------------------------------------
 SUBROUTINE                       CALLS  ASD         SELF TIME        TOTAL TIME
                                MAXIMUM       AVERAGE  MAXIMUM  AVERAGE  MAXIMUM
 CP2K                                 1  1.0    0.016    0.019   80.637   80.640
 qs_energies                          1  2.0    0.000    0.000   79.997   79.999
 scf_env_do_scf                       1  3.0    0.000    0.000   79.864   79.867
 scf_env_do_scf_inner_loop          118  4.0    0.003    0.007   79.151   79.154
 qs_ks_update_qs_env                119  5.0    0.001    0.001   65.752   65.755
 rebuild_ks_matrix                  118  6.0    0.000    0.000   65.749   65.752
 qs_ks_build_kohn_sham_matrix       118  7.0    0.014    0.015   65.749   65.752
 pw_transfer                       2721  9.6    0.123    0.133   44.786   46.455
 fft_wrap_pw1pw2                   2367 10.7    0.018    0.019   44.129   45.805
 fft_wrap_pw1pw2_250               1418 11.8    3.310    3.540   42.725   44.638
 qs_vxc_create                      118  8.0    0.001    0.002   39.096   39.097
 xc_vxc_pw_create                   118  9.0    0.391    0.432   39.094   39.096
 fft3d_ps                          2367 12.7   21.183   22.063   32.852   35.006
 xc_rho_set_and_dset_create         118 10.0    0.190    0.208   22.508   23.906
 qs_rho_update_rho                  119  5.0    0.001    0.001   12.882   12.883
 calculate_rho_elec                 119  6.0    0.507    0.556   12.838   12.839
 rs_pw_transfer                    1421  9.5    0.013    0.014   12.065   12.173
 density_rs2pw                      119  7.0    0.005    0.006   11.545   11.651
 xc_functional_eval                 590 10.5    0.001    0.002    9.805   11.094
 pbe_lda_eval                       590 11.5    9.804   11.093    9.804   11.093
 sum_up_and_integrate               118  8.0    0.101    0.105    8.422    8.433
 integrate_v_rspace                 118  9.0    0.245    0.288    8.320    8.343
 yz_to_x                           1186 13.1    2.703    2.998    5.997    8.104
 potential_pw2rs                    118 10.0    0.014    0.015    8.027    8.038
 prepare_gapw_den                   118  8.0    0.001    0.001    7.443    7.606
 mp_alltoall_z22v                  2367 14.7    5.052    7.404    5.052    7.404
 put_rho0_on_grid                   118  9.0    0.186    0.216    6.945    7.108
 x_to_yz                           1181 14.3    3.883    4.209    5.639    6.053
 rs_pw_transfer_PW2RS_250           236 11.0    3.056    3.122    5.127    5.216
 rs_pw_transfer_RS2PW_250           237 10.0    3.299    3.339    5.028    5.106
 pw_gather_p                       1186 12.1    4.525    4.873    4.525    4.873
 pw_scatter_p                      1181 13.3    3.306    3.459    3.306    3.459
 integrate_vhg0_rspace              118  8.0    0.041    0.068    3.262    3.310
 mp_waitany                        3784 11.5    2.827    3.016    2.827    3.016
 mp_sum_d                          4203  9.7    1.973    2.660    1.973    2.660
 pw_derive                          708 10.5    2.376    2.576    2.376    2.576
 rs_grid_zero                      1067  8.7    1.998    2.016    1.998    2.016
 pw_copy                           1652 10.5    1.714    1.775    1.714    1.775
 calculate_vxc_atom                 118  8.0    0.055    0.185    1.654    1.654
 -------------------------------------------------------------------------------

 The number of warnings for this run is : 1
 
 -------------------------------------------------------------------------------
  **** **** ******  **  PROGRAM ENDED AT                 2021-07-19 08:52:27.411
 ***** ** ***  *** **   PROGRAM RAN ON                                     n0314
 **    ****   ******    PROGRAM RAN BY                                 ka_bh5670
 ***** **    ** ** **   PROGRAM PROCESS ID                               2977283
  **** **  *******  **  PROGRAM STOPPED IN /tmp/ka_bh5670.3062160/bh5670/sim/000
                                           007
