 DBCSR| CPU Multiplication driver                                           XSMM
 DBCSR| Multrec recursion limit                                              512
 DBCSR| Multiplication stack size                                           1000
 DBCSR| Maximum elements for images                                    UNLIMITED
 DBCSR| Multiplicative factor virtual images                                   1
 DBCSR| Use multiplication densification                                       T
 DBCSR| Multiplication size stacks                                             3
 DBCSR| Number of 3D layers                                               SINGLE
 DBCSR| Use MPI memory allocation                                              T
 DBCSR| Use RMA algorithm                                                      F
 DBCSR| Use Communication thread                                               T
 DBCSR| Communication thread load                                             87


  **** **** ******  **  PROGRAM STARTED AT               2021-07-19 08:51:05.530
 ***** ** ***  *** **   PROGRAM STARTED ON                                 n1233
 **    ****   ******    PROGRAM STARTED BY                             ka_bh5670
 ***** **    ** ** **   PROGRAM PROCESS ID                               2131153
  **** **  *******  **  PROGRAM STARTED IN /tmp/ka_bh5670.3062155/bh5670/sim/000
                                           002

 CP2K| version string:                                          CP2K version 7.1
 CP2K| source code revision number:                                  git:e635599
 CP2K| cp2kflags: libint fftw3 libxc parallel mpi3 scalapack xsmm spglib        
 CP2K| is freely available from                            https://www.cp2k.org/
 CP2K| Program compiled at                          Do 6. Mai 20:02:55 CEST 2021
 CP2K| Program compiled on                                                 n1731
 CP2K| Program compiled for                                                local
 CP2K| Data directory path    /lustre/home/ka/ka_int/ka_bh5670/cp2k/cp2k-7.1/dat
 CP2K| Input file name                                                  ot_3.inp

 GLOBAL| Force Environment number                                              1
 GLOBAL| Basis set file name                                 BASIS_CC_AUG_RI_NEW
 GLOBAL| Potential file name                                           POTENTIAL
 GLOBAL| MM Potential file name                                     MM_POTENTIAL
 GLOBAL| Coordinate file name                               dsgdb9nsd_000002.xyz
 GLOBAL| Method name                                                        CP2K
 GLOBAL| Project name                                                          3
 GLOBAL| Preferred FFT library                                             FFTW3
 GLOBAL| Preferred diagonalization lib.                                       SL
 GLOBAL| Run type                                                         ENERGY
 GLOBAL| All-to-all communication in single precision                          F
 GLOBAL| FFTs using library dependent lengths                                  T
 GLOBAL| Global print level                                                  LOW
 GLOBAL| MPI I/O enabled                                                       T
 GLOBAL| Total number of message passing processes                            16
 GLOBAL| Number of threads for this process                                    1
 GLOBAL| This output is from process                                           0
 GLOBAL| CPU model name                 Intel(R) Xeon(R) Gold 6252 CPU @ 2.10GHz
 GLOBAL| CPUID                                                              1003

 MEMORY| system memory details [Kb]
 MEMORY|                        rank 0           min           max       average
 MEMORY| MemTotal            196673224     196673224     196673224     196673224
 MEMORY| MemFree             167452736     167452736     167452736     167452736
 MEMORY| Buffers                     0             0             0             0
 MEMORY| Cached                4957312       4957312       4957312       4957312
 MEMORY| Slab                  3142484       3142484       3142484       3142484
 MEMORY| SReclaimable          1583824       1583824       1583824       1583824
 MEMORY| MemLikelyFree       173993872     173993872     173993872     173993872


 GENERATE|  Preliminary Number of Bonds generated:                             0
 GENERATE|  Achieved consistency in connectivity generation.

 *******************************************************************************
 *******************************************************************************
 **                                                                           **
 **     #####                         ##              ##                      **
 **    ##   ##            ##          ##              ##                      **
 **   ##     ##                       ##            ######                    **
 **   ##     ##  ##   ##  ##   #####  ##  ##   ####   ##    #####    #####    **
 **   ##     ##  ##   ##  ##  ##      ## ##   ##      ##   ##   ##  ##   ##   **
 **   ##  ## ##  ##   ##  ##  ##      ####     ###    ##   ######   ######    **
 **    ##  ###   ##   ##  ##  ##      ## ##      ##   ##   ##       ##        **
 **     #######   #####   ##   #####  ##  ##  ####    ##    #####   ##        **
 **           ##                                                    ##        **
 **                                                                           **
 **                                                ... make the atoms dance   **
 **                                                                           **
 **            Copyright (C) by CP2K developers group (2000 - 2019)           **
 **                                                                           **
 *******************************************************************************


 TOTAL NUMBERS AND MAXIMUM NUMBERS

  Total number of            - Atomic kinds:                                   2
                             - Atoms:                                          4
                             - Shell sets:                                    26
                             - Shells:                                        41
                             - Primitive Cartesian functions:                 55
                             - Cartesian basis functions:                    130
                             - Spherical basis functions:                    115

  Maximum angular momentum of the orbital basis functions:                     3


 SCF PARAMETERS         Density guess:                                   RESTART
                        --------------------------------------------------------
                        max_scf:                                            1000
                        max_scf_history:                                       0
                        max_diis:                                              4
                        --------------------------------------------------------
                        eps_scf:                                        1.00E-10
                        eps_scf_history:                                0.00E+00
                        eps_diis:                                       1.00E-01
                        eps_eigval:                                     1.00E-05
                        --------------------------------------------------------
                        level_shift [a.u.]:                                 0.00
                        --------------------------------------------------------
                        No outer SCF

 Number of electrons:                                                         10
 Number of occupied orbitals:                                                  5
 Number of molecular orbitals:                                                 5

 Number of orbital functions:                                                115
 Number of independent orbital functions:                                    115

 Extrapolation method: initial_guess
  READ RESTART : WARNING : DIFFERENT # AOs          115          50

 *** WARNING in qs_mo_io.F:798 :: The number of MOs on the restart unit is ***
 *** greater than the number of the allocated MOs. The read MO set will be ***
 *** truncated!                                                            ***



 SCF WAVEFUNCTION OPTIMIZATION

  ----------------------------------- OT ---------------------------------------
  Minimizer      : DIIS                : direct inversion
                                         in the iterative subspace
                                         using   7 DIIS vectors
                                         safer DIIS on
  Preconditioner : FULL_ALL            : diagonalization, state selective
  Precond_solver : DEFAULT
  stepsize       :    0.04000000                  energy_gap     :    0.00100000
  eps_taylor     :   0.10000E-15                  max_taylor     :             4
  ----------------------------------- OT ---------------------------------------

  Step     Update method      Time    Convergence         Total energy    Change
  ------------------------------------------------------------------------------
     1 OT DIIS     0.40E-01    0.6     0.12460282       -56.0060321932 -5.60E+01
     2 OT DIIS     0.40E-01    0.6     0.07269272       -56.2862507030 -2.80E-01
     3 OT DIIS     0.40E-01    0.6     0.03249712       -56.4424991052 -1.56E-01
     4 OT DIIS     0.40E-01    0.6     0.01262901       -56.5008566993 -5.84E-02
     5 OT DIIS     0.40E-01    0.6     0.00478149       -56.5096044226 -8.75E-03
     6 OT DIIS     0.40E-01    0.6     0.00214552       -56.5109232458 -1.32E-03
     7 OT DIIS     0.40E-01    0.6     0.00188041       -56.5110490759 -1.26E-04
     8 OT DIIS     0.40E-01    0.6     0.00042134       -56.5111756673 -1.27E-04
     9 OT DIIS     0.40E-01    0.6     0.00035084       -56.5111807308 -5.06E-06
    10 OT DIIS     0.40E-01    0.6     0.00008388       -56.5111926115 -1.19E-05
    11 OT DIIS     0.40E-01    0.6     0.00010685       -56.5111929341 -3.23E-07
    12 OT DIIS     0.40E-01    0.6     0.00002107       -56.5111932512 -3.17E-07
    13 OT DIIS     0.40E-01    0.6     0.00001794       -56.5111932651 -1.39E-08
    14 OT DIIS     0.40E-01    0.6     0.00000601       -56.5111932963 -3.12E-08
    15 OT DIIS     0.40E-01    0.6     0.00000500       -56.5111932975 -1.19E-09
    16 OT DIIS     0.40E-01    0.6     0.00000221       -56.5111932996 -2.07E-09
    17 OT DIIS     0.40E-01    0.6     0.00000190       -56.5111932997 -1.32E-10
    18 OT DIIS     0.40E-01    0.6     0.00000060       -56.5111933000 -3.31E-10
    19 OT DIIS     0.40E-01    0.6     0.00000027       -56.5111933000 -2.52E-11
    20 OT DIIS     0.40E-01    0.6     0.00000021       -56.5111933001 -2.42E-12
    21 OT DIIS     0.40E-01    0.6     0.00000006       -56.5111933001 -3.91E-12
    22 OT DIIS     0.40E-01    0.6     0.00000004       -56.5111933001  6.96E-13
    23 OT DIIS     0.40E-01    0.6     0.00000003       -56.5111933001  7.89E-13
    24 OT DIIS     0.40E-01    0.6     0.00000002       -56.5111933001  4.48E-13
    25 OT DIIS     0.40E-01    0.6     0.00000002       -56.5111933001 -4.26E-14
    26 OT DIIS     0.40E-01    0.6     0.00000001       -56.5111933001  7.82E-13
    27 OT DIIS     0.40E-01    0.6     4.2114E-09       -56.5111933001  6.89E-13
    28 OT DIIS     0.40E-01    0.6     3.0410E-09       -56.5111933001  1.49E-12
    29 OT DIIS     0.40E-01    0.6     2.5033E-09       -56.5111933000  8.03E-13
    30 OT DIIS     0.40E-01    0.6     4.5479E-10       -56.5111933000  3.89E-12
    31 OT DIIS     0.40E-01    0.6     3.7704E-10       -56.5111933000  4.05E-13
    32 OT DIIS     0.40E-01    0.6     2.7080E-10       -56.5111933000  1.63E-13
    33 OT DIIS     0.40E-01    0.6     1.7612E-10       -56.5111933000  3.77E-13
    34 OT DIIS     0.40E-01    0.6     1.4221E-10       -56.5111933000  7.25E-13
    35 OT DIIS     0.40E-01    0.6     8.4315E-11       -56.5111933000  1.21E-12

  *** SCF run converged in    35 steps ***


  Electronic density on regular grids:         -7.9419117271        2.0580882729
  Core density on regular grids:               10.0000000000       -0.0000000000
  Hard and soft densities (Lebedev):          -62.4404931920      -60.3824059251
  Total Rho_soft + Rho1_hard - Rho1_soft       -9.9999989939
  Total charge density (r-space):               0.0000010061
  Total Rho_soft + Rho0_soft (g-space):         0.0000009814

  Overlap energy of the core charge distribution:               0.00000049999209
  Self energy of the core charge distribution:                -52.03099861979277
  Core Hamiltonian energy:                                     -5.77050870459266
  Hartree energy:                                              17.53085202403189
  Exchange-correlation energy:                                 -3.56129624012110

  GAPW| Exc from hard and soft atomic rho1:                    -4.37709496238116
  GAPW| local Eh = 1 center integrals:                         -8.30214729717894

  Total energy:                                               -56.51119330004266

 ENERGY| Total FORCE_EVAL ( QS ) energy (a.u.):              -56.511193300042663


 -------------------------------------------------------------------------------
 -                                                                             -
 -                                DBCSR STATISTICS                             -
 -                                                                             -
 -------------------------------------------------------------------------------
 COUNTER                                    TOTAL       BLAS       SMM       ACC
 flops     5 x     5 x     5                79000       0.0%    100.0%      0.0%
 flops     5 x     5 x    46               324300       0.0%    100.0%      0.0%
 flops    46 x    23 x     5               380880       0.0%    100.0%      0.0%
 flops    46 x     5 x     5               404800       0.0%    100.0%      0.0%
 flops     5 x     5 x    23               486450       0.0%    100.0%      0.0%
 flops    23 x     5 x     5               607200       0.0%    100.0%      0.0%
 flops    46 x    46 x     5               761760       0.0%    100.0%      0.0%
 flops    23 x    46 x     5               761760       0.0%    100.0%      0.0%
 flops    23 x    23 x     5              1142640       0.0%    100.0%      0.0%
 flops    46 x     5 x    46              3131680       0.0%    100.0%      0.0%
 flops    46 x     5 x    23              4697520       0.0%    100.0%      0.0%
 flops    23 x     5 x    46              4697520       0.0%    100.0%      0.0%
 flops    23 x     5 x    23              7046280       0.0%    100.0%      0.0%
 flops inhomo. stacks                           0       0.0%      0.0%      0.0%
 flops total                        24.521790E+06       0.0%    100.0%      0.0%
 flops max/rank                      9.885510E+06       0.0%    100.0%      0.0%
 matmuls inhomo. stacks                         0       0.0%      0.0%      0.0%
 matmuls total                               4312       0.0%    100.0%      0.0%
 number of processed stacks                  4312       0.0%    100.0%      0.0%
 average stack size                                     0.0       1.0       0.0
 marketing flops                    26.241500E+06
 -------------------------------------------------------------------------------
 # multiplications                            818
 max memory usage/rank             283.746304E+06
 # max total images/rank                        1
 # max 3D layers                                1
 # MPI messages exchanged                   78528
 MPI messages size (bytes):
  total size                        56.816400E+06
  min size                           0.000000E+00
  max size                          16.928000E+03
  average size                     723.517700E+00
 MPI breakdown and total messages size (bytes):
             size <=      128               60864                        0
       128 < size <=     8192               14556                 26752272
      8192 < size <=    32768                3108                 30064128
     32768 < size <=   131072                   0                        0
    131072 < size <=  4194304                   0                        0
   4194304 < size <= 16777216                   0                        0
  16777216 < size                               0                        0
 -------------------------------------------------------------------------------
 -                                                                             -
 -                      DBCSR MESSAGE PASSING PERFORMANCE                      -
 -                                                                             -
 -------------------------------------------------------------------------------
 ROUTINE             CALLS      AVE VOLUME [Bytes]
 MP_Group               49
 MP_Bcast               14                     12.
 MP_Allreduce         4416                      8.
 MP_Alltoall          2779                    580.
 MP_Wait             39264
 MP_ISend            13084                    604.
 MP_IRecv            13084                    430.
 MP_Memory           25872
 -------------------------------------------------------------------------------

 MEMORY| Estimated peak process memory [MiB]                                 271

 -------------------------------------------------------------------------------
 -                                                                             -
 -                         MESSAGE PASSING PERFORMANCE                         -
 -                                                                             -
 -------------------------------------------------------------------------------

 ROUTINE             CALLS      AVE VOLUME [Bytes]
 MP_Group                6
 MP_Bcast             1227                4605113.
 MP_Allreduce         1767                   7712.
 MP_Sync                42
 MP_Alltoall           793                8112785.
 MP_ISendRecv         4260                 121536.
 MP_Wait              7503
 MP_comm_split          37
 MP_ISend             2820                 440374.
 MP_IRecv             2820                 440382.
 MP_Recv                 4                   1840.
 -------------------------------------------------------------------------------


 -------------------------------------------------------------------------------
 -                                                                             -
 -                           R E F E R E N C E S                               -
 -                                                                             -
 -------------------------------------------------------------------------------
 
 CP2K version 7.1, the CP2K developers group (2019).
 CP2K is freely available from https://www.cp2k.org/ .

 Schuett, Ole; Messmer, Peter; Hutter, Juerg; VandeVondele, Joost. 
 Electronic Structure Calculations on Graphics Processing Units, John
 Wiley & Sons, Ltd, 173-190 (2016). 
 GPU-Accelerated Sparse Matrix-Matrix Multiplication for
 Linear Scaling Density Functional Theory.
 https://dx.doi.org/10.1002/9781118670712.ch8

 Borstnik, U; VandeVondele, J; Weber, V; Hutter, J. 
 PARALLEL COMPUTING, 40 (5-6), 47-58 (2014). 
 Sparse matrix multiplication: The distributed block-compressed sparse
 row library.
 https://dx.doi.org/10.1016/j.parco.2014.03.012

 Hutter, J; Iannuzzi, M; Schiffmann, F; VandeVondele, J. 
 WIREs Comput Mol Sci., 4 (1), 15-25 (2014). 
 CP2K: atomistic simulations of condensed matter systems.
 https://dx.doi.org/10.1002/wcms.1159

 Frigo, M; Johnson, SG. 
 PROCEEDINGS OF THE IEEE, 93 (2), 216-231 (2005). 
 The design and implementation of FFTW3.
 https://dx.doi.org/10.1109/JPROC.2004.840301

 VandeVondele, J; Hutter, J. 
 JOURNAL OF CHEMICAL PHYSICS, 118 (10), 4365-4369 (2003). 
 An efficient orbital transformation method for electronic structure
 calculations.
 https://dx.doi.org/10.1063/1.1543154

 Lippert, G; Hutter, J; Parrinello, M. 
 THEORETICAL CHEMISTRY ACCOUNTS, 103 (2), 124-140 (1999). 
 The Gaussian and augmented-plane-wave density functional method for ab
 initio molecular dynamics simulations.
 https://dx.doi.org/10.1007/s002140050523

 Krack, M; Parrinello, M. 
 PHYSICAL CHEMISTRY CHEMICAL PHYSICS, 2 (10), 2105-2112 (2000). 
 All-electron ab-initio molecular dynamics.
 https://dx.doi.org/10.1039/b001167n

 Martyna, GJ; Tuckerman, ME. 
 JOURNAL OF CHEMICAL PHYSICS, 110 (6), 2810-2821 (1999). 
 A reciprocal space based method for treating long range interactions in
 ab initio and force-field-based calculations in clusters.
 https://dx.doi.org/10.1063/1.477923

 Perdew, JP; Burke, K; Ernzerhof, M. 
 PHYSICAL REVIEW LETTERS, 77 (18), 3865-3868 (1996). 
 Generalized gradient approximation made simple.
 https://dx.doi.org/10.1103/PhysRevLett.77.3865


 -------------------------------------------------------------------------------
 -                                                                             -
 -                                T I M I N G                                  -
 -                                                                             -
 -------------------------------------------------------------------------------
 SUBROUTINE                       CALLS  ASD         SELF TIME        TOTAL TIME
                                MAXIMUM       AVERAGE  MAXIMUM  AVERAGE  MAXIMUM
 CP2K                                 1  1.0    0.013    0.016   20.558   20.558
 qs_energies                          1  2.0    0.000    0.000   19.895   19.896
 scf_env_do_scf                       1  3.0    0.000    0.000   19.787   19.787
 scf_env_do_scf_inner_loop           35  4.0    0.001    0.002   19.193   19.194
 qs_ks_update_qs_env                 36  5.0    0.000    0.000   16.361   16.362
 rebuild_ks_matrix                   35  6.0    0.000    0.000   16.360   16.360
 qs_ks_build_kohn_sham_matrix        35  7.0    0.004    0.005   16.360   16.360
 pw_transfer                        812  9.6    0.036    0.043   10.374   11.050
 fft_wrap_pw1pw2                    707 10.7    0.005    0.006   10.213   10.890
 fft_wrap_pw1pw2_250                422 11.8    0.776    0.845    9.829   10.508
 qs_vxc_create                       35  8.0    0.000    0.000    8.903    8.903
 xc_vxc_pw_create                    35  9.0    0.088    0.100    8.903    8.903
 fft3d_ps                           707 12.7    4.942    5.195    7.487    8.262
 xc_rho_set_and_dset_create          35 10.0    0.037    0.045    5.013    5.369
 qs_rho_update_rho                   36  5.0    0.000    0.000    3.130    3.130
 calculate_rho_elec                  36  6.0    0.159    0.185    3.115    3.116
 rs_pw_transfer                     425  9.5    0.004    0.005    3.007    3.055
 density_rs2pw                       36  7.0    0.002    0.002    2.757    2.804
 xc_functional_eval                 175 10.7    0.000    0.000    2.167    2.598
 pbe_lda_eval                       175 11.7    2.167    2.597    2.167    2.597
 prepare_gapw_den                    35  8.0    0.000    0.000    2.220    2.246
 sum_up_and_integrate                35  8.0    0.023    0.024    2.049    2.055
 integrate_v_rspace                  35  9.0    0.086    0.099    2.026    2.032
 mp_alltoall_z22v                   707 14.7    1.253    2.030    1.253    2.030
 potential_pw2rs                     35 10.0    0.003    0.003    1.928    1.928
 yz_to_x                            356 13.1    0.536    0.590    1.355    1.925
 put_rho0_on_grid                    35  9.0    0.043    0.051    1.637    1.663
 rs_pw_transfer_PW2RS_250            70 11.0    0.728    0.743    1.289    1.344
 rs_pw_transfer_RS2PW_250            71 10.0    0.750    0.765    1.225    1.249
 x_to_yz                            351 14.3    0.746    0.796    1.179    1.248
 pw_gather_p                        356 12.1    1.138    1.211    1.138    1.211
 mp_sum_d                          1381  7.4    0.961    1.195    0.961    1.195
 calculate_vxc_atom                  35  8.0    0.018    0.107    0.887    0.887
 integrate_vhg0_rspace               35  8.0    0.023    0.028    0.850    0.865
 mp_waitany                        2820 11.5    0.783    0.834    0.783    0.834
 pw_scatter_p                       351 13.3    0.773    0.819    0.773    0.819
 gaVxcgb_GC                          70  9.0    0.056    0.661    0.056    0.661
 init_scf_loop                        1  4.0    0.000    0.000    0.593    0.593
 pw_derive                          210 10.5    0.548    0.586    0.548    0.586
 calculate_rho_atom                  70  9.0    0.174    0.559    0.174    0.559
 rs_grid_zero                       320  8.6    0.540    0.553    0.540    0.553
 pw_poisson_solve                    35  8.0    0.233    0.236    0.460    0.463
 mp_sum_dv                          563 12.7    0.387    0.421    0.387    0.421
 pw_copy                            490 10.5    0.396    0.421    0.396    0.421
 -------------------------------------------------------------------------------

 The number of warnings for this run is : 1
 
 -------------------------------------------------------------------------------
  **** **** ******  **  PROGRAM ENDED AT                 2021-07-19 08:51:26.526
 ***** ** ***  *** **   PROGRAM RAN ON                                     n1233
 **    ****   ******    PROGRAM RAN BY                                 ka_bh5670
 ***** **    ** ** **   PROGRAM PROCESS ID                               2131153
  **** **  *******  **  PROGRAM STOPPED IN /tmp/ka_bh5670.3062155/bh5670/sim/000
                                           002
