 DBCSR| CPU Multiplication driver                                           XSMM
 DBCSR| Multrec recursion limit                                              512
 DBCSR| Multiplication stack size                                           1000
 DBCSR| Maximum elements for images                                    UNLIMITED
 DBCSR| Multiplicative factor virtual images                                   1
 DBCSR| Use multiplication densification                                       T
 DBCSR| Multiplication size stacks                                             3
 DBCSR| Number of 3D layers                                               SINGLE
 DBCSR| Use MPI memory allocation                                              T
 DBCSR| Use RMA algorithm                                                      F
 DBCSR| Use Communication thread                                               T
 DBCSR| Communication thread load                                             87


  **** **** ******  **  PROGRAM STARTED AT               2021-07-19 08:50:39.455
 ***** ** ***  *** **   PROGRAM STARTED ON                                 n0403
 **    ****   ******    PROGRAM STARTED BY                             ka_bh5670
 ***** **    ** ** **   PROGRAM PROCESS ID                               1827403
  **** **  *******  **  PROGRAM STARTED IN /tmp/ka_bh5670.3062156/bh5670/sim/000
                                           003

 CP2K| version string:                                          CP2K version 7.1
 CP2K| source code revision number:                                  git:e635599
 CP2K| cp2kflags: libint fftw3 libxc parallel mpi3 scalapack xsmm spglib        
 CP2K| is freely available from                            https://www.cp2k.org/
 CP2K| Program compiled at                          Do 6. Mai 20:02:55 CEST 2021
 CP2K| Program compiled on                                                 n1731
 CP2K| Program compiled for                                                local
 CP2K| Data directory path    /lustre/home/ka/ka_int/ka_bh5670/cp2k/cp2k-7.1/dat
 CP2K| Input file name                                                  ot_2.inp

 GLOBAL| Force Environment number                                              1
 GLOBAL| Basis set file name                                 BASIS_CC_AUG_RI_NEW
 GLOBAL| Potential file name                                           POTENTIAL
 GLOBAL| MM Potential file name                                     MM_POTENTIAL
 GLOBAL| Coordinate file name                               dsgdb9nsd_000003.xyz
 GLOBAL| Method name                                                        CP2K
 GLOBAL| Project name                                                          2
 GLOBAL| Preferred FFT library                                             FFTW3
 GLOBAL| Preferred diagonalization lib.                                       SL
 GLOBAL| Run type                                                         ENERGY
 GLOBAL| All-to-all communication in single precision                          F
 GLOBAL| FFTs using library dependent lengths                                  T
 GLOBAL| Global print level                                                  LOW
 GLOBAL| MPI I/O enabled                                                       T
 GLOBAL| Total number of message passing processes                            16
 GLOBAL| Number of threads for this process                                    1
 GLOBAL| This output is from process                                           0
 GLOBAL| CPU model name                 Intel(R) Xeon(R) Gold 6252 CPU @ 2.10GHz
 GLOBAL| CPUID                                                              1003

 MEMORY| system memory details [Kb]
 MEMORY|                        rank 0           min           max       average
 MEMORY| MemTotal            196673228     196673228     196673228     196673228
 MEMORY| MemFree             172967176     172967176     172967176     172967176
 MEMORY| Buffers                     0             0             0             0
 MEMORY| Cached                4891932       4891928       4891932       4891928
 MEMORY| Slab                  1842612       1842612       1842612       1842612
 MEMORY| SReclaimable           467336        467336        467336        467336
 MEMORY| MemLikelyFree       178326444     178326440     178326444     178326440


 GENERATE|  Preliminary Number of Bonds generated:                             0
 GENERATE|  Achieved consistency in connectivity generation.

 *******************************************************************************
 *******************************************************************************
 **                                                                           **
 **     #####                         ##              ##                      **
 **    ##   ##            ##          ##              ##                      **
 **   ##     ##                       ##            ######                    **
 **   ##     ##  ##   ##  ##   #####  ##  ##   ####   ##    #####    #####    **
 **   ##     ##  ##   ##  ##  ##      ## ##   ##      ##   ##   ##  ##   ##   **
 **   ##  ## ##  ##   ##  ##  ##      ####     ###    ##   ######   ######    **
 **    ##  ###   ##   ##  ##  ##      ## ##      ##   ##   ##       ##        **
 **     #######   #####   ##   #####  ##  ##  ####    ##    #####   ##        **
 **           ##                                                    ##        **
 **                                                                           **
 **                                                ... make the atoms dance   **
 **                                                                           **
 **            Copyright (C) by CP2K developers group (2000 - 2019)           **
 **                                                                           **
 *******************************************************************************


 TOTAL NUMBERS AND MAXIMUM NUMBERS

  Total number of            - Atomic kinds:                                   2
                             - Atoms:                                          3
                             - Shell sets:                                    14
                             - Shells:                                        19
                             - Primitive Cartesian functions:                 31
                             - Cartesian basis functions:                     43
                             - Spherical basis functions:                     41

  Maximum angular momentum of the orbital basis functions:                     2


 SCF PARAMETERS         Density guess:                                   RESTART
                        --------------------------------------------------------
                        max_scf:                                            1000
                        max_scf_history:                                       0
                        max_diis:                                              4
                        --------------------------------------------------------
                        eps_scf:                                        1.00E-10
                        eps_scf_history:                                0.00E+00
                        eps_diis:                                       1.00E-01
                        eps_eigval:                                     1.00E-05
                        --------------------------------------------------------
                        level_shift [a.u.]:                                 0.00
                        --------------------------------------------------------
                        No outer SCF

 Number of electrons:                                                         10
 Number of occupied orbitals:                                                  5
 Number of molecular orbitals:                                                 5

 Number of orbital functions:                                                 41
 Number of independent orbital functions:                                     41

 Extrapolation method: initial_guess

 *** WARNING in qs_initial_guess.F:280 :: User requested to restart the   ***
 *** wavefunction from the file named: 2-RESTART.wfn. This file does not  ***
 *** exist. Please check the existence of the file or change properly the ***
 *** value of the keyword WFN_RESTART_FILE_NAME. Calculation continues    ***
 *** using ATOMIC GUESS.                                                  ***



 SCF WAVEFUNCTION OPTIMIZATION

  ----------------------------------- OT ---------------------------------------
  Minimizer      : DIIS                : direct inversion
                                         in the iterative subspace
                                         using   7 DIIS vectors
                                         safer DIIS on
  Preconditioner : FULL_ALL            : diagonalization, state selective
  Precond_solver : DEFAULT
  stepsize       :    0.04000000                  energy_gap     :    0.00100000
  eps_taylor     :   0.10000E-15                  max_taylor     :             4
  ----------------------------------- OT ---------------------------------------

  Step     Update method      Time    Convergence         Total energy    Change
  ------------------------------------------------------------------------------
     1 OT DIIS     0.40E-01    0.9     0.33180948       -73.3747447374 -7.34E+01
     2 OT DIIS     0.40E-01    0.8     0.28056788       -74.2071109640 -8.32E-01
     3 OT DIIS     0.40E-01    0.8     0.06451741       -76.1550436857 -1.95E+00
     4 OT DIIS     0.40E-01    0.8     0.05098432       -76.2095778677 -5.45E-02
     5 OT DIIS     0.40E-01    0.8     0.03897526       -76.2600243047 -5.04E-02
     6 OT DIIS     0.40E-01    0.8     0.02259096       -76.3278672692 -6.78E-02
     7 OT DIIS     0.40E-01    0.8     0.01879955       -76.3371890100 -9.32E-03
     8 OT DIIS     0.40E-01    0.8     0.01038905       -76.3513198542 -1.41E-02
     9 OT DIIS     0.40E-01    0.7     0.01019201       -76.3555926523 -4.27E-03
    10 OT DIIS     0.40E-01    0.8     0.00453507       -76.3572754523 -1.68E-03
    11 OT DIIS     0.40E-01    0.8     0.00390689       -76.3579508649 -6.75E-04
    12 OT DIIS     0.40E-01    0.8     0.00328028       -76.3584840811 -5.33E-04
    13 OT DIIS     0.40E-01    0.8     0.00150780       -76.3588342949 -3.50E-04
    14 OT DIIS     0.40E-01    0.7     0.00084211       -76.3589664582 -1.32E-04
    15 OT DIIS     0.40E-01    0.8     0.00067703       -76.3589861237 -1.97E-05
    16 OT DIIS     0.40E-01    0.8     0.00040290       -76.3590073189 -2.12E-05
    17 OT DIIS     0.40E-01    0.8     0.00033852       -76.3590099495 -2.63E-06
    18 OT DIIS     0.40E-01    0.8     0.00017907       -76.3590153556 -5.41E-06
    19 OT DIIS     0.40E-01    0.7     0.00016067       -76.3590155472 -1.92E-07
    20 OT DIIS     0.40E-01    0.8     0.00014217       -76.3590160003 -4.53E-07
    21 OT DIIS     0.40E-01    0.8     0.00006479       -76.3590174314 -1.43E-06
    22 OT DIIS     0.40E-01    0.8     0.00005856       -76.3590174834 -5.20E-08
    23 OT DIIS     0.40E-01    0.8     0.00004503       -76.3590175919 -1.09E-07
    24 OT DIIS     0.40E-01    0.8     0.00003363       -76.3590176678 -7.59E-08
    25 OT DIIS     0.40E-01    0.8     0.00001390       -76.3590177424 -7.45E-08
    26 OT DIIS     0.40E-01    0.8     0.00001278       -76.3590177445 -2.14E-09
    27 OT DIIS     0.40E-01    0.8     0.00000626       -76.3590177549 -1.05E-08
    28 OT DIIS     0.40E-01    0.8     0.00000565       -76.3590177556 -6.09E-10
    29 OT DIIS     0.40E-01    0.8     0.00000421       -76.3590177566 -1.01E-09
    30 OT DIIS     0.40E-01    0.8     0.00000368       -76.3590177570 -4.61E-10
    31 OT DIIS     0.40E-01    0.8     0.00000333       -76.3590177573 -2.62E-10
    32 OT DIIS     0.40E-01    0.8     0.00000290       -76.3590177576 -2.76E-10
    33 OT DIIS     0.40E-01    0.8     0.00000228       -76.3590177579 -3.61E-10
    34 OT DIIS     0.40E-01    0.8     0.00000204       -76.3590177580 -8.08E-11
    35 OT DIIS     0.40E-01    0.8     0.00000186       -76.3590177581 -6.03E-11
    36 OT DIIS     0.40E-01    0.7     0.00000138       -76.3590177582 -1.57E-10
    37 OT DIIS     0.40E-01    0.8     0.00000127       -76.3590177583 -3.27E-11
    38 OT DIIS     0.40E-01    0.8     0.00000061       -76.3590177584 -1.39E-10
    39 OT DIIS     0.40E-01    0.8     0.00000053       -76.3590177584 -7.89E-12
    40 OT DIIS     0.40E-01    0.8     0.00000044       -76.3590177584 -6.18E-12
    41 OT DIIS     0.40E-01    0.7     0.00000034       -76.3590177584 -4.59E-12
    42 OT DIIS     0.40E-01    0.8     0.00000030       -76.3590177584 -2.23E-12
    43 OT DIIS     0.40E-01    0.8     0.00000027       -76.3590177584 -1.39E-12
    44 OT DIIS     0.40E-01    0.8     0.00000020       -76.3590177584 -1.98E-12
    45 OT DIIS     0.40E-01    0.8     0.00000018       -76.3590177584 -8.53E-14
    46 OT DIIS     0.40E-01    0.7     0.00000016       -76.3590177584  2.13E-13
    47 OT DIIS     0.40E-01    0.8     0.00000014       -76.3590177584 -1.56E-13
    48 OT DIIS     0.40E-01    0.8     0.00000013       -76.3590177584 -1.42E-13
    49 OT DIIS     0.40E-01    0.8     0.00000009       -76.3590177584 -3.27E-13
    50 OT DIIS     0.40E-01    0.8     0.00000007       -76.3590177584  4.26E-14
    51 OT DIIS     0.40E-01    0.7     0.00000007       -76.3590177584  1.14E-13
    52 OT DIIS     0.40E-01    0.8     0.00000005       -76.3590177584  4.69E-13
    53 OT DIIS     0.40E-01    0.8     0.00000005       -76.3590177584  5.68E-14
    54 OT DIIS     0.40E-01    0.8     0.00000004       -76.3590177584  2.84E-14
    55 OT DIIS     0.40E-01    0.8     0.00000003       -76.3590177584 -1.99E-13
    56 OT DIIS     0.40E-01    0.7     0.00000002       -76.3590177584  2.84E-14
    57 OT DIIS     0.40E-01    0.8     0.00000002       -76.3590177584  5.54E-13
    58 OT DIIS     0.40E-01    0.8     0.00000001       -76.3590177584 -7.11E-14
    59 OT DIIS     0.40E-01    0.8     0.00000001       -76.3590177584  1.56E-13
    60 OT DIIS     0.40E-01    0.8     0.00000001       -76.3590177584  1.99E-13
    61 OT DIIS     0.40E-01    0.8     0.00000001       -76.3590177584  2.98E-13
    62 OT DIIS     0.40E-01    0.8     9.4031E-09       -76.3590177584  1.99E-13
    63 OT DIIS     0.40E-01    0.8     7.4514E-09       -76.3590177584  4.41E-13
    64 OT DIIS     0.40E-01    0.8     7.0116E-09       -76.3590177584  1.28E-13
    65 OT DIIS     0.40E-01    0.8     5.8720E-09       -76.3590177584  4.55E-13
    66 OT DIIS     0.40E-01    0.8     3.6102E-09       -76.3590177584  2.84E-14
    67 OT DIIS     0.40E-01    0.8     3.1920E-09       -76.3590177584  1.71E-13
    68 OT DIIS     0.40E-01    0.8     2.5105E-09       -76.3590177584  2.27E-13
    69 OT DIIS     0.40E-01    0.8     2.1998E-09       -76.3590177584  0.00E+00
    70 OT DIIS     0.40E-01    0.8     1.9458E-09       -76.3590177584  2.84E-14
    71 OT DIIS     0.40E-01    0.8     1.4773E-09       -76.3590177584  2.56E-13
    72 OT DIIS     0.40E-01    0.8     1.3671E-09       -76.3590177584  2.27E-13
    73 OT DIIS     0.40E-01    0.7     1.2451E-09       -76.3590177584  2.56E-13
    74 OT DIIS     0.40E-01    0.8     8.8309E-10       -76.3590177584  6.68E-13
    75 OT DIIS     0.40E-01    0.8     8.2300E-10       -76.3590177584  9.95E-14
    76 OT DIIS     0.40E-01    0.8     7.3305E-10       -76.3590177584  3.55E-13
    77 OT DIIS     0.40E-01    0.8     6.1320E-10       -76.3590177584  4.97E-13
    78 OT DIIS     0.40E-01    0.7     5.6039E-10       -76.3590177584  1.85E-13
    79 OT DIIS     0.40E-01    0.8     4.5276E-10       -76.3590177584  3.55E-13
    80 OT DIIS     0.40E-01    0.8     4.1192E-10       -76.3590177584  4.26E-14
    81 OT DIIS     0.40E-01    0.8     3.6487E-10       -76.3590177584  9.95E-14
    82 OT DIIS     0.40E-01    0.8     2.3327E-10       -76.3590177584  7.82E-13
    83 OT DIIS     0.40E-01    0.7     2.0435E-10       -76.3590177584  0.00E+00
    84 OT DIIS     0.40E-01    0.8     1.8381E-10       -76.3590177584  1.56E-13
    85 OT DIIS     0.40E-01    0.8     1.3399E-10       -76.3590177584  4.26E-14
    86 OT DIIS     0.40E-01    0.8     1.2144E-10       -76.3590177584  1.85E-13
    87 OT DIIS     0.40E-01    0.8     9.8816E-11       -76.3590177584  5.26E-13

  *** SCF run converged in    87 steps ***


  Electronic density on regular grids:         -8.1293243647        1.8706756353
  Core density on regular grids:               10.0000000000       -0.0000000000
  Hard and soft densities (Lebedev):          -37.2703369844      -35.3996609837
  Total Rho_soft + Rho1_hard - Rho1_soft      -10.0000003654
  Total charge density (r-space):              -0.0000003654
  Total Rho_soft + Rho0_soft (g-space):        -0.0000003899

  Overlap energy of the core charge distribution:               0.00000009830169
  Self energy of the core charge distribution:                -75.73106814560732
  Core Hamiltonian energy:                                     -5.43052196553912
  Hartree energy:                                              22.05783023497907
  Exchange-correlation energy:                                 -4.35739807343585

  GAPW| Exc from hard and soft atomic rho1:                    -4.87014738794668
  GAPW| local Eh = 1 center integrals:                         -8.02771251916451

  Total energy:                                               -76.35901775841275

 ENERGY| Total FORCE_EVAL ( QS ) energy (a.u.):              -76.359017758412747


 -------------------------------------------------------------------------------
 -                                                                             -
 -                                DBCSR STATISTICS                             -
 -                                                                             -
 -------------------------------------------------------------------------------
 COUNTER                                    TOTAL       BLAS       SMM       ACC
 flops     9 x    23 x     5               182160       0.0%    100.0%      0.0%
 flops    23 x     9 x     5               182160       0.0%    100.0%      0.0%
 flops     5 x     5 x     5               196000       0.0%    100.0%      0.0%
 flops     9 x     9 x     5               213840       0.0%    100.0%      0.0%
 flops     5 x     5 x     9               314100       0.0%    100.0%      0.0%
 flops     9 x     5 x     5               392400       0.0%    100.0%      0.0%
 flops     5 x     5 x    23               401350       0.0%    100.0%      0.0%
 flops    23 x    23 x     5               465520       0.0%    100.0%      0.0%
 flops    23 x     5 x     5               501400       0.0%    100.0%      0.0%
 flops     9 x     5 x     9              1159920       0.0%    100.0%      0.0%
 flops    23 x     5 x     9              1482120       0.0%    100.0%      0.0%
 flops     9 x     5 x    23              1482120       0.0%    100.0%      0.0%
 flops    23 x     5 x    23              1893820       0.0%    100.0%      0.0%
 flops inhomo. stacks                           0       0.0%      0.0%      0.0%
 flops total                         8.866910E+06       0.0%    100.0%      0.0%
 flops max/rank                      5.254310E+06       0.0%    100.0%      0.0%
 matmuls inhomo. stacks                         0       0.0%      0.0%      0.0%
 matmuls total                               6889       0.0%    100.0%      0.0%
 number of processed stacks                  6889       0.0%    100.0%      0.0%
 average stack size                                     0.0       1.0       0.0
 marketing flops                     9.304560E+06
 -------------------------------------------------------------------------------
 # multiplications                           2016
 max memory usage/rank             251.305984E+06
 # max total images/rank                        1
 # max 3D layers                                1
 # MPI messages exchanged                  193536
 MPI messages size (bytes):
  total size                        23.852112E+06
  min size                           0.000000E+00
  max size                           4.232000E+03
  average size                     123.243797E+00
 MPI breakdown and total messages size (bytes):
             size <=      128              162846                        0
       128 < size <=     8192               30690                 23852112
      8192 < size <=    32768                   0                        0
     32768 < size <=   131072                   0                        0
    131072 < size <=  4194304                   0                        0
   4194304 < size <= 16777216                   0                        0
  16777216 < size                               0                        0
 -------------------------------------------------------------------------------
 -                                                                             -
 -                      DBCSR MESSAGE PASSING PERFORMANCE                      -
 -                                                                             -
 -------------------------------------------------------------------------------
 ROUTINE             CALLS      AVE VOLUME [Bytes]
 MP_Group              106
 MP_Bcast               14                     12.
 MP_Allreduce        10871                      8.
 MP_Alltoall          6601                    464.
 MP_Wait             96768
 MP_ISend            32252                    189.
 MP_IRecv            32252                    111.
 MP_Memory           63784
 -------------------------------------------------------------------------------

 MEMORY| Estimated peak process memory [MiB]                                 240

 -------------------------------------------------------------------------------
 -                                                                             -
 -                         MESSAGE PASSING PERFORMANCE                         -
 -                                                                             -
 -------------------------------------------------------------------------------

 ROUTINE             CALLS      AVE VOLUME [Bytes]
 MP_Group                6
 MP_Bcast             2159                2511167.
 MP_Allreduce         4363                   2242.
 MP_Sync                94
 MP_Alltoall          1937                6911546.
 MP_ISendRecv        10500                 104832.
 MP_Wait             14339
 MP_comm_split          89
 MP_ISend             2792                 868339.
 MP_IRecv             2792                 868301.
 MP_Recv                10                    656.
 -------------------------------------------------------------------------------


 -------------------------------------------------------------------------------
 -                                                                             -
 -                           R E F E R E N C E S                               -
 -                                                                             -
 -------------------------------------------------------------------------------
 
 CP2K version 7.1, the CP2K developers group (2019).
 CP2K is freely available from https://www.cp2k.org/ .

 Schuett, Ole; Messmer, Peter; Hutter, Juerg; VandeVondele, Joost. 
 Electronic Structure Calculations on Graphics Processing Units, John
 Wiley & Sons, Ltd, 173-190 (2016). 
 GPU-Accelerated Sparse Matrix-Matrix Multiplication for
 Linear Scaling Density Functional Theory.
 https://dx.doi.org/10.1002/9781118670712.ch8

 Borstnik, U; VandeVondele, J; Weber, V; Hutter, J. 
 PARALLEL COMPUTING, 40 (5-6), 47-58 (2014). 
 Sparse matrix multiplication: The distributed block-compressed sparse
 row library.
 https://dx.doi.org/10.1016/j.parco.2014.03.012

 Hutter, J; Iannuzzi, M; Schiffmann, F; VandeVondele, J. 
 WIREs Comput Mol Sci., 4 (1), 15-25 (2014). 
 CP2K: atomistic simulations of condensed matter systems.
 https://dx.doi.org/10.1002/wcms.1159

 Frigo, M; Johnson, SG. 
 PROCEEDINGS OF THE IEEE, 93 (2), 216-231 (2005). 
 The design and implementation of FFTW3.
 https://dx.doi.org/10.1109/JPROC.2004.840301

 VandeVondele, J; Hutter, J. 
 JOURNAL OF CHEMICAL PHYSICS, 118 (10), 4365-4369 (2003). 
 An efficient orbital transformation method for electronic structure
 calculations.
 https://dx.doi.org/10.1063/1.1543154

 Lippert, G; Hutter, J; Parrinello, M. 
 THEORETICAL CHEMISTRY ACCOUNTS, 103 (2), 124-140 (1999). 
 The Gaussian and augmented-plane-wave density functional method for ab
 initio molecular dynamics simulations.
 https://dx.doi.org/10.1007/s002140050523

 Krack, M; Parrinello, M. 
 PHYSICAL CHEMISTRY CHEMICAL PHYSICS, 2 (10), 2105-2112 (2000). 
 All-electron ab-initio molecular dynamics.
 https://dx.doi.org/10.1039/b001167n

 Martyna, GJ; Tuckerman, ME. 
 JOURNAL OF CHEMICAL PHYSICS, 110 (6), 2810-2821 (1999). 
 A reciprocal space based method for treating long range interactions in
 ab initio and force-field-based calculations in clusters.
 https://dx.doi.org/10.1063/1.477923

 Perdew, JP; Burke, K; Ernzerhof, M. 
 PHYSICAL REVIEW LETTERS, 77 (18), 3865-3868 (1996). 
 Generalized gradient approximation made simple.
 https://dx.doi.org/10.1103/PhysRevLett.77.3865


 -------------------------------------------------------------------------------
 -                                                                             -
 -                                T I M I N G                                  -
 -                                                                             -
 -------------------------------------------------------------------------------
 SUBROUTINE                       CALLS  ASD         SELF TIME        TOTAL TIME
                                MAXIMUM       AVERAGE  MAXIMUM  AVERAGE  MAXIMUM
 CP2K                                 1  1.0    0.009    0.012   69.070   69.073
 qs_energies                          1  2.0    0.000    0.000   68.147   68.150
 scf_env_do_scf                       1  3.0    0.000    0.000   67.989   67.992
 scf_env_do_scf_inner_loop           87  4.0    0.003    0.007   67.149   67.152
 qs_ks_update_qs_env                 88  5.0    0.000    0.001   56.107   56.115
 rebuild_ks_matrix                   87  6.0    0.000    0.000   56.104   56.112
 qs_ks_build_kohn_sham_matrix        87  7.0    0.013    0.014   56.104   56.112
 pw_transfer                       2008  9.6    0.100    0.131   41.408   43.488
 fft_wrap_pw1pw2                   1747 10.7    0.015    0.018   40.970   43.068
 fft_wrap_pw1pw2_250               1046 11.8    1.966    2.492   39.086   41.109
 fft3d_ps                          1747 12.7   15.059   19.829   32.961   35.575
 qs_vxc_create                       87  8.0    0.001    0.002   34.053   34.054
 xc_vxc_pw_create                    87  9.0    0.252    0.365   34.052   34.053
 xc_rho_set_and_dset_create          87 10.0    0.094    0.118   16.133   20.765
 mp_alltoall_z22v                  1747 14.7   14.603   18.404   14.603   18.404
 yz_to_x                            876 13.1    1.530    1.773   10.805   13.658
 qs_rho_update_rho                   88  5.0    0.001    0.001   10.801   10.802
 calculate_rho_elec                  88  6.0    0.203    0.345   10.781   10.783
 rs_pw_transfer                    1049  9.5    0.012    0.018   10.121   10.707
 xc_functional_eval                 261 10.7    0.001    0.001    5.888   10.160
 pbe_lda_eval                       261 11.7    5.887   10.158    5.887   10.158
 density_rs2pw                       88  7.0    0.005    0.007    9.684    9.932
 x_to_yz                            871 14.3    1.740    3.021    7.068    7.973
 sum_up_and_integrate                87  8.0    0.078    0.117    7.219    7.271
 integrate_v_rspace                  87  9.0    0.071    0.130    7.141    7.200
 potential_pw2rs                     87 10.0    0.008    0.013    7.046    7.055
 prepare_gapw_den                    87  8.0    0.001    0.001    6.044    6.474
 put_rho0_on_grid                    87  9.0    0.110    0.129    5.644    6.075
 pw_gather_p                        876 12.1    3.606    5.633    3.606    5.633
 rs_pw_transfer_RS2PW_250           175 10.0    2.162    2.901    4.121    4.546
 rs_pw_transfer_PW2RS_250           174 11.0    1.861    2.631    3.703    4.324
 mp_waitany                        2792 11.5    3.107    4.094    3.107    4.094
 mp_sum_d                          2869  9.1    3.294    4.088    3.294    4.088
 pw_scatter_p                       871 13.3    2.350    3.566    2.350    3.566
 integrate_vhg0_rspace               87  8.0    0.022    0.037    2.572    2.638
 mp_waitall_1                    108315 13.7    1.799    2.339    1.799    2.339
 rs_grid_zero                       788  8.7    1.270    1.743    1.270    1.743
 pw_derive                          522 10.5    1.398    1.584    1.398    1.584
 fft_wrap_pw1pw2_90                 175 11.5    0.047    0.053    1.415    1.571
 rs_pw_transfer_PW2RS_90             87 12.0    0.361    0.522    1.133    1.486
 pw_copy                           1218 10.5    1.045    1.428    1.045    1.428
 -------------------------------------------------------------------------------

 The number of warnings for this run is : 1
 
 -------------------------------------------------------------------------------
  **** **** ******  **  PROGRAM ENDED AT                 2021-07-19 08:51:49.022
 ***** ** ***  *** **   PROGRAM RAN ON                                     n0403
 **    ****   ******    PROGRAM RAN BY                                 ka_bh5670
 ***** **    ** ** **   PROGRAM PROCESS ID                               1827403
  **** **  *******  **  PROGRAM STOPPED IN /tmp/ka_bh5670.3062156/bh5670/sim/000
                                           003
