 DBCSR| CPU Multiplication driver                                           XSMM
 DBCSR| Multrec recursion limit                                              512
 DBCSR| Multiplication stack size                                           1000
 DBCSR| Maximum elements for images                                    UNLIMITED
 DBCSR| Multiplicative factor virtual images                                   1
 DBCSR| Use multiplication densification                                       T
 DBCSR| Multiplication size stacks                                             3
 DBCSR| Number of 3D layers                                               SINGLE
 DBCSR| Use MPI memory allocation                                              T
 DBCSR| Use RMA algorithm                                                      F
 DBCSR| Use Communication thread                                               T
 DBCSR| Communication thread load                                             87


  **** **** ******  **  PROGRAM STARTED AT               2021-07-19 08:50:39.303
 ***** ** ***  *** **   PROGRAM STARTED ON                                 n1032
 **    ****   ******    PROGRAM STARTED BY                             ka_bh5670
 ***** **    ** ** **   PROGRAM PROCESS ID                               1355220
  **** **  *******  **  PROGRAM STARTED IN /tmp/ka_bh5670.3062157/bh5670/sim/000
                                           004

 CP2K| version string:                                          CP2K version 7.1
 CP2K| source code revision number:                                  git:e635599
 CP2K| cp2kflags: libint fftw3 libxc parallel mpi3 scalapack xsmm spglib        
 CP2K| is freely available from                            https://www.cp2k.org/
 CP2K| Program compiled at                          Do 6. Mai 20:02:55 CEST 2021
 CP2K| Program compiled on                                                 n1731
 CP2K| Program compiled for                                                local
 CP2K| Data directory path    /lustre/home/ka/ka_int/ka_bh5670/cp2k/cp2k-7.1/dat
 CP2K| Input file name                                                  ot_2.inp

 GLOBAL| Force Environment number                                              1
 GLOBAL| Basis set file name                                 BASIS_CC_AUG_RI_NEW
 GLOBAL| Potential file name                                           POTENTIAL
 GLOBAL| MM Potential file name                                     MM_POTENTIAL
 GLOBAL| Coordinate file name                               dsgdb9nsd_000004.xyz
 GLOBAL| Method name                                                        CP2K
 GLOBAL| Project name                                                          2
 GLOBAL| Preferred FFT library                                             FFTW3
 GLOBAL| Preferred diagonalization lib.                                       SL
 GLOBAL| Run type                                                         ENERGY
 GLOBAL| All-to-all communication in single precision                          F
 GLOBAL| FFTs using library dependent lengths                                  T
 GLOBAL| Global print level                                                  LOW
 GLOBAL| MPI I/O enabled                                                       T
 GLOBAL| Total number of message passing processes                            16
 GLOBAL| Number of threads for this process                                    1
 GLOBAL| This output is from process                                           0
 GLOBAL| CPU model name                 Intel(R) Xeon(R) Gold 6252 CPU @ 2.10GHz
 GLOBAL| CPUID                                                              1003

 MEMORY| system memory details [Kb]
 MEMORY|                        rank 0           min           max       average
 MEMORY| MemTotal            196673220     196673220     196673220     196673220
 MEMORY| MemFree             172850376     172850376     172850376     172850376
 MEMORY| Buffers                     0             0             0             0
 MEMORY| Cached                4774096       4774096       4774096       4774096
 MEMORY| Slab                  1978404       1978404       1978404       1978404
 MEMORY| SReclaimable           480028        480028        480028        480028
 MEMORY| MemLikelyFree       178104500     178104500     178104500     178104500


 GENERATE|  Preliminary Number of Bonds generated:                             0
 GENERATE|  Achieved consistency in connectivity generation.

 *******************************************************************************
 *******************************************************************************
 **                                                                           **
 **     #####                         ##              ##                      **
 **    ##   ##            ##          ##              ##                      **
 **   ##     ##                       ##            ######                    **
 **   ##     ##  ##   ##  ##   #####  ##  ##   ####   ##    #####    #####    **
 **   ##     ##  ##   ##  ##  ##      ## ##   ##      ##   ##   ##  ##   ##   **
 **   ##  ## ##  ##   ##  ##  ##      ####     ###    ##   ######   ######    **
 **    ##  ###   ##   ##  ##  ##      ## ##      ##   ##   ##       ##        **
 **     #######   #####   ##   #####  ##  ##  ####    ##    #####   ##        **
 **           ##                                                    ##        **
 **                                                                           **
 **                                                ... make the atoms dance   **
 **                                                                           **
 **            Copyright (C) by CP2K developers group (2000 - 2019)           **
 **                                                                           **
 *******************************************************************************


 TOTAL NUMBERS AND MAXIMUM NUMBERS

  Total number of            - Atomic kinds:                                   2
                             - Atoms:                                          4
                             - Shell sets:                                    20
                             - Shells:                                        28
                             - Primitive Cartesian functions:                 48
                             - Cartesian basis functions:                     68
                             - Spherical basis functions:                     64

  Maximum angular momentum of the orbital basis functions:                     2


 SCF PARAMETERS         Density guess:                                   RESTART
                        --------------------------------------------------------
                        max_scf:                                            1000
                        max_scf_history:                                       0
                        max_diis:                                              4
                        --------------------------------------------------------
                        eps_scf:                                        1.00E-10
                        eps_scf_history:                                0.00E+00
                        eps_diis:                                       1.00E-01
                        eps_eigval:                                     1.00E-05
                        --------------------------------------------------------
                        level_shift [a.u.]:                                 0.00
                        --------------------------------------------------------
                        No outer SCF

 Number of electrons:                                                         14
 Number of occupied orbitals:                                                  7
 Number of molecular orbitals:                                                 7

 Number of orbital functions:                                                 64
 Number of independent orbital functions:                                     64

 Extrapolation method: initial_guess

 *** WARNING in qs_initial_guess.F:280 :: User requested to restart the   ***
 *** wavefunction from the file named: 2-RESTART.wfn. This file does not  ***
 *** exist. Please check the existence of the file or change properly the ***
 *** value of the keyword WFN_RESTART_FILE_NAME. Calculation continues    ***
 *** using ATOMIC GUESS.                                                  ***



 SCF WAVEFUNCTION OPTIMIZATION

  ----------------------------------- OT ---------------------------------------
  Minimizer      : DIIS                : direct inversion
                                         in the iterative subspace
                                         using   7 DIIS vectors
                                         safer DIIS on
  Preconditioner : FULL_ALL            : diagonalization, state selective
  Precond_solver : DEFAULT
  stepsize       :    0.04000000                  energy_gap     :    0.00100000
  eps_taylor     :   0.10000E-15                  max_taylor     :             4
  ----------------------------------- OT ---------------------------------------

  Step     Update method      Time    Convergence         Total energy    Change
  ------------------------------------------------------------------------------
     1 OT DIIS     0.40E-01    0.6     0.91706935       -65.5442180975 -6.55E+01
     2 OT DIIS     0.40E-01    0.5     0.22358734       -76.0042676711 -1.05E+01
     3 OT DIIS     0.40E-01    0.5     0.12415489       -76.4723446564 -4.68E-01
     4 OT DIIS     0.40E-01    0.5     0.19931583       -76.4745604063 -2.22E-03
     5 OT DIIS     0.40E-01    0.5     0.17076536       -76.8391144020 -3.65E-01
     6 OT DIIS     0.40E-01    0.5     0.13846798       -76.9528512002 -1.14E-01
     7 OT DIIS     0.40E-01    0.5     0.06309595       -77.1520778852 -1.99E-01
     8 OT DIIS     0.40E-01    0.5     0.02462009       -77.1912249583 -3.91E-02
     9 OT DIIS     0.40E-01    0.5     0.00982835       -77.2065697017 -1.53E-02
    10 OT DIIS     0.40E-01    0.5     0.01106155       -77.2172556102 -1.07E-02
    11 OT DIIS     0.40E-01    0.5     0.00691396       -77.2214465291 -4.19E-03
    12 OT DIIS     0.40E-01    0.5     0.00390169       -77.2241634471 -2.72E-03
    13 OT DIIS     0.40E-01    0.5     0.00522656       -77.2251124799 -9.49E-04
    14 OT DIIS     0.40E-01    0.5     0.00310992       -77.2259278720 -8.15E-04
    15 OT DIIS     0.40E-01    0.5     0.00182202       -77.2262587686 -3.31E-04
    16 OT DIIS     0.40E-01    0.5     0.00188212       -77.2264309911 -1.72E-04
    17 OT DIIS     0.40E-01    0.5     0.00101664       -77.2265804476 -1.49E-04
    18 OT DIIS     0.40E-01    0.5     0.00082965       -77.2267113633 -1.31E-04
    19 OT DIIS     0.40E-01    0.5     0.00052438       -77.2267657201 -5.44E-05
    20 OT DIIS     0.40E-01    0.5     0.00041389       -77.2267961352 -3.04E-05
    21 OT DIIS     0.40E-01    0.5     0.00033091       -77.2268158902 -1.98E-05
    22 OT DIIS     0.40E-01    0.5     0.00022228       -77.2268236648 -7.77E-06
    23 OT DIIS     0.40E-01    0.5     0.00019743       -77.2268263027 -2.64E-06
    24 OT DIIS     0.40E-01    0.5     0.00014256       -77.2268308350 -4.53E-06
    25 OT DIIS     0.40E-01    0.5     0.00012236       -77.2268317885 -9.54E-07
    26 OT DIIS     0.40E-01    0.5     0.00008081       -77.2268332181 -1.43E-06
    27 OT DIIS     0.40E-01    0.5     0.00007263       -77.2268334461 -2.28E-07
    28 OT DIIS     0.40E-01    0.5     0.00006716       -77.2268336085 -1.62E-07
    29 OT DIIS     0.40E-01    0.5     0.00003608       -77.2268343346 -7.26E-07
    30 OT DIIS     0.40E-01    0.5     0.00003044       -77.2268343713 -3.67E-08
    31 OT DIIS     0.40E-01    0.5     0.00002749       -77.2268343914 -2.02E-08
    32 OT DIIS     0.40E-01    0.5     0.00001973       -77.2268344792 -8.78E-08
    33 OT DIIS     0.40E-01    0.5     0.00000828       -77.2268345542 -7.50E-08
    34 OT DIIS     0.40E-01    0.5     0.00000710       -77.2268345583 -4.14E-09
    35 OT DIIS     0.40E-01    0.5     0.00000439       -77.2268345635 -5.18E-09
    36 OT DIIS     0.40E-01    0.5     0.00000393       -77.2268345645 -9.93E-10
    37 OT DIIS     0.40E-01    0.5     0.00000309       -77.2268345660 -1.50E-09
    38 OT DIIS     0.40E-01    0.5     0.00000224       -77.2268345671 -1.10E-09
    39 OT DIIS     0.40E-01    0.5     0.00000202       -77.2268345673 -2.22E-10
    40 OT DIIS     0.40E-01    0.5     0.00000149       -77.2268345677 -3.87E-10
    41 OT DIIS     0.40E-01    0.5     0.00000098       -77.2268345679 -2.11E-10
    42 OT DIIS     0.40E-01    0.5     0.00000080       -77.2268345680 -5.74E-11
    43 OT DIIS     0.40E-01    0.5     0.00000055       -77.2268345681 -7.58E-11
    44 OT DIIS     0.40E-01    0.5     0.00000044       -77.2268345681 -2.39E-11
    45 OT DIIS     0.40E-01    0.5     0.00000033       -77.2268345681 -2.52E-11
    46 OT DIIS     0.40E-01    0.5     0.00000022       -77.2268345681 -1.30E-11
    47 OT DIIS     0.40E-01    0.5     0.00000020       -77.2268345681 -1.73E-12
    48 OT DIIS     0.40E-01    0.5     0.00000018       -77.2268345681 -1.46E-12
    49 OT DIIS     0.40E-01    0.5     0.00000014       -77.2268345681 -4.33E-12
    50 OT DIIS     0.40E-01    0.5     0.00000009       -77.2268345681 -2.86E-12
    51 OT DIIS     0.40E-01    0.5     0.00000007       -77.2268345681 -1.24E-12
    52 OT DIIS     0.40E-01    0.5     0.00000005       -77.2268345681 -6.54E-13
    53 OT DIIS     0.40E-01    0.5     0.00000004       -77.2268345681 -3.69E-13
    54 OT DIIS     0.40E-01    0.5     0.00000003       -77.2268345681 -2.84E-13
    55 OT DIIS     0.40E-01    0.5     0.00000002       -77.2268345681 -1.42E-13
    56 OT DIIS     0.40E-01    0.5     0.00000002       -77.2268345681  1.42E-14
    57 OT DIIS     0.40E-01    0.5     0.00000001       -77.2268345681 -1.42E-13
    58 OT DIIS     0.40E-01    0.5     9.4253E-09       -77.2268345681 -3.84E-13
    59 OT DIIS     0.40E-01    0.5     8.2345E-09       -77.2268345681 -1.42E-13
    60 OT DIIS     0.40E-01    0.5     5.9960E-09       -77.2268345681 -1.42E-14
    61 OT DIIS     0.40E-01    0.5     5.4485E-09       -77.2268345681 -2.42E-13
    62 OT DIIS     0.40E-01    0.5     3.8924E-09       -77.2268345681 -2.84E-13
    63 OT DIIS     0.40E-01    0.5     3.0170E-09       -77.2268345681 -5.68E-14
    64 OT DIIS     0.40E-01    0.5     2.6375E-09       -77.2268345681 -2.84E-13
    65 OT DIIS     0.40E-01    0.5     1.8856E-09       -77.2268345681 -1.14E-13
    66 OT DIIS     0.40E-01    0.5     1.4228E-09       -77.2268345681 -1.99E-13
    67 OT DIIS     0.40E-01    0.5     1.2400E-09       -77.2268345681 -1.71E-13
    68 OT DIIS     0.40E-01    0.5     8.6043E-10       -77.2268345681 -2.70E-13
    69 OT DIIS     0.40E-01    0.5     7.7273E-10       -77.2268345681 -2.27E-13
    70 OT DIIS     0.40E-01    0.5     5.7459E-10       -77.2268345681 -3.41E-13
    71 OT DIIS     0.40E-01    0.5     4.6965E-10       -77.2268345681 -2.13E-13
    72 OT DIIS     0.40E-01    0.5     4.3691E-10       -77.2268345681  8.53E-14
    73 OT DIIS     0.40E-01    0.5     3.6434E-10       -77.2268345681 -1.28E-13
    74 OT DIIS     0.40E-01    0.5     2.6489E-10       -77.2268345681 -2.56E-13
    75 OT DIIS     0.40E-01    0.5     2.1878E-10       -77.2268345681 -1.71E-13
    76 OT DIIS     0.40E-01    0.5     1.5013E-10       -77.2268345681 -2.56E-13
    77 OT DIIS     0.40E-01    0.5     1.2541E-10       -77.2268345681  1.42E-14
    78 OT DIIS     0.40E-01    0.5     9.5754E-11       -77.2268345681 -1.99E-13

  *** SCF run converged in    78 steps ***


  Electronic density on regular grids:        -10.2732069896        3.7267930104
  Core density on regular grids:               14.0000000000       -0.0000000000
  Hard and soft densities (Lebedev):          -74.1159267156      -70.3891335238
  Total Rho_soft + Rho1_hard - Rho1_soft      -14.0000001814
  Total charge density (r-space):              -0.0000001814
  Total Rho_soft + Rho0_soft (g-space):        -0.0000002052

  Overlap energy of the core charge distribution:               0.00007292534977
  Self energy of the core charge distribution:                -61.04644115584121
  Core Hamiltonian energy:                                    -13.83228244569198
  Hartree energy:                                              25.02714930599266
  Exchange-correlation energy:                                 -4.26624885505568

  GAPW| Exc from hard and soft atomic rho1:                    -7.12140781600976
  GAPW| local Eh = 1 center integrals:                        -15.98767652688343

  Total energy:                                               -77.22683456813964

 ENERGY| Total FORCE_EVAL ( QS ) energy (a.u.):              -77.226834568139637


 -------------------------------------------------------------------------------
 -                                                                             -
 -                                DBCSR STATISTICS                             -
 -                                                                             -
 -------------------------------------------------------------------------------
 COUNTER                                    TOTAL       BLAS       SMM       ACC
 flops     9 x     9 x     7               268758       0.0%    100.0%      0.0%
 flops     9 x    23 x     7               457884       0.0%    100.0%      0.0%
 flops    23 x     9 x     7               457884       0.0%    100.0%      0.0%
 flops     7 x     7 x     7               477456       0.0%    100.0%      0.0%
 flops     7 x     7 x     9               552132       0.0%    100.0%      0.0%
 flops     9 x     7 x     7               689724       0.0%    100.0%      0.0%
 flops     7 x     7 x    23              1411004       0.0%    100.0%      0.0%
 flops     9 x     7 x     9              1460592       0.0%    100.0%      0.0%
 flops    23 x    23 x     7              1755222       0.0%    100.0%      0.0%
 flops    23 x     7 x     7              1762628       0.0%    100.0%      0.0%
 flops    23 x     7 x     9              3732624       0.0%    100.0%      0.0%
 flops     9 x     7 x    23              3732624       0.0%    100.0%      0.0%
 flops    23 x     7 x    23              9538928       0.0%    100.0%      0.0%
 flops inhomo. stacks                           0       0.0%      0.0%      0.0%
 flops total                        26.297460E+06       0.0%    100.0%      0.0%
 flops max/rank                     10.542756E+06       0.0%    100.0%      0.0%
 matmuls inhomo. stacks                         0       0.0%      0.0%      0.0%
 matmuls total                               9454       0.0%    100.0%      0.0%
 number of processed stacks                  9454       0.0%    100.0%      0.0%
 average stack size                                     0.0       1.0       0.0
 marketing flops                    27.894160E+06
 -------------------------------------------------------------------------------
 # multiplications                           1802
 max memory usage/rank             266.960896E+06
 # max total images/rank                        1
 # max 3D layers                                1
 # MPI messages exchanged                  172992
 MPI messages size (bytes):
  total size                        49.846440E+06
  min size                           0.000000E+00
  max size                           4.232000E+03
  average size                     288.143036E+00
 MPI breakdown and total messages size (bytes):
             size <=      128              134223                        0
       128 < size <=     8192               38769                 49846440
      8192 < size <=    32768                   0                        0
     32768 < size <=   131072                   0                        0
    131072 < size <=  4194304                   0                        0
   4194304 < size <= 16777216                   0                        0
  16777216 < size                               0                        0
 -------------------------------------------------------------------------------
 -                                                                             -
 -                      DBCSR MESSAGE PASSING PERFORMANCE                      -
 -                                                                             -
 -------------------------------------------------------------------------------
 ROUTINE             CALLS      AVE VOLUME [Bytes]
 MP_Group               97
 MP_Bcast               14                     12.
 MP_Allreduce         9720                      8.
 MP_Alltoall          5939                    501.
 MP_Wait             86496
 MP_ISend            28828                    316.
 MP_IRecv            28828                    211.
 MP_Memory           57008
 -------------------------------------------------------------------------------

 MEMORY| Estimated peak process memory [MiB]                                 255

 -------------------------------------------------------------------------------
 -                                                                             -
 -                         MESSAGE PASSING PERFORMANCE                         -
 -                                                                             -
 -------------------------------------------------------------------------------

 ROUTINE             CALLS      AVE VOLUME [Bytes]
 MP_Group                6
 MP_Bcast             2443                2219768.
 MP_Allreduce         4908                   3282.
 MP_Sync                86
 MP_Alltoall          1739                7310785.
 MP_ISendRecv         9420                 103856.
 MP_Wait             12863
 MP_comm_split          81
 MP_ISend             2504                 934142.
 MP_IRecv             2504                 934123.
 MP_Recv                12                   1024.
 -------------------------------------------------------------------------------


 -------------------------------------------------------------------------------
 -                                                                             -
 -                           R E F E R E N C E S                               -
 -                                                                             -
 -------------------------------------------------------------------------------
 
 CP2K version 7.1, the CP2K developers group (2019).
 CP2K is freely available from https://www.cp2k.org/ .

 Schuett, Ole; Messmer, Peter; Hutter, Juerg; VandeVondele, Joost. 
 Electronic Structure Calculations on Graphics Processing Units, John
 Wiley & Sons, Ltd, 173-190 (2016). 
 GPU-Accelerated Sparse Matrix-Matrix Multiplication for
 Linear Scaling Density Functional Theory.
 https://dx.doi.org/10.1002/9781118670712.ch8

 Borstnik, U; VandeVondele, J; Weber, V; Hutter, J. 
 PARALLEL COMPUTING, 40 (5-6), 47-58 (2014). 
 Sparse matrix multiplication: The distributed block-compressed sparse
 row library.
 https://dx.doi.org/10.1016/j.parco.2014.03.012

 Hutter, J; Iannuzzi, M; Schiffmann, F; VandeVondele, J. 
 WIREs Comput Mol Sci., 4 (1), 15-25 (2014). 
 CP2K: atomistic simulations of condensed matter systems.
 https://dx.doi.org/10.1002/wcms.1159

 Frigo, M; Johnson, SG. 
 PROCEEDINGS OF THE IEEE, 93 (2), 216-231 (2005). 
 The design and implementation of FFTW3.
 https://dx.doi.org/10.1109/JPROC.2004.840301

 VandeVondele, J; Hutter, J. 
 JOURNAL OF CHEMICAL PHYSICS, 118 (10), 4365-4369 (2003). 
 An efficient orbital transformation method for electronic structure
 calculations.
 https://dx.doi.org/10.1063/1.1543154

 Lippert, G; Hutter, J; Parrinello, M. 
 THEORETICAL CHEMISTRY ACCOUNTS, 103 (2), 124-140 (1999). 
 The Gaussian and augmented-plane-wave density functional method for ab
 initio molecular dynamics simulations.
 https://dx.doi.org/10.1007/s002140050523

 Krack, M; Parrinello, M. 
 PHYSICAL CHEMISTRY CHEMICAL PHYSICS, 2 (10), 2105-2112 (2000). 
 All-electron ab-initio molecular dynamics.
 https://dx.doi.org/10.1039/b001167n

 Martyna, GJ; Tuckerman, ME. 
 JOURNAL OF CHEMICAL PHYSICS, 110 (6), 2810-2821 (1999). 
 A reciprocal space based method for treating long range interactions in
 ab initio and force-field-based calculations in clusters.
 https://dx.doi.org/10.1063/1.477923

 Perdew, JP; Burke, K; Ernzerhof, M. 
 PHYSICAL REVIEW LETTERS, 77 (18), 3865-3868 (1996). 
 Generalized gradient approximation made simple.
 https://dx.doi.org/10.1103/PhysRevLett.77.3865


 -------------------------------------------------------------------------------
 -                                                                             -
 -                                T I M I N G                                  -
 -                                                                             -
 -------------------------------------------------------------------------------
 SUBROUTINE                       CALLS  ASD         SELF TIME        TOTAL TIME
                                MAXIMUM       AVERAGE  MAXIMUM  AVERAGE  MAXIMUM
 CP2K                                 1  1.0    0.017    0.019   40.245   40.246
 qs_energies                          1  2.0    0.000    0.000   39.674   39.674
 scf_env_do_scf                       1  3.0    0.000    0.000   39.571   39.572
 scf_env_do_scf_inner_loop           78  4.0    0.002    0.005   39.027   39.028
 qs_ks_update_qs_env                 79  5.0    0.000    0.000   32.509   32.511
 rebuild_ks_matrix                   78  6.0    0.000    0.000   32.507   32.509
 qs_ks_build_kohn_sham_matrix        78  7.0    0.009    0.010   32.507   32.508
 pw_transfer                       1801  9.6    0.079    0.092   21.365   21.922
 fft_wrap_pw1pw2                   1567 10.7    0.011    0.013   21.025   21.576
 fft_wrap_pw1pw2_250                938 11.8    1.571    1.633   20.371   20.927
 qs_vxc_create                       78  8.0    0.001    0.001   18.974   18.974
 xc_vxc_pw_create                    78  9.0    0.194    0.227   18.973   18.973
 fft3d_ps                          1567 12.7   10.939   11.240   15.620   16.314
 xc_rho_set_and_dset_create          78 10.0    0.069    0.079   10.887   11.472
 qs_rho_update_rho                   79  5.0    0.000    0.000    6.238    6.238
 calculate_rho_elec                  79  6.0    0.189    0.211    6.218    6.219
 rs_pw_transfer                     941  9.5    0.009    0.010    6.018    6.041
 density_rs2pw                       79  7.0    0.003    0.004    5.606    5.699
 xc_functional_eval                 390 10.7    0.001    0.001    5.090    5.535
 pbe_lda_eval                       390 11.7    5.090    5.534    5.090    5.534
 sum_up_and_integrate                78  8.0    0.051    0.052    4.074    4.079
 integrate_v_rspace                  78  9.0    0.078    0.085    4.024    4.029
 potential_pw2rs                     78 10.0    0.006    0.007    3.934    3.935
 prepare_gapw_den                    78  8.0    0.001    0.001    3.819    3.843
 put_rho0_on_grid                    78  9.0    0.092    0.106    3.471    3.494
 mp_alltoall_z22v                  1567 14.7    2.366    3.058    2.366    3.058
 yz_to_x                            786 13.1    0.850    0.946    2.281    2.915
 rs_pw_transfer_PW2RS_250           156 11.0    1.531    1.561    2.620    2.656
 rs_pw_transfer_RS2PW_250           157 10.0    1.604    1.649    2.525    2.552
 x_to_yz                            781 14.3    1.443    1.556    2.378    2.472
 pw_gather_p                        786 12.1    2.199    2.286    2.199    2.286
 mp_sum_d                          2766  9.1    1.389    1.688    1.389    1.688
 integrate_vhg0_rspace               78  8.0    0.021    0.029    1.666    1.678
 pw_scatter_p                       781 13.3    1.565    1.599    1.565    1.599
 mp_waitany                        2504 11.5    1.496    1.579    1.496    1.579
 calculate_vxc_atom                  78  8.0    0.031    0.131    1.192    1.192
 pw_derive                          468 10.5    1.114    1.178    1.114    1.178
 rs_grid_zero                       707  8.7    1.043    1.059    1.043    1.059
 qs_scf_new_mos                      78  5.0    0.000    0.000    0.891    0.892
 qs_scf_loop_do_ot                   78  6.0    0.000    0.000    0.891    0.892
 pw_copy                           1092 10.5    0.828    0.870    0.828    0.870
 ot_scf_mini                         78  7.0    0.001    0.001    0.852    0.854
 pw_poisson_solve                    78  8.0    0.491    0.495    0.838    0.838
 dbcsr_multiply_generic            1802 10.2    0.037    0.046    0.802    0.813
 -------------------------------------------------------------------------------

 The number of warnings for this run is : 1
 
 -------------------------------------------------------------------------------
  **** **** ******  **  PROGRAM ENDED AT                 2021-07-19 08:51:19.970
 ***** ** ***  *** **   PROGRAM RAN ON                                     n1032
 **    ****   ******    PROGRAM RAN BY                                 ka_bh5670
 ***** **    ** ** **   PROGRAM PROCESS ID                               1355220
  **** **  *******  **  PROGRAM STOPPED IN /tmp/ka_bh5670.3062157/bh5670/sim/000
                                           004
