 DBCSR| CPU Multiplication driver                                           XSMM
 DBCSR| Multrec recursion limit                                              512
 DBCSR| Multiplication stack size                                           1000
 DBCSR| Maximum elements for images                                    UNLIMITED
 DBCSR| Multiplicative factor virtual images                                   1
 DBCSR| Use multiplication densification                                       T
 DBCSR| Multiplication size stacks                                             3
 DBCSR| Number of 3D layers                                               SINGLE
 DBCSR| Use MPI memory allocation                                              T
 DBCSR| Use RMA algorithm                                                      F
 DBCSR| Use Communication thread                                               T
 DBCSR| Communication thread load                                             87


  **** **** ******  **  PROGRAM STARTED AT               2021-07-19 08:51:53.209
 ***** ** ***  *** **   PROGRAM STARTED ON                                 n0403
 **    ****   ******    PROGRAM STARTED BY                             ka_bh5670
 ***** **    ** ** **   PROGRAM PROCESS ID                               1827608
  **** **  *******  **  PROGRAM STARTED IN /tmp/ka_bh5670.3062156/bh5670/sim/000
                                           003

 CP2K| version string:                                          CP2K version 7.1
 CP2K| source code revision number:                                  git:e635599
 CP2K| cp2kflags: libint fftw3 libxc parallel mpi3 scalapack xsmm spglib        
 CP2K| is freely available from                            https://www.cp2k.org/
 CP2K| Program compiled at                          Do 6. Mai 20:02:55 CEST 2021
 CP2K| Program compiled on                                                 n1731
 CP2K| Program compiled for                                                local
 CP2K| Data directory path    /lustre/home/ka/ka_int/ka_bh5670/cp2k/cp2k-7.1/dat
 CP2K| Input file name                                                  ot_3.inp

 GLOBAL| Force Environment number                                              1
 GLOBAL| Basis set file name                                 BASIS_CC_AUG_RI_NEW
 GLOBAL| Potential file name                                           POTENTIAL
 GLOBAL| MM Potential file name                                     MM_POTENTIAL
 GLOBAL| Coordinate file name                               dsgdb9nsd_000003.xyz
 GLOBAL| Method name                                                        CP2K
 GLOBAL| Project name                                                          3
 GLOBAL| Preferred FFT library                                             FFTW3
 GLOBAL| Preferred diagonalization lib.                                       SL
 GLOBAL| Run type                                                         ENERGY
 GLOBAL| All-to-all communication in single precision                          F
 GLOBAL| FFTs using library dependent lengths                                  T
 GLOBAL| Global print level                                                  LOW
 GLOBAL| MPI I/O enabled                                                       T
 GLOBAL| Total number of message passing processes                            16
 GLOBAL| Number of threads for this process                                    1
 GLOBAL| This output is from process                                           0
 GLOBAL| CPU model name                 Intel(R) Xeon(R) Gold 6252 CPU @ 2.10GHz
 GLOBAL| CPUID                                                              1003

 MEMORY| system memory details [Kb]
 MEMORY|                        rank 0           min           max       average
 MEMORY| MemTotal            196673228     196673228     196673228     196673228
 MEMORY| MemFree             172964336     172964336     172964336     172964336
 MEMORY| Buffers                     0             0             0             0
 MEMORY| Cached                4894476       4894476       4894476       4894476
 MEMORY| Slab                  1842048       1842048       1842048       1842048
 MEMORY| SReclaimable           467016        467016        467016        467016
 MEMORY| MemLikelyFree       178325828     178325828     178325828     178325828


 GENERATE|  Preliminary Number of Bonds generated:                             0
 GENERATE|  Achieved consistency in connectivity generation.

 *******************************************************************************
 *******************************************************************************
 **                                                                           **
 **     #####                         ##              ##                      **
 **    ##   ##            ##          ##              ##                      **
 **   ##     ##                       ##            ######                    **
 **   ##     ##  ##   ##  ##   #####  ##  ##   ####   ##    #####    #####    **
 **   ##     ##  ##   ##  ##  ##      ## ##   ##      ##   ##   ##  ##   ##   **
 **   ##  ## ##  ##   ##  ##  ##      ####     ###    ##   ######   ######    **
 **    ##  ###   ##   ##  ##  ##      ## ##      ##   ##   ##       ##        **
 **     #######   #####   ##   #####  ##  ##  ####    ##    #####   ##        **
 **           ##                                                    ##        **
 **                                                                           **
 **                                                ... make the atoms dance   **
 **                                                                           **
 **            Copyright (C) by CP2K developers group (2000 - 2019)           **
 **                                                                           **
 *******************************************************************************


 TOTAL NUMBERS AND MAXIMUM NUMBERS

  Total number of            - Atomic kinds:                                   2
                             - Atoms:                                          3
                             - Shell sets:                                    20
                             - Shells:                                        32
                             - Primitive Cartesian functions:                 44
                             - Cartesian basis functions:                    105
                             - Spherical basis functions:                     92

  Maximum angular momentum of the orbital basis functions:                     3


 SCF PARAMETERS         Density guess:                                   RESTART
                        --------------------------------------------------------
                        max_scf:                                            1000
                        max_scf_history:                                       0
                        max_diis:                                              4
                        --------------------------------------------------------
                        eps_scf:                                        1.00E-10
                        eps_scf_history:                                0.00E+00
                        eps_diis:                                       1.00E-01
                        eps_eigval:                                     1.00E-05
                        --------------------------------------------------------
                        level_shift [a.u.]:                                 0.00
                        --------------------------------------------------------
                        No outer SCF

 Number of electrons:                                                         10
 Number of occupied orbitals:                                                  5
 Number of molecular orbitals:                                                 5

 Number of orbital functions:                                                 92
 Number of independent orbital functions:                                     92

 Extrapolation method: initial_guess
  READ RESTART : WARNING : DIFFERENT # AOs           92          41

 *** WARNING in qs_mo_io.F:798 :: The number of MOs on the restart unit is ***
 *** greater than the number of the allocated MOs. The read MO set will be ***
 *** truncated!                                                            ***



 SCF WAVEFUNCTION OPTIMIZATION

  ----------------------------------- OT ---------------------------------------
  Minimizer      : DIIS                : direct inversion
                                         in the iterative subspace
                                         using   7 DIIS vectors
                                         safer DIIS on
  Preconditioner : FULL_ALL            : diagonalization, state selective
  Precond_solver : DEFAULT
  stepsize       :    0.04000000                  energy_gap     :    0.00100000
  eps_taylor     :   0.10000E-15                  max_taylor     :             4
  ----------------------------------- OT ---------------------------------------

  Step     Update method      Time    Convergence         Total energy    Change
  ------------------------------------------------------------------------------
     1 OT DIIS     0.40E-01    0.7     0.12846144       -75.9140792235 -7.59E+01
     2 OT DIIS     0.40E-01    0.8     0.07766023       -76.1546931458 -2.41E-01
     3 OT DIIS     0.40E-01    0.8     0.03728986       -76.3066230901 -1.52E-01
     4 OT DIIS     0.40E-01    0.8     0.01038634       -76.3738793000 -6.73E-02
     5 OT DIIS     0.40E-01    0.8     0.00539068       -76.3786933334 -4.81E-03
     6 OT DIIS     0.40E-01    0.8     0.00156338       -76.3800700613 -1.38E-03
     7 OT DIIS     0.40E-01    0.8     0.00192334       -76.3801010819 -3.10E-05
     8 OT DIIS     0.40E-01    0.8     0.00032514       -76.3801957227 -9.46E-05
     9 OT DIIS     0.40E-01    0.8     0.00022361       -76.3802004176 -4.69E-06
    10 OT DIIS     0.40E-01    0.8     0.00005268       -76.3802032809 -2.86E-06
    11 OT DIIS     0.40E-01    0.8     0.00006097       -76.3802033622 -8.13E-08
    12 OT DIIS     0.40E-01    0.8     0.00000958       -76.3802034394 -7.72E-08
    13 OT DIIS     0.40E-01    0.8     0.00000819       -76.3802034413 -1.96E-09
    14 OT DIIS     0.40E-01    0.8     0.00000172       -76.3802034462 -4.84E-09
    15 OT DIIS     0.40E-01    0.8     0.00000147       -76.3802034462 -5.85E-11
    16 OT DIIS     0.40E-01    0.8     0.00000032       -76.3802034464 -1.54E-10
    17 OT DIIS     0.40E-01    0.8     0.00000027       -76.3802034464 -1.86E-12
    18 OT DIIS     0.40E-01    0.8     0.00000012       -76.3802034464 -1.05E-12
    19 OT DIIS     0.40E-01    0.8     0.00000006       -76.3802034464  1.82E-12
    20 OT DIIS     0.40E-01    0.8     0.00000003       -76.3802034464  6.82E-13
    21 OT DIIS     0.40E-01    0.8     0.00000002       -76.3802034464  6.68E-13
    22 OT DIIS     0.40E-01    0.8     0.00000002       -76.3802034464  2.84E-13
    23 OT DIIS     0.40E-01    0.8     5.7665E-09       -76.3802034464 -2.69E-12
    24 OT DIIS     0.40E-01    0.8     4.8720E-09       -76.3802034464 -9.95E-14
    25 OT DIIS     0.40E-01    0.8     1.7771E-09       -76.3802034464  1.45E-12
    26 OT DIIS     0.40E-01    0.8     1.4669E-09       -76.3802034464  9.38E-13
    27 OT DIIS     0.40E-01    0.8     5.1472E-10       -76.3802034464  3.75E-12
    28 OT DIIS     0.40E-01    0.8     3.5786E-10       -76.3802034464 -2.84E-14
    29 OT DIIS     0.40E-01    0.7     2.9279E-10       -76.3802034464  8.10E-13
    30 OT DIIS     0.40E-01    0.8     1.5190E-10       -76.3802034464  7.82E-13
    31 OT DIIS     0.40E-01    0.8     1.0889E-10       -76.3802034464  1.09E-12
    32 OT DIIS     0.40E-01    0.8     7.2392E-11       -76.3802034464  1.78E-12

  *** SCF run converged in    32 steps ***


  Electronic density on regular grids:         -7.8835828148        2.1164171852
  Core density on regular grids:               10.0000000000       -0.0000000000
  Hard and soft densities (Lebedev):          -56.3019781861      -54.1855614874
  Total Rho_soft + Rho1_hard - Rho1_soft       -9.9999995135
  Total charge density (r-space):               0.0000004865
  Total Rho_soft + Rho0_soft (g-space):         0.0000004089

  Overlap energy of the core charge distribution:               0.00000009830169
  Self energy of the core charge distribution:                -75.73106814560732
  Core Hamiltonian energy:                                     -5.35364049742229
  Hartree energy:                                              21.11972584334421
  Exchange-correlation energy:                                 -4.09853124304216

  GAPW| Exc from hard and soft atomic rho1:                    -5.13321358952446
  GAPW| local Eh = 1 center integrals:                         -7.18347591240541

  Total energy:                                               -76.38020344635572

 ENERGY| Total FORCE_EVAL ( QS ) energy (a.u.):              -76.380203446355722


 -------------------------------------------------------------------------------
 -                                                                             -
 -                                DBCSR STATISTICS                             -
 -                                                                             -
 -------------------------------------------------------------------------------
 COUNTER                                    TOTAL       BLAS       SMM       ACC
 flops     5 x     5 x     5                72250       0.0%    100.0%      0.0%
 flops     5 x     5 x    46               296700       0.0%    100.0%      0.0%
 flops     5 x     5 x    23               296700       0.0%    100.0%      0.0%
 flops    23 x    46 x     5               349140       0.0%    100.0%      0.0%
 flops    46 x    23 x     5               349140       0.0%    100.0%      0.0%
 flops    46 x     5 x     5               370300       0.0%    100.0%      0.0%
 flops    23 x     5 x     5               370300       0.0%    100.0%      0.0%
 flops    23 x    23 x     5               523710       0.0%    100.0%      0.0%
 flops    46 x    46 x     5               698280       0.0%    100.0%      0.0%
 flops    46 x     5 x    46              2877760       0.0%    100.0%      0.0%
 flops    46 x     5 x    23              2877760       0.0%    100.0%      0.0%
 flops    23 x     5 x    23              2877760       0.0%    100.0%      0.0%
 flops    23 x     5 x    46              2877760       0.0%    100.0%      0.0%
 flops inhomo. stacks                           0       0.0%      0.0%      0.0%
 flops total                        14.837560E+06       0.0%    100.0%      0.0%
 flops max/rank                      7.489750E+06       0.0%    100.0%      0.0%
 matmuls inhomo. stacks                         0       0.0%      0.0%      0.0%
 matmuls total                               2581       0.0%    100.0%      0.0%
 number of processed stacks                  2581       0.0%    100.0%      0.0%
 average stack size                                     0.0       1.0       0.0
 marketing flops                    15.715010E+06
 -------------------------------------------------------------------------------
 # multiplications                            749
 max memory usage/rank             254.885888E+06
 # max total images/rank                        1
 # max 3D layers                                1
 # MPI messages exchanged                   71904
 MPI messages size (bytes):
  total size                        34.925736E+06
  min size                           0.000000E+00
  max size                          16.928000E+03
  average size                     485.727295E+00
 MPI breakdown and total messages size (bytes):
             size <=      128               60426                        0
       128 < size <=     8192                9438                 14205864
      8192 < size <=    32768                2040                 20719872
     32768 < size <=   131072                   0                        0
    131072 < size <=  4194304                   0                        0
   4194304 < size <= 16777216                   0                        0
  16777216 < size                               0                        0
 -------------------------------------------------------------------------------
 -                                                                             -
 -                      DBCSR MESSAGE PASSING PERFORMANCE                      -
 -                                                                             -
 -------------------------------------------------------------------------------
 ROUTINE             CALLS      AVE VOLUME [Bytes]
 MP_Group               46
 MP_Bcast               14                     12.
 MP_Allreduce         4044                      8.
 MP_Alltoall          2563                    582.
 MP_Wait             35952
 MP_ISend            11980                    478.
 MP_IRecv            11980                    304.
 MP_Memory           23688
 -------------------------------------------------------------------------------

 MEMORY| Estimated peak process memory [MiB]                                 244

 -------------------------------------------------------------------------------
 -                                                                             -
 -                         MESSAGE PASSING PERFORMANCE                         -
 -                                                                             -
 -------------------------------------------------------------------------------

 ROUTINE             CALLS      AVE VOLUME [Bytes]
 MP_Group                6
 MP_Bcast             1108                5099132.
 MP_Allreduce         1533                   7424.
 MP_Sync                39
 MP_Alltoall           727                6835439.
 MP_ISendRecv         3900                 104832.
 MP_Wait              5319
 MP_comm_split          34
 MP_ISend             1032                 957470.
 MP_IRecv             1032                 957370.
 MP_Recv                 4                   1472.
 -------------------------------------------------------------------------------


 -------------------------------------------------------------------------------
 -                                                                             -
 -                           R E F E R E N C E S                               -
 -                                                                             -
 -------------------------------------------------------------------------------
 
 CP2K version 7.1, the CP2K developers group (2019).
 CP2K is freely available from https://www.cp2k.org/ .

 Schuett, Ole; Messmer, Peter; Hutter, Juerg; VandeVondele, Joost. 
 Electronic Structure Calculations on Graphics Processing Units, John
 Wiley & Sons, Ltd, 173-190 (2016). 
 GPU-Accelerated Sparse Matrix-Matrix Multiplication for
 Linear Scaling Density Functional Theory.
 https://dx.doi.org/10.1002/9781118670712.ch8

 Borstnik, U; VandeVondele, J; Weber, V; Hutter, J. 
 PARALLEL COMPUTING, 40 (5-6), 47-58 (2014). 
 Sparse matrix multiplication: The distributed block-compressed sparse
 row library.
 https://dx.doi.org/10.1016/j.parco.2014.03.012

 Hutter, J; Iannuzzi, M; Schiffmann, F; VandeVondele, J. 
 WIREs Comput Mol Sci., 4 (1), 15-25 (2014). 
 CP2K: atomistic simulations of condensed matter systems.
 https://dx.doi.org/10.1002/wcms.1159

 Frigo, M; Johnson, SG. 
 PROCEEDINGS OF THE IEEE, 93 (2), 216-231 (2005). 
 The design and implementation of FFTW3.
 https://dx.doi.org/10.1109/JPROC.2004.840301

 VandeVondele, J; Hutter, J. 
 JOURNAL OF CHEMICAL PHYSICS, 118 (10), 4365-4369 (2003). 
 An efficient orbital transformation method for electronic structure
 calculations.
 https://dx.doi.org/10.1063/1.1543154

 Lippert, G; Hutter, J; Parrinello, M. 
 THEORETICAL CHEMISTRY ACCOUNTS, 103 (2), 124-140 (1999). 
 The Gaussian and augmented-plane-wave density functional method for ab
 initio molecular dynamics simulations.
 https://dx.doi.org/10.1007/s002140050523

 Krack, M; Parrinello, M. 
 PHYSICAL CHEMISTRY CHEMICAL PHYSICS, 2 (10), 2105-2112 (2000). 
 All-electron ab-initio molecular dynamics.
 https://dx.doi.org/10.1039/b001167n

 Martyna, GJ; Tuckerman, ME. 
 JOURNAL OF CHEMICAL PHYSICS, 110 (6), 2810-2821 (1999). 
 A reciprocal space based method for treating long range interactions in
 ab initio and force-field-based calculations in clusters.
 https://dx.doi.org/10.1063/1.477923

 Perdew, JP; Burke, K; Ernzerhof, M. 
 PHYSICAL REVIEW LETTERS, 77 (18), 3865-3868 (1996). 
 Generalized gradient approximation made simple.
 https://dx.doi.org/10.1103/PhysRevLett.77.3865


 -------------------------------------------------------------------------------
 -                                                                             -
 -                                T I M I N G                                  -
 -                                                                             -
 -------------------------------------------------------------------------------
 SUBROUTINE                       CALLS  ASD         SELF TIME        TOTAL TIME
                                MAXIMUM       AVERAGE  MAXIMUM  AVERAGE  MAXIMUM
 CP2K                                 1  1.0    0.017    0.021   26.363   26.364
 qs_energies                          1  2.0    0.000    0.000   25.594   25.595
 scf_env_do_scf                       1  3.0    0.000    0.000   25.459   25.460
 scf_env_do_scf_inner_loop           32  4.0    0.001    0.002   24.770   24.772
 qs_ks_update_qs_env                 33  5.0    0.000    0.000   20.902   20.906
 rebuild_ks_matrix                   32  6.0    0.000    0.000   20.901   20.904
 qs_ks_build_kohn_sham_matrix        32  7.0    0.005    0.005   20.901   20.904
 pw_transfer                        743  9.6    0.038    0.046   14.743   15.550
 fft_wrap_pw1pw2                    647 10.7    0.006    0.007   14.585   15.397
 fft_wrap_pw1pw2_250                386 11.8    0.745    0.921   13.827   14.689
 fft3d_ps                           647 12.7    5.614    7.213   11.587   12.571
 qs_vxc_create                       32  8.0    0.000    0.001   11.782   11.782
 xc_vxc_pw_create                    32  9.0    0.093    0.108   11.781   11.782
 xc_rho_set_and_dset_create          32 10.0    0.037    0.042    5.763    7.011
 mp_alltoall_z22v                   647 14.7    4.719    5.913    4.719    5.913
 yz_to_x                            326 13.1    0.556    0.608    3.410    4.473
 qs_rho_update_rho                   33  5.0    0.000    0.000    4.201    4.202
 rs_pw_transfer                     389  9.5    0.005    0.006    4.045    4.201
 calculate_rho_elec                  33  6.0    0.120    0.163    4.187    4.188
 density_rs2pw                       33  7.0    0.002    0.003    3.725    3.813
 xc_functional_eval                  96 10.7    0.000    0.000    2.047    3.110
 pbe_lda_eval                        96 11.7    2.046    3.109    2.046    3.109
 x_to_yz                            321 14.3    0.685    1.015    2.551    2.843
 sum_up_and_integrate                32  8.0    0.029    0.042    2.770    2.799
 prepare_gapw_den                    32  8.0    0.000    0.001    2.629    2.784
 integrate_v_rspace                  32  9.0    0.059    0.089    2.741    2.772
 potential_pw2rs                     32 10.0    0.003    0.005    2.672    2.675
 put_rho0_on_grid                    32  9.0    0.040    0.047    2.122    2.277
 pw_gather_p                        326 12.1    1.333    2.066    1.333    2.066
 rs_pw_transfer_RS2PW_250            65 10.0    0.912    1.207    1.699    1.856
 rs_pw_transfer_PW2RS_250            64 11.0    0.773    1.043    1.521    1.725
 mp_sum_d                          1301  7.2    1.398    1.699    1.398    1.699
 mp_waitany                        1032 11.5    1.269    1.627    1.269    1.627
 pw_scatter_p                       321 13.3    0.883    1.325    0.883    1.325
 integrate_vhg0_rspace               32  8.0    0.024    0.031    1.070    1.083
 mp_waitall_1                     40239 13.7    0.646    0.787    0.646    0.787
 calculate_vxc_atom                  32  8.0    0.017    0.076    0.697    0.697
 init_scf_loop                        1  4.0    0.000    0.000    0.688    0.688
 rs_grid_zero                       293  8.6    0.513    0.670    0.513    0.670
 fft_wrap_pw1pw2_90                  65 11.5    0.017    0.019    0.539    0.623
 pw_derive                          192 10.5    0.516    0.599    0.516    0.599
 gaVxcgb_GC                          32  9.0    0.050    0.559    0.050    0.559
 pw_poisson_solve                    32  8.0    0.233    0.299    0.555    0.555
 -------------------------------------------------------------------------------

 The number of warnings for this run is : 1
 
 -------------------------------------------------------------------------------
  **** **** ******  **  PROGRAM ENDED AT                 2021-07-19 08:52:20.068
 ***** ** ***  *** **   PROGRAM RAN ON                                     n0403
 **    ****   ******    PROGRAM RAN BY                                 ka_bh5670
 ***** **    ** ** **   PROGRAM PROCESS ID                               1827608
  **** **  *******  **  PROGRAM STOPPED IN /tmp/ka_bh5670.3062156/bh5670/sim/000
                                           003
