 DBCSR| CPU Multiplication driver                                           XSMM
 DBCSR| Multrec recursion limit                                              512
 DBCSR| Multiplication stack size                                           1000
 DBCSR| Maximum elements for images                                    UNLIMITED
 DBCSR| Multiplicative factor virtual images                                   1
 DBCSR| Use multiplication densification                                       T
 DBCSR| Multiplication size stacks                                             3
 DBCSR| Number of 3D layers                                               SINGLE
 DBCSR| Use MPI memory allocation                                              T
 DBCSR| Use RMA algorithm                                                      F
 DBCSR| Use Communication thread                                               T
 DBCSR| Communication thread load                                             87


  **** **** ******  **  PROGRAM STARTED AT               2021-07-19 08:50:31.231
 ***** ** ***  *** **   PROGRAM STARTED ON                                 n1233
 **    ****   ******    PROGRAM STARTED BY                             ka_bh5670
 ***** **    ** ** **   PROGRAM PROCESS ID                               2130999
  **** **  *******  **  PROGRAM STARTED IN /tmp/ka_bh5670.3062155/bh5670/sim/000
                                           002

 CP2K| version string:                                          CP2K version 7.1
 CP2K| source code revision number:                                  git:e635599
 CP2K| cp2kflags: libint fftw3 libxc parallel mpi3 scalapack xsmm spglib        
 CP2K| is freely available from                            https://www.cp2k.org/
 CP2K| Program compiled at                          Do 6. Mai 20:02:55 CEST 2021
 CP2K| Program compiled on                                                 n1731
 CP2K| Program compiled for                                                local
 CP2K| Data directory path    /lustre/home/ka/ka_int/ka_bh5670/cp2k/cp2k-7.1/dat
 CP2K| Input file name                                                  ot_2.inp

 GLOBAL| Force Environment number                                              1
 GLOBAL| Basis set file name                                 BASIS_CC_AUG_RI_NEW
 GLOBAL| Potential file name                                           POTENTIAL
 GLOBAL| MM Potential file name                                     MM_POTENTIAL
 GLOBAL| Coordinate file name                               dsgdb9nsd_000002.xyz
 GLOBAL| Method name                                                        CP2K
 GLOBAL| Project name                                                          2
 GLOBAL| Preferred FFT library                                             FFTW3
 GLOBAL| Preferred diagonalization lib.                                       SL
 GLOBAL| Run type                                                         ENERGY
 GLOBAL| All-to-all communication in single precision                          F
 GLOBAL| FFTs using library dependent lengths                                  T
 GLOBAL| Global print level                                                  LOW
 GLOBAL| MPI I/O enabled                                                       T
 GLOBAL| Total number of message passing processes                            16
 GLOBAL| Number of threads for this process                                    1
 GLOBAL| This output is from process                                           0
 GLOBAL| CPU model name                 Intel(R) Xeon(R) Gold 6252 CPU @ 2.10GHz
 GLOBAL| CPUID                                                              1003

 MEMORY| system memory details [Kb]
 MEMORY|                        rank 0           min           max       average
 MEMORY| MemTotal            196673224     196673224     196673224     196673224
 MEMORY| MemFree             167457492     167457492     167457492     167457492
 MEMORY| Buffers                     0             0             0             0
 MEMORY| Cached                4958512       4958512       4958512       4958512
 MEMORY| Slab                  3142312       3142312       3142312       3142312
 MEMORY| SReclaimable          1583776       1583776       1583776       1583776
 MEMORY| MemLikelyFree       173999780     173999780     173999780     173999780


 GENERATE|  Preliminary Number of Bonds generated:                             0
 GENERATE|  Achieved consistency in connectivity generation.

 *******************************************************************************
 *******************************************************************************
 **                                                                           **
 **     #####                         ##              ##                      **
 **    ##   ##            ##          ##              ##                      **
 **   ##     ##                       ##            ######                    **
 **   ##     ##  ##   ##  ##   #####  ##  ##   ####   ##    #####    #####    **
 **   ##     ##  ##   ##  ##  ##      ## ##   ##      ##   ##   ##  ##   ##   **
 **   ##  ## ##  ##   ##  ##  ##      ####     ###    ##   ######   ######    **
 **    ##  ###   ##   ##  ##  ##      ## ##      ##   ##   ##       ##        **
 **     #######   #####   ##   #####  ##  ##  ####    ##    #####   ##        **
 **           ##                                                    ##        **
 **                                                                           **
 **                                                ... make the atoms dance   **
 **                                                                           **
 **            Copyright (C) by CP2K developers group (2000 - 2019)           **
 **                                                                           **
 *******************************************************************************


 TOTAL NUMBERS AND MAXIMUM NUMBERS

  Total number of            - Atomic kinds:                                   2
                             - Atoms:                                          4
                             - Shell sets:                                    18
                             - Shells:                                        24
                             - Primitive Cartesian functions:                 38
                             - Cartesian basis functions:                     52
                             - Spherical basis functions:                     50

  Maximum angular momentum of the orbital basis functions:                     2


 SCF PARAMETERS         Density guess:                                   RESTART
                        --------------------------------------------------------
                        max_scf:                                            1000
                        max_scf_history:                                       0
                        max_diis:                                              4
                        --------------------------------------------------------
                        eps_scf:                                        1.00E-10
                        eps_scf_history:                                0.00E+00
                        eps_diis:                                       1.00E-01
                        eps_eigval:                                     1.00E-05
                        --------------------------------------------------------
                        level_shift [a.u.]:                                 0.00
                        --------------------------------------------------------
                        No outer SCF

 Number of electrons:                                                         10
 Number of occupied orbitals:                                                  5
 Number of molecular orbitals:                                                 5

 Number of orbital functions:                                                 50
 Number of independent orbital functions:                                     50

 Extrapolation method: initial_guess

 *** WARNING in qs_initial_guess.F:280 :: User requested to restart the   ***
 *** wavefunction from the file named: 2-RESTART.wfn. This file does not  ***
 *** exist. Please check the existence of the file or change properly the ***
 *** value of the keyword WFN_RESTART_FILE_NAME. Calculation continues    ***
 *** using ATOMIC GUESS.                                                  ***



 SCF WAVEFUNCTION OPTIMIZATION

  ----------------------------------- OT ---------------------------------------
  Minimizer      : DIIS                : direct inversion
                                         in the iterative subspace
                                         using   7 DIIS vectors
                                         safer DIIS on
  Preconditioner : FULL_ALL            : diagonalization, state selective
  Precond_solver : DEFAULT
  stepsize       :    0.04000000                  energy_gap     :    0.00100000
  eps_taylor     :   0.10000E-15                  max_taylor     :             4
  ----------------------------------- OT ---------------------------------------

  Step     Update method      Time    Convergence         Total energy    Change
  ------------------------------------------------------------------------------
     1 OT DIIS     0.40E-01    0.6     0.30194613       -53.7892592999 -5.38E+01
     2 OT DIIS     0.40E-01    0.5     0.25093946       -54.6231599109 -8.34E-01
     3 OT DIIS     0.40E-01    0.5     0.05065596       -56.3904427355 -1.77E+00
     4 OT DIIS     0.40E-01    0.5     0.03414825       -56.4316412914 -4.12E-02
     5 OT DIIS     0.40E-01    0.5     0.02200392       -56.4603847009 -2.87E-02
     6 OT DIIS     0.40E-01    0.5     0.01218130       -56.4833535779 -2.30E-02
     7 OT DIIS     0.40E-01    0.5     0.00960937       -56.4879657577 -4.61E-03
     8 OT DIIS     0.40E-01    0.5     0.00503294       -56.4916595234 -3.69E-03
     9 OT DIIS     0.40E-01    0.5     0.00401114       -56.4927701134 -1.11E-03
    10 OT DIIS     0.40E-01    0.5     0.00219690       -56.4936038263 -8.34E-04
    11 OT DIIS     0.40E-01    0.5     0.00180578       -56.4937160189 -1.12E-04
    12 OT DIIS     0.40E-01    0.5     0.00092752       -56.4939567013 -2.41E-04
    13 OT DIIS     0.40E-01    0.5     0.00084621       -56.4939769301 -2.02E-05
    14 OT DIIS     0.40E-01    0.5     0.00062189       -56.4940205701 -4.36E-05
    15 OT DIIS     0.40E-01    0.5     0.00028337       -56.4940532947 -3.27E-05
    16 OT DIIS     0.40E-01    0.5     0.00025652       -56.4940545160 -1.22E-06
    17 OT DIIS     0.40E-01    0.5     0.00011853       -56.4940594750 -4.96E-06
    18 OT DIIS     0.40E-01    0.5     0.00010683       -56.4940595726 -9.76E-08
    19 OT DIIS     0.40E-01    0.5     0.00005201       -56.4940603808 -8.08E-07
    20 OT DIIS     0.40E-01    0.5     0.00004776       -56.4940604247 -4.39E-08
    21 OT DIIS     0.40E-01    0.5     0.00002313       -56.4940606085 -1.84E-07
    22 OT DIIS     0.40E-01    0.5     0.00001131       -56.4940606483 -3.98E-08
    23 OT DIIS     0.40E-01    0.5     0.00001000       -56.4940606506 -2.25E-09
    24 OT DIIS     0.40E-01    0.5     0.00000606       -56.4940606557 -5.12E-09
    25 OT DIIS     0.40E-01    0.5     0.00000499       -56.4940606566 -9.02E-10
    26 OT DIIS     0.40E-01    0.5     0.00000459       -56.4940606569 -2.71E-10
    27 OT DIIS     0.40E-01    0.5     0.00000382       -56.4940606574 -5.00E-10
    28 OT DIIS     0.40E-01    0.5     0.00000153       -56.4940606587 -1.34E-09
    29 OT DIIS     0.40E-01    0.5     0.00000133       -56.4940606588 -5.16E-11
    30 OT DIIS     0.40E-01    0.5     0.00000032       -56.4940606589 -1.30E-10
    31 OT DIIS     0.40E-01    0.5     0.00000020       -56.4940606589 -2.96E-12
    32 OT DIIS     0.40E-01    0.5     0.00000018       -56.4940606589 -3.98E-13
    33 OT DIIS     0.40E-01    0.5     0.00000008       -56.4940606589 -1.79E-12
    34 OT DIIS     0.40E-01    0.5     0.00000007       -56.4940606589 -3.55E-14
    35 OT DIIS     0.40E-01    0.5     0.00000006       -56.4940606589 -7.82E-14
    36 OT DIIS     0.40E-01    0.5     0.00000004       -56.4940606589 -4.97E-13
    37 OT DIIS     0.40E-01    0.5     0.00000003       -56.4940606589 -1.14E-13
    38 OT DIIS     0.40E-01    0.5     0.00000003       -56.4940606589 -1.14E-13
    39 OT DIIS     0.40E-01    0.5     0.00000001       -56.4940606589  7.11E-14
    40 OT DIIS     0.40E-01    0.5     0.00000001       -56.4940606589  3.55E-14
    41 OT DIIS     0.40E-01    0.5     8.8824E-09       -56.4940606589 -3.55E-14
    42 OT DIIS     0.40E-01    0.5     3.3528E-09       -56.4940606589 -1.35E-13
    43 OT DIIS     0.40E-01    0.5     2.8080E-09       -56.4940606589  8.53E-14
    44 OT DIIS     0.40E-01    0.5     1.6183E-09       -56.4940606589 -7.11E-15
    45 OT DIIS     0.40E-01    0.5     1.0817E-09       -56.4940606589 -9.95E-14
    46 OT DIIS     0.40E-01    0.5     9.8142E-10       -56.4940606589 -1.42E-14
    47 OT DIIS     0.40E-01    0.5     5.6097E-10       -56.4940606589 -5.68E-14
    48 OT DIIS     0.40E-01    0.5     3.6654E-10       -56.4940606589 -4.26E-14
    49 OT DIIS     0.40E-01    0.5     3.2137E-10       -56.4940606589 -1.14E-13
    50 OT DIIS     0.40E-01    0.5     2.3351E-10       -56.4940606589 -4.26E-14
    51 OT DIIS     0.40E-01    0.5     2.0731E-10       -56.4940606589 -4.97E-14
    52 OT DIIS     0.40E-01    0.5     1.8067E-10       -56.4940606589 -7.82E-14
    53 OT DIIS     0.40E-01    0.5     7.4581E-11       -56.4940606589 -4.69E-13

  *** SCF run converged in    53 steps ***


  Electronic density on regular grids:         -8.0961850219        1.9038149781
  Core density on regular grids:               10.0000000000       -0.0000000000
  Hard and soft densities (Lebedev):          -42.2223781109      -40.3185631061
  Total Rho_soft + Rho1_hard - Rho1_soft      -10.0000000267
  Total charge density (r-space):              -0.0000000267
  Total Rho_soft + Rho0_soft (g-space):        -0.0000000446

  Overlap energy of the core charge distribution:               0.00000049999209
  Self energy of the core charge distribution:                -52.03099861979277
  Core Hamiltonian energy:                                     -5.82994199491294
  Hartree energy:                                              17.98795388105895
  Exchange-correlation energy:                                 -3.69757251317436

  GAPW| Exc from hard and soft atomic rho1:                    -4.23671206338388
  GAPW| local Eh = 1 center integrals:                         -8.68678984867626

  Total energy:                                               -56.49406065888917

 ENERGY| Total FORCE_EVAL ( QS ) energy (a.u.):              -56.494060658889168


 -------------------------------------------------------------------------------
 -                                                                             -
 -                                DBCSR STATISTICS                             -
 -                                                                             -
 -------------------------------------------------------------------------------
 COUNTER                                    TOTAL       BLAS       SMM       ACC
 flops    23 x     9 x     5               111780       0.0%    100.0%      0.0%
 flops     5 x     5 x     5               119500       0.0%    100.0%      0.0%
 flops     9 x    23 x     5               223560       0.0%    100.0%      0.0%
 flops     5 x     5 x    23               244950       0.0%    100.0%      0.0%
 flops     9 x     9 x     5               262440       0.0%    100.0%      0.0%
 flops    23 x    23 x     5               285660       0.0%    100.0%      0.0%
 flops     5 x     5 x     9               287550       0.0%    100.0%      0.0%
 flops    23 x     5 x     5               305900       0.0%    100.0%      0.0%
 flops     9 x     5 x     5               359100       0.0%    100.0%      0.0%
 flops    23 x     5 x    23              1174380       0.0%    100.0%      0.0%
 flops    23 x     5 x     9              1378620       0.0%    100.0%      0.0%
 flops     9 x     5 x    23              1378620       0.0%    100.0%      0.0%
 flops     9 x     5 x     9              1618380       0.0%    100.0%      0.0%
 flops inhomo. stacks                           0       0.0%      0.0%      0.0%
 flops total                         7.750440E+06       0.0%    100.0%      0.0%
 flops max/rank                      3.796560E+06       0.0%    100.0%      0.0%
 matmuls inhomo. stacks                         0       0.0%      0.0%      0.0%
 matmuls total                               6486       0.0%    100.0%      0.0%
 number of processed stacks                  6486       0.0%    100.0%      0.0%
 average stack size                                     0.0       1.0       0.0
 marketing flops                     8.219500E+06
 -------------------------------------------------------------------------------
 # multiplications                           1234
 max memory usage/rank             279.322624E+06
 # max total images/rank                        1
 # max 3D layers                                1
 # MPI messages exchanged                  118464
 MPI messages size (bytes):
  total size                        20.185200E+06
  min size                           0.000000E+00
  max size                           4.232000E+03
  average size                     170.391006E+00
 MPI breakdown and total messages size (bytes):
             size <=      128               91878                        0
       128 < size <=     8192               26586                 20185200
      8192 < size <=    32768                   0                        0
     32768 < size <=   131072                   0                        0
    131072 < size <=  4194304                   0                        0
   4194304 < size <= 16777216                   0                        0
  16777216 < size                               0                        0
 -------------------------------------------------------------------------------
 -                                                                             -
 -                      DBCSR MESSAGE PASSING PERFORMANCE                      -
 -                                                                             -
 -------------------------------------------------------------------------------
 ROUTINE             CALLS      AVE VOLUME [Bytes]
 MP_Group               70
 MP_Bcast               14                     12.
 MP_Allreduce         6655                      8.
 MP_Alltoall          4129                    480.
 MP_Wait             59232
 MP_ISend            19740                    221.
 MP_IRecv            19740                    143.
 MP_Memory           39032
 -------------------------------------------------------------------------------

 MEMORY| Estimated peak process memory [MiB]                                 267

 -------------------------------------------------------------------------------
 -                                                                             -
 -                         MESSAGE PASSING PERFORMANCE                         -
 -                                                                             -
 -------------------------------------------------------------------------------

 ROUTINE             CALLS      AVE VOLUME [Bytes]
 MP_Group                6
 MP_Bcast             1621                3344019.
 MP_Allreduce         2863                   2311.
 MP_Sync                60
 MP_Alltoall          1189                8156552.
 MP_ISendRecv         6420                 121536.
 MP_Wait             11319
 MP_comm_split          55
 MP_ISend             4260                 419801.
 MP_IRecv             4260                 419807.
 MP_Recv                 6                    800.
 -------------------------------------------------------------------------------


 -------------------------------------------------------------------------------
 -                                                                             -
 -                           R E F E R E N C E S                               -
 -                                                                             -
 -------------------------------------------------------------------------------
 
 CP2K version 7.1, the CP2K developers group (2019).
 CP2K is freely available from https://www.cp2k.org/ .

 Schuett, Ole; Messmer, Peter; Hutter, Juerg; VandeVondele, Joost. 
 Electronic Structure Calculations on Graphics Processing Units, John
 Wiley & Sons, Ltd, 173-190 (2016). 
 GPU-Accelerated Sparse Matrix-Matrix Multiplication for
 Linear Scaling Density Functional Theory.
 https://dx.doi.org/10.1002/9781118670712.ch8

 Borstnik, U; VandeVondele, J; Weber, V; Hutter, J. 
 PARALLEL COMPUTING, 40 (5-6), 47-58 (2014). 
 Sparse matrix multiplication: The distributed block-compressed sparse
 row library.
 https://dx.doi.org/10.1016/j.parco.2014.03.012

 Hutter, J; Iannuzzi, M; Schiffmann, F; VandeVondele, J. 
 WIREs Comput Mol Sci., 4 (1), 15-25 (2014). 
 CP2K: atomistic simulations of condensed matter systems.
 https://dx.doi.org/10.1002/wcms.1159

 Frigo, M; Johnson, SG. 
 PROCEEDINGS OF THE IEEE, 93 (2), 216-231 (2005). 
 The design and implementation of FFTW3.
 https://dx.doi.org/10.1109/JPROC.2004.840301

 VandeVondele, J; Hutter, J. 
 JOURNAL OF CHEMICAL PHYSICS, 118 (10), 4365-4369 (2003). 
 An efficient orbital transformation method for electronic structure
 calculations.
 https://dx.doi.org/10.1063/1.1543154

 Lippert, G; Hutter, J; Parrinello, M. 
 THEORETICAL CHEMISTRY ACCOUNTS, 103 (2), 124-140 (1999). 
 The Gaussian and augmented-plane-wave density functional method for ab
 initio molecular dynamics simulations.
 https://dx.doi.org/10.1007/s002140050523

 Krack, M; Parrinello, M. 
 PHYSICAL CHEMISTRY CHEMICAL PHYSICS, 2 (10), 2105-2112 (2000). 
 All-electron ab-initio molecular dynamics.
 https://dx.doi.org/10.1039/b001167n

 Martyna, GJ; Tuckerman, ME. 
 JOURNAL OF CHEMICAL PHYSICS, 110 (6), 2810-2821 (1999). 
 A reciprocal space based method for treating long range interactions in
 ab initio and force-field-based calculations in clusters.
 https://dx.doi.org/10.1063/1.477923

 Perdew, JP; Burke, K; Ernzerhof, M. 
 PHYSICAL REVIEW LETTERS, 77 (18), 3865-3868 (1996). 
 Generalized gradient approximation made simple.
 https://dx.doi.org/10.1103/PhysRevLett.77.3865


 -------------------------------------------------------------------------------
 -                                                                             -
 -                                T I M I N G                                  -
 -                                                                             -
 -------------------------------------------------------------------------------
 SUBROUTINE                       CALLS  ASD         SELF TIME        TOTAL TIME
                                MAXIMUM       AVERAGE  MAXIMUM  AVERAGE  MAXIMUM
 CP2K                                 1  1.0    0.014    0.016   28.836   28.837
 qs_energies                          1  2.0    0.000    0.000   28.251   28.252
 scf_env_do_scf                       1  3.0    0.000    0.000   28.116   28.117
 scf_env_do_scf_inner_loop           53  4.0    0.001    0.003   27.504   27.505
 qs_ks_update_qs_env                 54  5.0    0.000    0.000   23.124   23.125
 rebuild_ks_matrix                   53  6.0    0.000    0.000   23.123   23.124
 qs_ks_build_kohn_sham_matrix        53  7.0    0.006    0.007   23.123   23.124
 pw_transfer                       1226  9.6    0.053    0.060   15.659   16.276
 fft_wrap_pw1pw2                   1067 10.7    0.008    0.008   15.413   16.031
 fft_wrap_pw1pw2_250                638 11.8    1.143    1.228   14.838   15.504
 qs_vxc_create                       53  8.0    0.001    0.001   13.644   13.645
 xc_vxc_pw_create                    53  9.0    0.133    0.146   13.644   13.644
 fft3d_ps                          1067 12.7    7.499    7.840   11.336   11.973
 xc_rho_set_and_dset_create          53 10.0    0.052    0.065    7.808    8.301
 qs_rho_update_rho                   54  5.0    0.000    0.000    4.539    4.539
 calculate_rho_elec                  54  6.0    0.124    0.184    4.528    4.529
 rs_pw_transfer                     641  9.5    0.006    0.006    4.332    4.495
 density_rs2pw                       54  7.0    0.002    0.002    4.101    4.140
 xc_functional_eval                 265 10.7    0.000    0.001    3.486    4.008
 pbe_lda_eval                       265 11.7    3.485    4.007    3.485    4.007
 mp_alltoall_z22v                  1067 14.7    1.913    3.013    1.913    3.013
 sum_up_and_integrate                53  8.0    0.034    0.036    2.967    2.989
 integrate_v_rspace                  53  9.0    0.046    0.082    2.932    2.956
 potential_pw2rs                     53 10.0    0.004    0.005    2.867    2.868
 yz_to_x                            536 13.1    0.779    0.860    2.018    2.825
 prepare_gapw_den                    53  8.0    0.000    0.001    2.627    2.652
 put_rho0_on_grid                    53  9.0    0.066    0.079    2.433    2.458
 rs_pw_transfer_PW2RS_250           106 11.0    1.036    1.058    1.849    1.972
 x_to_yz                            531 14.3    1.131    1.209    1.805    1.916
 pw_gather_p                        536 12.1    1.709    1.836    1.709    1.836
 rs_pw_transfer_RS2PW_250           107 10.0    1.068    1.101    1.748    1.793
 mp_waitany                        4260 11.5    1.134    1.308    1.134    1.308
 pw_scatter_p                       531 13.3    1.171    1.225    1.171    1.225
 integrate_vhg0_rspace               53  8.0    0.011    0.018    1.164    1.213
 mp_sum_d                          1918  8.3    0.763    1.018    0.763    1.018
 pw_derive                          318 10.5    0.833    0.887    0.833    0.887
 rs_grid_zero                       482  8.6    0.765    0.791    0.765    0.791
 pw_poisson_solve                    53  8.0    0.352    0.357    0.676    0.676
 pw_copy                            742 10.5    0.598    0.656    0.598    0.656
 init_scf_loop                        1  4.0    0.000    0.000    0.611    0.611
 calculate_vxc_atom                  53  8.0    0.018    0.084    0.609    0.609
 -------------------------------------------------------------------------------

 The number of warnings for this run is : 1
 
 -------------------------------------------------------------------------------
  **** **** ******  **  PROGRAM ENDED AT                 2021-07-19 08:51:00.508
 ***** ** ***  *** **   PROGRAM RAN ON                                     n1233
 **    ****   ******    PROGRAM RAN BY                                 ka_bh5670
 ***** **    ** ** **   PROGRAM PROCESS ID                               2130999
  **** **  *******  **  PROGRAM STOPPED IN /tmp/ka_bh5670.3062155/bh5670/sim/000
                                           002
